513
4.186023971181e-02
9.754966309535e-02 9.754966309535e-02 9.904383506609e-01
6.488824216825e-02
-9.754966309535e-02 9.754966309535e-02 9.904383506609e-01
4.549653570297e-02
-9.754966309535e-02 -9.754966309535e-02 9.904383506609e-01
4.055464097133e-02
9.754966309535e-02 -9.754966309535e-02 9.904383506609e-01
1.168945812133e-02
2.882087470797e-01 1.193799718350e-01 9.500969110735e-01
4.256430940020e-02
1.601449967080e-01 1.601449967080e-01 9.740159957921e-01
2.924863834951e-02
1.193799718350e-01 2.882087470797e-01 9.500969110735e-01
5.485272167562e-02
-1.193799718350e-01 2.882087470797e-01 9.500969110735e-01
9.092159176076e-02
-1.601449967080e-01 1.601449967080e-01 9.740159957921e-01
2.983206230275e-02
-2.882087470797e-01 1.193799718350e-01 9.500969110735e-01
1.680379805354e-02
-2.882087470797e-01 -1.193799718350e-01 9.500969110735e-01
4.695123664279e-02
-1.601449967080e-01 -1.601449967080e-01 9.740159957921e-01
2.389931757449e-02
-1.193799718350e-01 -2.882087470797e-01 9.500969110735e-01
3.166395061502e-02
1.193799718350e-01 -2.882087470797e-01 9.500969110735e-01
4.762068343097e-02
1.601449967080e-01 -1.601449967080e-01 9.740159957921e-01
1.469792874148e-02
2.882087470797e-01 -1.193799718350e-01 9.500969110735e-01
3.582941253956e-03
4.676807377994e-01 1.253146760089e-01 8.749691191512e-01
5.856193622037e-03
3.919257715109e-01 1.623409700034e-01 9.055603784861e-01
4.377366633054e-03
3.639082454411e-01 3.639082454411e-01 8.574039758480e-01
1.645308421439e-02
1.623409700034e-01 3.919257715109e-01 9.055603784861e-01
1.182418580661e-02
1.253146760089e-01 4.676807377994e-01 8.749691191512e-01
1.693844648676e-02
-1.253146760089e-01 4.676807377994e-01 8.749691191512e-01
3.104145070459e-02
-1.623409700034e-01 3.919257715109e-01 9.055603784861e-01
7.166412633553e-03
-3.639082454411e-01 3.639082454411e-01 8.574039758480e-01
1.350900845442e-02
-3.919257715109e-01 1.623409700034e-01 9.055603784861e-01
6.274398167503e-03
-4.676807377994e-01 1.253146760089e-01 8.749691191512e-01
4.640747755541e-03
-4.676807377994e-01 -1.253146760089e-01 8.749691191512e-01
7.481447007305e-03
-3.919257715109e-01 -1.623409700034e-01 9.055603784861e-01
3.460266031194e-03
-3.639082454411e-01 -3.639082454411e-01 8.574039758480e-01
1.273426217227e-02
-1.623409700034e-01 -3.919257715109e-01 9.055603784861e-01
8.849113099235e-03
-1.253146760089e-01 -4.676807377994e-01 8.749691191512e-01
1.490541476424e-02
1.253146760089e-01 -4.676807377994e-01 8.749691191512e-01
2.262964918359e-02
1.623409700034e-01 -3.919257715109e-01 9.055603784861e-01
7.412655620853e-03
3.639082454411e-01 -3.639082454411e-01 8.574039758480e-01
7.753277127387e-03
3.919257715109e-01 -1.623409700034e-01 9.055603784861e-01
3.998701431243e-03
4.676807377994e-01 -1.253146760089e-01 8.749691191512e-01
3.819524407074e-03
6.294019098545e-01 1.251958239224e-01 7.669284461695e-01
3.773361013151e-03
5.826978829809e-01 1.561334271760e-01 7.975497038354e-01
4.463914916329e-03
5.540975440982e-01 3.702361422900e-01 7.455877618138e-01
4.481006742901e-03
4.167473548937e-01 4.167473548937e-01 8.078634070053e-01
4.507532574222e-03
3.702361422900e-01 5.540975440982e-01 7.455877618138e-01
6.527161725164e-03
1.561334271760e-01 5.826978829809e-01 7.975497038354e-01
5.057465581056e-03
1.251958239224e-01 6.294019098545e-01 7.669284461695e-01
4.179754518728e-03
-1.251958239224e-01 6.294019098545e-01 7.669284461695e-01
6.181834192178e-03
-1.561334271760e-01 5.826978829809e-01 7.975497038354e-01
2.107504435250e-03
-3.702361422900e-01 5.540975440982e-01 7.455877618138e-01
3.940051796177e-03
-4.167473548937e-01 4.167473548937e-01 8.078634070053e-01
1.606743300933e-03
-5.540975440982e-01 3.702361422900e-01 7.455877618138e-01
3.462037395360e-03
-5.826978829809e-01 1.561334271760e-01 7.975497038354e-01
3.184430156931e-03
-6.294019098545e-01 1.251958239224e-01 7.669284461695e-01
4.426516122876e-03
-6.294019098545e-01 -1.251958239224e-01 7.669284461695e-01
4.103865815758e-03
-5.826978829809e-01 -1.561334271760e-01 7.975497038354e-01
2.896595470798e-03
-5.540975440982e-01 -3.702361422900e-01 7.455877618138e-01
2.989712215638e-03
-4.167473548937e-01 -4.167473548937e-01 8.078634070053e-01
2.515409825374e-03
-3.702361422900e-01 -5.540975440982e-01 7.455877618138e-01
4.782880736220e-03
-1.561334271760e-01 -5.826978829809e-01 7.975497038354e-01
3.892498868067e-03
-1.251958239224e-01 -6.294019098545e-01 7.669284461695e-01
5.968955088967e-03
1.251958239224e-01 -6.294019098545e-01 7.669284461695e-01
8.636952589602e-03
1.561334271760e-01 -5.826978829809e-01 7.975497038354e-01
6.004863752358e-03
3.702361422900e-01 -5.540975440982e-01 7.455877618138e-01
6.483980781846e-03
4.167473548937e-01 -4.167473548937e-01 8.078634070053e-01
3.124357493381e-03
5.540975440982e-01 -3.702361422900e-01 7.455877618138e-01
2.898703000765e-03
5.826978829809e-01 -1.561334271760e-01 7.975497038354e-01
2.598972480326e-03
6.294019098545e-01 -1.251958239224e-01 7.669284461695e-01
8.721873960078e-03
7.672811492985e-01 1.215253954032e-01 6.296913658319e-01
8.491720068735e-03
7.391018449059e-01 1.470164977049e-01 6.573542517237e-01
1.148456532925e-02
7.068204811699e-01 3.601430233799e-01 6.088528640891e-01
7.961265992381e-03
6.161513066557e-01 4.116991408334e-01 6.714621245786e-01
9.535652254596e-03
5.648368665729e-01 5.648368665729e-01 6.015967323051e-01
6.525890193687e-03
4.116991408334e-01 6.161513066557e-01 6.714621245786e-01
7.092219767909e-03
3.601430233799e-01 7.068204811699e-01 6.088528640891e-01
4.023811410684e-03
1.470164977049e-01 7.391018449059e-01 6.573542517237e-01
3.357084162048e-03
1.215253954032e-01 7.672811492985e-01 6.296913658319e-01
1.770316366726e-03
-1.215253954032e-01 7.672811492985e-01 6.296913658319e-01
2.021950959289e-03
-1.470164977049e-01 7.391018449059e-01 6.573542517237e-01
1.408636029341e-03
-3.601430233799e-01 7.068204811699e-01 6.088528640891e-01
1.503670203996e-03
-4.116991408334e-01 6.161513066557e-01 6.714621245786e-01
1.108731021264e-03
-5.648368665729e-01 5.648368665729e-01 6.015967323051e-01
1.269593145005e-03
-6.161513066557e-01 4.116991408334e-01 6.714621245786e-01
1.382264608064e-03
-7.068204811699e-01 3.601430233799e-01 6.088528640891e-01
4.373719259537e-03
-7.391018449059e-01 1.470164977049e-01 6.573542517237e-01
5.499655181617e-03
-7.672811492985e-01 1.215253954032e-01 6.296913658319e-01
1.415614941467e-02
-7.672811492985e-01 -1.215253954032e-01 6.296913658319e-01
1.178217798414e-02
-7.391018449059e-01 -1.470164977049e-01 6.573542517237e-01
9.105045700827e-03
-7.068204811699e-01 -3.601430233799e-01 6.088528640891e-01
4.745163944873e-03
-6.161513066557e-01 -4.116991408334e-01 6.714621245786e-01
4.406137937773e-03
-5.648368665729e-01 -5.648368665729e-01 6.015967323051e-01
3.196459900712e-03
-4.116991408334e-01 -6.161513066557e-01 6.714621245786e-01
3.568891028380e-03
-3.601430233799e-01 -7.068204811699e-01 6.088528640891e-01
2.872356501603e-03
-1.470164977049e-01 -7.391018449059e-01 6.573542517237e-01
2.489586536680e-03
-1.215253954032e-01 -7.672811492985e-01 6.296913658319e-01
2.587707132556e-03
1.215253954032e-01 -7.672811492985e-01 6.296913658319e-01
3.379172478368e-03
1.470164977049e-01 -7.391018449059e-01 6.573542517237e-01
4.903921933218e-03
3.601430233799e-01 -7.068204811699e-01 6.088528640891e-01
6.127535608770e-03
4.116991408334e-01 -6.161513066557e-01 6.714621245786e-01
5.216552609396e-03
5.648368665729e-01 -5.648368665729e-01 6.015967323051e-01
3.374113634200e-03
6.161513066557e-01 -4.116991408334e-01 6.714621245786e-01
2.666663461221e-03
7.068204811699e-01 -3.601430233799e-01 6.088528640891e-01
3.319683797605e-03
7.391018449059e-01 -1.470164977049e-01 6.573542517237e-01
3.600320421364e-03
7.672811492985e-01 -1.215253954032e-01 6.296913658319e-01
1.377095559166e-02
8.760361683356e-01 1.153323495383e-01 4.682510874711e-01
1.562200728330e-02
8.601281586402e-01 1.362309170136e-01 4.915492731800e-01
1.811992763805e-02
8.251449107228e-01 3.417862129445e-01 4.497978000716e-01
1.845135044228e-02
7.686052897440e-01 3.916239557406e-01 5.058424516267e-01
1.675094568119e-02
7.122991943291e-01 5.465663953244e-01 4.403351374353e-01
1.618812636252e-02
6.080166031672e-01 6.080166031672e-01 5.105209305662e-01
1.976979115729e-02
5.465663953244e-01 7.122991943291e-01 4.403351374353e-01
1.326800054810e-02
3.916239557406e-01 7.686052897440e-01 5.058424516267e-01
1.290063047292e-02
3.417862129445e-01 8.251449107228e-01 4.497978000716e-01
4.302699716829e-03
1.362309170136e-01 8.601281586402e-01 4.915492731800e-01
3.731134373574e-03
1.153323495383e-01 8.760361683356e-01 4.682510874711e-01
1.880425675900e-03
-1.153323495383e-01 8.760361683356e-01 4.682510874711e-01
1.904375238102e-03
-1.362309170136e-01 8.601281586402e-01 4.915492731800e-01
3.129533906207e-03
-3.417862129445e-01 8.251449107228e-01 4.497978000716e-01
2.444284219976e-03
-3.916239557406e-01 7.686052897440e-01 5.058424516267e-01
4.402066950130e-03
-5.465663953244e-01 7.122991943291e-01 4.403351374353e-01
1.933509179923e-03
-6.080166031672e-01 6.080166031672e-01 5.105209305662e-01
2.304620025761e-03
-7.122991943291e-01 5.465663953244e-01 4.403351374353e-01
1.832328713374e-03
-7.686052897440e-01 3.916239557406e-01 5.058424516267e-01
2.440237203389e-03
-8.251449107228e-01 3.417862129445e-01 4.497978000716e-01
1.033111721861e-02
-8.601281586402e-01 1.362309170136e-01 4.915492731800e-01
1.206005561611e-02
-8.760361683356e-01 1.153323495383e-01 4.682510874711e-01
4.219249542093e-02
-8.760361683356e-01 -1.153323495383e-01 4.682510874711e-01
4.255512786820e-02
-8.601281586402e-01 -1.362309170136e-01 4.915492731800e-01
2.763273289922e-02
-8.251449107228e-01 -3.417862129445e-01 4.497978000716e-01
1.812192307786e-02
-7.686052897440e-01 -3.916239557406e-01 5.058424516267e-01
1.076608395858e-02
-7.122991943291e-01 -5.465663953244e-01 4.403351374353e-01
7.727393778368e-03
-6.080166031672e-01 -6.080166031672e-01 5.105209305662e-01
1.001675587168e-02
-5.465663953244e-01 -7.122991943291e-01 4.403351374353e-01
6.974810731718e-03
-3.916239557406e-01 -7.686052897440e-01 5.058424516267e-01
8.070570203059e-03
-3.417862129445e-01 -8.251449107228e-01 4.497978000716e-01
3.031216817875e-03
-1.362309170136e-01 -8.601281586402e-01 4.915492731800e-01
2.694849927342e-03
-1.153323495383e-01 -8.760361683356e-01 4.682510874711e-01
1.644646663723e-03
1.153323495383e-01 -8.760361683356e-01 4.682510874711e-01
1.892750880242e-03
1.362309170136e-01 -8.601281586402e-01 4.915492731800e-01
4.177885979112e-03
3.417862129445e-01 -8.251449107228e-01 4.497978000716e-01
5.925410385929e-03
3.916239557406e-01 -7.686052897440e-01 5.058424516267e-01
1.130158936058e-02
5.465663953244e-01 -7.122991943291e-01 4.403351374353e-01
8.096647643420e-03
6.080166031672e-01 -6.080166031672e-01 5.105209305662e-01
6.950512518674e-03
7.122991943291e-01 -5.465663953244e-01 4.403351374353e-01
3.445764301085e-03
7.686052897440e-01 -3.916239557406e-01 5.058424516267e-01
3.128417431417e-03
8.251449107228e-01 -3.417862129445e-01 4.497978000716e-01
4.868485212419e-03
8.601281586402e-01 -1.362309170136e-01 4.915492731800e-01
5.038363022821e-03
8.760361683356e-01 -1.153323495383e-01 4.682510874711e-01
1.023773614207e-02
9.514259489692e-01 1.071999587676e-01 2.886119063178e-01
1.216579177675e-02
9.435493257921e-01 1.242206253374e-01 3.070568449620e-01
1.077668209859e-02
9.079183105646e-01 3.176943572541e-01 2.734129417392e-01
1.398564761516e-02
8.754336959030e-01 3.626165098014e-01 3.195701971352e-01
9.982478779164e-03
8.166418539992e-01 5.131300862176e-01 2.641847779778e-01
1.563810884672e-02
7.500752876024e-01 5.755530111934e-01 3.257695416003e-01
1.769508588191e-02
6.825802229792e-01 6.825802229792e-01 2.610909389377e-01
2.848882391436e-02
5.755530111934e-01 7.500752876024e-01 3.257695416003e-01
3.247949976620e-02
5.131300862176e-01 8.166418539992e-01 2.641847779778e-01
2.347640642150e-02
3.626165098014e-01 8.754336959030e-01 3.195701971352e-01
1.912313312853e-02
3.176943572541e-01 9.079183105646e-01 2.734129417392e-01
6.076604735366e-03
1.242206253374e-01 9.435493257921e-01 3.070568449620e-01
5.281574321156e-03
1.071999587676e-01 9.514259489692e-01 2.886119063178e-01
3.794758538892e-03
-1.071999587676e-01 9.514259489692e-01 2.886119063178e-01
3.984165881734e-03
-1.242206253374e-01 9.435493257921e-01 3.070568449620e-01
1.411428449653e-02
-3.176943572541e-01 9.079183105646e-01 2.734129417392e-01
1.322123481894e-02
-3.626165098014e-01 8.754336959030e-01 3.195701971352e-01
5.052687832529e-02
-5.131300862176e-01 8.166418539992e-01 2.641847779778e-01
2.212539126075e-02
-5.755530111934e-01 7.500752876024e-01 3.257695416003e-01
2.782410579358e-02
-6.825802229792e-01 6.825802229792e-01 2.610909389377e-01
6.342961295084e-03
-7.500752876024e-01 5.755530111934e-01 3.257695416003e-01
4.981396556911e-03
-8.166418539992e-01 5.131300862176e-01 2.641847779778e-01
3.057696978282e-03
-8.754336959030e-01 3.626165098014e-01 3.195701971352e-01
3.064457215959e-03
-9.079183105646e-01 3.176943572541e-01 2.734129417392e-01
1.176729487353e-02
-9.435493257921e-01 1.242206253374e-01 3.070568449620e-01
1.162197824262e-02
-9.514259489692e-01 1.071999587676e-01 2.886119063178e-01
3.962981079255e-02
-9.514259489692e-01 -1.071999587676e-01 2.886119063178e-01
4.773887518238e-02
-9.435493257921e-01 -1.242206253374e-01 3.070568449620e-01
2.897766240590e-02
-9.079183105646e-01 -3.176943572541e-01 2.734129417392e-01
2.888054426330e-02
-8.754336959030e-01 -3.626165098014e-01 3.195701971352e-01
1.159330500331e-02
-8.166418539992e-01 -5.131300862176e-01 2.641847779778e-01
1.234692230877e-02
-7.500752876024e-01 -5.755530111934e-01 3.257695416003e-01
1.284072124047e-02
-6.825802229792e-01 -6.825802229792e-01 2.610909389377e-01
1.858515552329e-02
-5.755530111934e-01 -7.500752876024e-01 3.257695416003e-01
2.930422779611e-02
-5.131300862176e-01 -8.166418539992e-01 2.641847779778e-01
2.248251690202e-02
-3.626165098014e-01 -8.754336959030e-01 3.195701971352e-01
2.382725076692e-02
-3.176943572541e-01 -9.079183105646e-01 2.734129417392e-01
5.782522363518e-03
-1.242206253374e-01 -9.435493257921e-01 3.070568449620e-01
5.128069681727e-03
-1.071999587676e-01 -9.514259489692e-01 2.886119063178e-01
1.910777935180e-03
1.071999587676e-01 -9.514259489692e-01 2.886119063178e-01
1.996377824647e-03
1.242206253374e-01 -9.435493257921e-01 3.070568449620e-01
4.162128997525e-03
3.176943572541e-01 -9.079183105646e-01 2.734129417392e-01
5.919786677013e-03
3.626165098014e-01 -8.754336959030e-01 3.195701971352e-01
1.946777081015e-02
5.131300862176e-01 -8.166418539992e-01 2.641847779778e-01
2.217720652026e-02
5.755530111934e-01 -7.500752876024e-01 3.257695416003e-01
2.798792181636e-02
6.825802229792e-01 -6.825802229792e-01 2.610909389377e-01
1.302633879116e-02
7.500752876024e-01 -5.755530111934e-01 3.257695416003e-01
9.709872397935e-03
8.166418539992e-01 -5.131300862176e-01 2.641847779778e-01
4.332543771067e-03
8.754336959030e-01 -3.626165098014e-01 3.195701971352e-01
4.003706679510e-03
9.079183105646e-01 -3.176943572541e-01 2.734129417392e-01
5.457213856095e-03
9.435493257921e-01 -1.242206253374e-01 3.070568449620e-01
5.277212957494e-03
9.514259489692e-01 -1.071999587676e-01 2.886119063178e-01
7.132039263792e-03
9.904383506609e-01 9.754966309535e-02 9.754966309535e-02
7.964071483113e-03
9.875415564011e-01 1.112692104332e-01 1.112692104332e-01
5.209884484743e-03
9.534076362023e-01 2.892130445679e-01 8.584692238504e-02
5.936390577861e-03
9.369320803932e-01 3.278467144100e-01 1.211396243213e-01
3.902541542694e-03
8.792329959207e-01 4.699598274150e-01 7.801986606203e-02
5.644309208233e-03
8.398628335694e-01 5.277207947278e-01 1.270479578768e-01
6.471059374372e-03
7.708853463782e-01 6.326492539332e-01 7.409928634720e-02
1.402544662400e-02
7.011972415210e-01 7.011972415210e-01 1.290149486172e-01
1.973703715340e-02
6.326492539332e-01 7.708853463782e-01 7.409928634720e-02
3.717195911558e-02
5.277207947278e-01 8.398628335694e-01 1.270479578768e-01
3.520393706226e-02
4.699598274150e-01 8.792329959207e-01 7.801986606203e-02
2.539974403971e-02
3.278467144100e-01 9.369320803932e-01 1.211396243213e-01
1.842211349823e-02
2.892130445679e-01 9.534076362023e-01 8.584692238504e-02
7.534960144155e-03
1.112692104332e-01 9.875415564011e-01 1.112692104332e-01
6.468854028536e-03
9.754966309535e-02 9.904383506609e-01 9.754966309535e-02
7.386365848483e-03
-9.754966309535e-02 9.904383506609e-01 9.754966309535e-02
8.540988767325e-03
-1.112692104332e-01 9.875415564011e-01 1.112692104332e-01
4.608479292813e-02
-2.892130445679e-01 9.534076362023e-01 8.584692238504e-02
6.362800782088e-02
-3.278467144100e-01 9.369320803932e-01 1.211396243213e-01
3.505727390948e-01
-4.699598274150e-01 8.792329959207e-01 7.801986606203e-02
3.269827138224e-01
-5.277207947278e-01 8.398628335694e-01 1.270479578768e-01
4.224809647758e-01
-6.326492539332e-01 7.708853463782e-01 7.409928634719e-02
1.292704387032e-01
-7.011972415210e-01 7.011972415210e-01 1.290149486172e-01
5.626243780253e-02
-7.708853463782e-01 6.326492539332e-01 7.409928634720e-02
9.861874888658e-03
-8.398628335694e-01 5.277207947278e-01 1.270479578768e-01
4.894454122999e-03
-8.792329959207e-01 4.699598274150e-01 7.801986606203e-02
2.501212474864e-03
-9.369320803932e-01 3.278467144100e-01 1.211396243213e-01
2.089232557328e-03
-9.534076362023e-01 2.892130445679e-01 8.584692238504e-02
5.677996910403e-03
-9.875415564011e-01 1.112692104332e-01 1.112692104332e-01
5.227972026565e-03
-9.904383506609e-01 9.754966309535e-02 9.754966309535e-02
1.488335406943e-02
-9.904383506609e-01 -9.754966309535e-02 9.754966309535e-02
1.850065521817e-02
-9.875415564011e-01 -1.112692104332e-01 1.112692104332e-01
1.332252793632e-02
-9.534076362023e-01 -2.892130445679e-01 8.584692238504e-02
1.518260650777e-02
-9.369320803932e-01 -3.278467144100e-01 1.211396243213e-01
6.276598198764e-03
-8.792329959207e-01 -4.699598274150e-01 7.801986606203e-02
7.327928533450e-03
-8.398628335694e-01 -5.277207947278e-01 1.270479578768e-01
6.391930390593e-03
-7.708853463782e-01 -6.326492539332e-01 7.409928634720e-02
1.269355475375e-02
-7.011972415210e-01 -7.011972415210e-01 1.290149486172e-01
2.235829454084e-02
-6.326492539332e-01 -7.708853463782e-01 7.409928634719e-02
5.471051128950e-02
-5.277207947278e-01 -8.398628335694e-01 1.270479578768e-01
7.993189842060e-02
-4.699598274150e-01 -8.792329959207e-01 7.801986606203e-02
7.199189483684e-02
-3.278467144100e-01 -9.369320803932e-01 1.211396243213e-01
6.612760383836e-02
-2.892130445679e-01 -9.534076362023e-01 8.584692238503e-02
1.576818352407e-02
-1.112692104332e-01 -9.875415564011e-01 1.112692104332e-01
1.356635836963e-02
-9.754966309535e-02 -9.904383506609e-01 9.754966309535e-02
3.792125652151e-03
9.754966309535e-02 -9.904383506609e-01 9.754966309535e-02
3.842790457163e-03
1.112692104332e-01 -9.875415564011e-01 1.112692104332e-01
5.156102350849e-03
2.892130445679e-01 -9.534076362023e-01 8.584692238504e-02
6.686536561408e-03
3.278467144100e-01 -9.369320803932e-01 1.211396243213e-01
2.171774662986e-02
4.699598274150e-01 -8.792329959207e-01 7.801986606203e-02
3.446678367352e-02
5.277207947278e-01 -8.398628335694e-01 1.270479578768e-01
6.171538443900e-02
6.326492539332e-01 -7.708853463782e-01 7.409928634719e-02
5.634004321448e-02
7.011972415210e-01 -7.011972415210e-01 1.290149486172e-01
4.559716133422e-02
7.708853463782e-01 -6.326492539332e-01 7.409928634719e-02
1.962237905894e-02
8.398628335694e-01 -5.277207947278e-01 1.270479578768e-01
1.488402430353e-02
8.792329959207e-01 -4.699598274150e-01 7.801986606203e-02
7.055596233657e-03
9.369320803932e-01 -3.278467144100e-01 1.211396243213e-01
6.805911642454e-03
9.534076362023e-01 -2.892130445679e-01 8.584692238504e-02
6.829968130028e-03
9.875415564011e-01 -1.112692104332e-01 1.112692104332e-01
6.426482073792e-03
9.904383506609e-01 -9.754966309535e-02 9.754966309535e-02
1.061786914841e-02
9.904383506609e-01 9.754966309535e-02 -9.754966309535e-02
1.199039736919e-02
9.875415564011e-01 1.112692104332e-01 -1.112692104332e-01
4.966017609772e-03
9.534076362023e-01 2.892130445679e-01 -8.584692238504e-02
5.087881397415e-03
9.369320803932e-01 3.278467144100e-01 -1.211396243213e-01
3.096791101300e-03
8.792329959207e-01 4.699598274150e-01 -7.801986606203e-02
3.819729617893e-03
8.398628335694e-01 5.277207947278e-01 -1.270479578768e-01
5.187380763439e-03
7.708853463782e-01 6.326492539332e-01 -7.409928634720e-02
1.033956445480e-02
7.011972415210e-01 7.011972415210e-01 -1.290149486172e-01
1.701147640531e-02
6.326492539332e-01 7.708853463782e-01 -7.409928634720e-02
3.122560911785e-02
5.277207947278e-01 8.398628335694e-01 -1.270479578768e-01
3.169762070747e-02
4.699598274150e-01 8.792329959207e-01 -7.801986606203e-02
2.256197152609e-02
3.278467144100e-01 9.369320803932e-01 -1.211396243213e-01
1.695411542947e-02
2.892130445679e-01 9.534076362023e-01 -8.584692238504e-02
7.682681437415e-03
1.112692104332e-01 9.875415564011e-01 -1.112692104332e-01
6.658253182861e-03
9.754966309535e-02 9.904383506609e-01 -9.754966309535e-02
1.020369005989e-02
-9.754966309535e-02 9.904383506609e-01 -9.754966309535e-02
1.271842184422e-02
-1.112692104332e-01 9.875415564011e-01 -1.112692104332e-01
8.771888359619e-02
-2.892130445679e-01 9.534076362023e-01 -8.584692238504e-02
1.721665359064e-01
-3.278467144100e-01 9.369320803932e-01 -1.211396243213e-01
8.105163897863e-01
-4.699598274150e-01 8.792329959207e-01 -7.801986606203e-02
1.316143458332e+00
-5.277207947278e-01 8.398628335694e-01 -1.270479578768e-01
9.486548389594e-01
-6.326492539332e-01 7.708853463782e-01 -7.409928634719e-02
4.345729494980e-01
-7.011972415210e-01 7.011972415210e-01 -1.290149486172e-01
9.844751758353e-02
-7.708853463782e-01 6.326492539332e-01 -7.409928634720e-02
1.676135542985e-02
-8.398628335694e-01 5.277207947278e-01 -1.270479578768e-01
5.822667649384e-03
-8.792329959207e-01 4.699598274150e-01 -7.801986606203e-02
2.063309467090e-03
-9.369320803932e-01 3.278467144100e-01 -1.211396243213e-01
1.670362781606e-03
-9.534076362023e-01 2.892130445679e-01 -8.584692238504e-02
3.208775014090e-03
-9.875415564011e-01 1.112692104332e-01 -1.112692104332e-01
3.107658759320e-03
-9.904383506609e-01 9.754966309535e-02 -9.754966309535e-02
8.229816197504e-03
-9.904383506609e-01 -9.754966309535e-02 -9.754966309535e-02
9.504016854446e-03
-9.875415564011e-01 -1.112692104332e-01 -1.112692104332e-01
8.088613663196e-03
-9.534076362023e-01 -2.892130445679e-01 -8.584692238504e-02
7.812092121013e-03
-9.369320803932e-01 -3.278467144100e-01 -1.211396243213e-01
4.225510179819e-03
-8.792329959207e-01 -4.699598274150e-01 -7.801986606203e-02
4.172585205714e-03
-8.398628335694e-01 -5.277207947278e-01 -1.270479578768e-01
4.935079925598e-03
-7.708853463782e-01 -6.326492539332e-01 -7.409928634720e-02
9.786023641547e-03
-7.011972415210e-01 -7.011972415210e-01 -1.290149486172e-01
2.179896461440e-02
-6.326492539332e-01 -7.708853463782e-01 -7.409928634719e-02
7.481265787268e-02
-5.277207947278e-01 -8.398628335694e-01 -1.270479578768e-01
1.110391541783e-01
-4.699598274150e-01 -8.792329959207e-01 -7.801986606203e-02
1.814270874774e-01
-3.278467144100e-01 -9.369320803932e-01 -1.211396243213e-01
1.379744643553e-01
-2.892130445679e-01 -9.534076362023e-01 -8.584692238503e-02
5.053954817352e-02
-1.112692104332e-01 -9.875415564011e-01 -1.112692104332e-01
3.806233470524e-02
-9.754966309535e-02 -9.904383506609e-01 -9.754966309535e-02
9.444445594515e-03
9.754966309535e-02 -9.904383506609e-01 -9.754966309535e-02
1.058290312388e-02
1.112692104332e-01 -9.875415564011e-01 -1.112692104332e-01
8.691448334683e-03
2.892130445679e-01 -9.534076362023e-01 -8.584692238504e-02
1.269756297650e-02
3.278467144100e-01 -9.369320803932e-01 -1.211396243213e-01
2.834661071090e-02
4.699598274150e-01 -8.792329959207e-01 -7.801986606203e-02
5.095014419188e-02
5.277207947278e-01 -8.398628335694e-01 -1.270479578768e-01
8.073635419330e-02
6.326492539332e-01 -7.708853463782e-01 -7.409928634719e-02
1.050736832523e-01
7.011972415210e-01 -7.011972415210e-01 -1.290149486172e-01
7.495280362973e-02
7.708853463782e-01 -6.326492539332e-01 -7.409928634719e-02
6.117669274774e-02
8.398628335694e-01 -5.277207947278e-01 -1.270479578768e-01
3.322893975690e-02
8.792329959207e-01 -4.699598274150e-01 -7.801986606203e-02
2.773714595161e-02
9.369320803932e-01 -3.278467144100e-01 -1.211396243213e-01
1.820169210386e-02
9.534076362023e-01 -2.892130445679e-01 -8.584692238504e-02
1.892165487323e-02
9.875415564011e-01 -1.112692104332e-01 -1.112692104332e-01
1.537976448890e-02
9.904383506609e-01 -9.754966309535e-02 -9.754966309535e-02
2.407075149773e-02
9.514259489692e-01 1.071999587676e-01 -2.886119063178e-01
2.599644623071e-02
9.435493257921e-01 1.242206253374e-01 -3.070568449620e-01
8.042470297508e-03
9.079183105646e-01 3.176943572541e-01 -2.734129417392e-01
8.544118299290e-03
8.754336959030e-01 3.626165098014e-01 -3.195701971352e-01
5.170152766654e-03
8.166418539992e-01 5.131300862176e-01 -2.641847779778e-01
8.377672889862e-03
7.500752876024e-01 5.755530111934e-01 -3.257695416003e-01
1.130747121110e-02
6.825802229792e-01 6.825802229792e-01 -2.610909389377e-01
2.313126104447e-02
5.755530111934e-01 7.500752876024e-01 -3.257695416003e-01
2.695687026622e-02
5.131300862176e-01 8.166418539992e-01 -2.641847779778e-01
2.291367499977e-02
3.626165098014e-01 8.754336959030e-01 -3.195701971352e-01
1.768789051397e-02
3.176943572541e-01 9.079183105646e-01 -2.734129417392e-01
7.271108348649e-03
1.242206253374e-01 9.435493257921e-01 -3.070568449620e-01
6.367177936970e-03
1.071999587676e-01 9.514259489692e-01 -2.886119063178e-01
9.741876258911e-03
-1.071999587676e-01 9.514259489692e-01 -2.886119063178e-01
1.166062266841e-02
-1.242206253374e-01 9.435493257921e-01 -3.070568449620e-01
9.936938941830e-02
-3.176943572541e-01 9.079183105646e-01 -2.734129417392e-01
1.422126365927e-01
-3.626165098014e-01 8.754336959030e-01 -3.195701971352e-01
6.408319869703e-01
-5.131300862176e-01 8.166418539992e-01 -2.641847779778e-01
3.806970503009e-01
-5.755530111934e-01 7.500752876024e-01 -3.257695416003e-01
2.499513638737e-01
-6.825802229792e-01 6.825802229792e-01 -2.610909389377e-01
4.048143793581e-02
-7.500752876024e-01 5.755530111934e-01 -3.257695416003e-01
1.445018143903e-02
-8.166418539992e-01 5.131300862176e-01 -2.641847779778e-01
3.738911441308e-03
-8.754336959030e-01 3.626165098014e-01 -3.195701971352e-01
2.543907811529e-03
-9.079183105646e-01 3.176943572541e-01 -2.734129417392e-01
4.802504070389e-03
-9.435493257921e-01 1.242206253374e-01 -3.070568449620e-01
4.477976423958e-03
-9.514259489692e-01 1.071999587676e-01 -2.886119063178e-01
1.246156060521e-02
-9.514259489692e-01 -1.071999587676e-01 -2.886119063178e-01
1.515987784862e-02
-9.435493257921e-01 -1.242206253374e-01 -3.070568449620e-01
9.745746653469e-03
-9.079183105646e-01 -3.176943572541e-01 -2.734129417392e-01
1.009755761543e-02
-8.754336959030e-01 -3.626165098014e-01 -3.195701971352e-01
4.718082654979e-03
-8.166418539992e-01 -5.131300862176e-01 -2.641847779778e-01
5.828282442952e-03
-7.500752876024e-01 -5.755530111934e-01 -3.257695416003e-01
8.663547919687e-03
-6.825802229792e-01 -6.825802229792e-01 -2.610909389377e-01
2.241011007077e-02
-5.755530111934e-01 -7.500752876024e-01 -3.257695416003e-01
5.343789268613e-02
-5.131300862176e-01 -8.166418539992e-01 -2.641847779778e-01
1.196013114752e-01
-3.626165098014e-01 -8.754336959030e-01 -3.195701971352e-01
1.451068407261e-01
-3.176943572541e-01 -9.079183105646e-01 -2.734129417392e-01
7.868030401045e-02
-1.242206253374e-01 -9.435493257921e-01 -3.070568449620e-01
6.527626409245e-02
-1.071999587676e-01 -9.514259489692e-01 -2.886119063178e-01
1.795474133948e-02
1.071999587676e-01 -9.514259489692e-01 -2.886119063178e-01
1.907892224270e-02
1.242206253374e-01 -9.435493257921e-01 -3.070568449620e-01
1.535431695106e-02
3.176943572541e-01 -9.079183105646e-01 -2.734129417392e-01
2.044971733421e-02
3.626165098014e-01 -8.754336959030e-01 -3.195701971352e-01
4.222713016910e-02
5.131300862176e-01 -8.166418539992e-01 -2.641847779778e-01
5.896333922057e-02
5.755530111934e-01 -7.500752876024e-01 -3.257695416003e-01
8.928192367079e-02
6.825802229792e-01 -6.825802229792e-01 -2.610909389377e-01
9.042378348532e-02
7.500752876024e-01 -5.755530111934e-01 -3.257695416003e-01
7.873942458394e-02
8.166418539992e-01 -5.131300862176e-01 -2.641847779778e-01
7.410082807764e-02
8.754336959030e-01 -3.626165098014e-01 -3.195701971352e-01
5.663404359254e-02
9.079183105646e-01 -3.176943572541e-01 -2.734129417392e-01
5.599977941841e-02
9.435493257921e-01 -1.242206253374e-01 -3.070568449620e-01
4.633908487788e-02
9.514259489692e-01 -1.071999587676e-01 -2.886119063178e-01
2.893981917812e-02
8.760361683356e-01 1.153323495383e-01 -4.682510874711e-01
2.715458854526e-02
8.601281586402e-01 1.362309170136e-01 -4.915492731800e-01
1.133099896634e-02
8.251449107228e-01 3.417862129445e-01 -4.497978000716e-01
1.116350913502e-02
7.686052897440e-01 3.916239557406e-01 -5.058424516267e-01
1.035707631231e-02
7.122991943291e-01 5.465663953244e-01 -4.403351374353e-01
1.625331633724e-02
6.080166031672e-01 6.080166031672e-01 -5.105209305662e-01
2.107236270312e-02
5.465663953244e-01 7.122991943291e-01 -4.403351374353e-01
2.151477215364e-02
3.916239557406e-01 7.686052897440e-01 -5.058424516267e-01
1.781556684220e-02
3.417862129445e-01 8.251449107228e-01 -4.497978000716e-01
7.277491416707e-03
1.362309170136e-01 8.601281586402e-01 -4.915492731800e-01
6.198944753283e-03
1.153323495383e-01 8.760361683356e-01 -4.682510874711e-01
6.660165686137e-03
-1.153323495383e-01 8.760361683356e-01 -4.682510874711e-01
7.419926780152e-03
-1.362309170136e-01 8.601281586402e-01 -4.915492731800e-01
3.801475327056e-02
-3.417862129445e-01 8.251449107228e-01 -4.497978000716e-01
3.267223754373e-02
-3.916239557406e-01 7.686052897440e-01 -5.058424516267e-01
8.829107179895e-02
-5.465663953244e-01 7.122991943291e-01 -4.403351374353e-01
2.483336560420e-02
-6.080166031672e-01 6.080166031672e-01 -5.105209305662e-01
1.862970252348e-02
-7.122991943291e-01 5.465663953244e-01 -4.403351374353e-01
5.659634644161e-03
-7.686052897440e-01 3.916239557406e-01 -5.058424516267e-01
4.353546396967e-03
-8.251449107228e-01 3.417862129445e-01 -4.497978000716e-01
9.071350946822e-03
-8.601281586402e-01 1.362309170136e-01 -4.915492731800e-01
8.805427847509e-03
-8.760361683356e-01 1.153323495383e-01 -4.682510874711e-01
2.417564115199e-02
-8.760361683356e-01 -1.153323495383e-01 -4.682510874711e-01
2.796901837815e-02
-8.601281586402e-01 -1.362309170136e-01 -4.915492731800e-01
1.400538907357e-02
-8.251449107228e-01 -3.417862129445e-01 -4.497978000716e-01
1.195326393417e-02
-7.686052897440e-01 -3.916239557406e-01 -5.058424516267e-01
6.173033062225e-03
-7.122991943291e-01 -5.465663953244e-01 -4.403351374353e-01
6.973466180684e-03
-6.080166031672e-01 -6.080166031672e-01 -5.105209305662e-01
1.346535637266e-02
-5.465663953244e-01 -7.122991943291e-01 -4.403351374353e-01
2.479524924393e-02
-3.916239557406e-01 -7.686052897440e-01 -5.058424516267e-01
4.815389540743e-02
-3.417862129445e-01 -8.251449107228e-01 -4.497978000716e-01
4.387250777699e-02
-1.362309170136e-01 -8.601281586402e-01 -4.915492731800e-01
4.367955738927e-02
-1.153323495383e-01 -8.760361683356e-01 -4.682510874711e-01
1.947796170257e-02
1.153323495383e-01 -8.760361683356e-01 -4.682510874711e-01
1.949663766786e-02
1.362309170136e-01 -8.601281586402e-01 -4.915492731800e-01
1.745078386433e-02
3.417862129445e-01 -8.251449107228e-01 -4.497978000716e-01
1.972412400252e-02
3.916239557406e-01 -7.686052897440e-01 -5.058424516267e-01
3.564735321755e-02
5.465663953244e-01 -7.122991943291e-01 -4.403351374353e-01
3.627906930212e-02
6.080166031672e-01 -6.080166031672e-01 -5.105209305662e-01
5.753212739884e-02
7.122991943291e-01 -5.465663953244e-01 -4.403351374353e-01
5.138620245644e-02
7.686052897440e-01 -3.916239557406e-01 -5.058424516267e-01
6.258397674447e-02
8.251449107228e-01 -3.417862129445e-01 -4.497978000716e-01
5.613212139112e-02
8.601281586402e-01 -1.362309170136e-01 -4.915492731800e-01
5.513145697204e-02
8.760361683356e-01 -1.153323495383e-01 -4.682510874711e-01
1.172129320855e-02
7.672811492985e-01 1.215253954032e-01 -6.296913658319e-01
9.346211965178e-03
7.391018449059e-01 1.470164977049e-01 -6.573542517237e-01
8.518177307360e-03
7.068204811699e-01 3.601430233799e-01 -6.088528640891e-01
7.758334402891e-03
6.161513066557e-01 4.116991408334e-01 -6.714621245786e-01
1.267542837090e-02
5.648368665729e-01 5.648368665729e-01 -6.015967323051e-01
1.398217163393e-02
4.116991408334e-01 6.161513066557e-01 -6.714621245786e-01
1.528772171353e-02
3.601430233799e-01 7.068204811699e-01 -6.088528640891e-01
7.789448804503e-03
1.470164977049e-01 7.391018449059e-01 -6.573542517237e-01
6.534487083916e-03
1.215253954032e-01 7.672811492985e-01 -6.296913658319e-01
4.481187089172e-03
-1.215253954032e-01 7.672811492985e-01 -6.296913658319e-01
4.649273201148e-03
-1.470164977049e-01 7.391018449059e-01 -6.573542517237e-01
9.223810234286e-03
-3.601430233799e-01 7.068204811699e-01 -6.088528640891e-01
5.915877702234e-03
-4.116991408334e-01 6.161513066557e-01 -6.714621245786e-01
8.503019997621e-03
-5.648368665729e-01 5.648368665729e-01 -6.015967323051e-01
4.046771092510e-03
-6.161513066557e-01 4.116991408334e-01 -6.714621245786e-01
4.363454963237e-03
-7.068204811699e-01 3.601430233799e-01 -6.088528640891e-01
8.668854262090e-03
-7.391018449059e-01 1.470164977049e-01 -6.573542517237e-01
9.806146051695e-03
-7.672811492985e-01 1.215253954032e-01 -6.296913658319e-01
2.216043410840e-02
-7.672811492985e-01 -1.215253954032e-01 -6.296913658319e-01
2.052614372070e-02
-7.391018449059e-01 -1.470164977049e-01 -6.573542517237e-01
1.001253526536e-02
-7.068204811699e-01 -3.601430233799e-01 -6.088528640891e-01
5.700310952117e-03
-6.161513066557e-01 -4.116991408334e-01 -6.714621245786e-01
4.701950593457e-03
-5.648368665729e-01 -5.648368665729e-01 -6.015967323051e-01
4.619726319668e-03
-4.116991408334e-01 -6.161513066557e-01 -6.714621245786e-01
9.461018480255e-03
-3.601430233799e-01 -7.068204811699e-01 -6.088528640891e-01
1.277095414867e-02
-1.470164977049e-01 -7.391018449059e-01 -6.573542517237e-01
1.530760060491e-02
-1.215253954032e-01 -7.672811492985e-01 -6.296913658319e-01
1.337079282031e-02
1.215253954032e-01 -7.672811492985e-01 -6.296913658319e-01
1.283088253276e-02
1.470164977049e-01 -7.391018449059e-01 -6.573542517237e-01
1.333445790298e-02
3.601430233799e-01 -7.068204811699e-01 -6.088528640891e-01
1.203639666419e-02
4.116991408334e-01 -6.161513066557e-01 -6.714621245786e-01
1.859687384744e-02
5.648368665729e-01 -5.648368665729e-01 -6.015967323051e-01
1.323565821407e-02
6.161513066557e-01 -4.116991408334e-01 -6.714621245786e-01
2.203277680931e-02
7.068204811699e-01 -3.601430233799e-01 -6.088528640891e-01
1.492703786339e-02
7.391018449059e-01 -1.470164977049e-01 -6.573542517237e-01
1.824684819067e-02
7.672811492985e-01 -1.215253954032e-01 -6.296913658319e-01
2.969004270897e-03
6.294019098545e-01 1.251958239224e-01 -7.669284461695e-01
2.460400228671e-03
5.826978829809e-01 1.561334271760e-01 -7.975497038354e-01
4.459596624926e-03
5.540975440982e-01 3.702361422900e-01 -7.455877618138e-01
4.924374746338e-03
4.167473548937e-01 4.167473548937e-01 -8.078634070053e-01
8.485097210934e-03
3.702361422900e-01 5.540975440982e-01 -7.455877618138e-01
6.960708485313e-03
1.561334271760e-01 5.826978829809e-01 -7.975497038354e-01
6.277908999703e-03
1.251958239224e-01 6.294019098545e-01 -7.669284461695e-01
3.514995767696e-03
-1.251958239224e-01 6.294019098545e-01 -7.669284461695e-01
3.522460972893e-03
-1.561334271760e-01 5.826978829809e-01 -7.975497038354e-01
3.018807811988e-03
-3.702361422900e-01 5.540975440982e-01 -7.455877618138e-01
2.478395740970e-03
-4.167473548937e-01 4.167473548937e-01 -8.078634070053e-01
2.659191466667e-03
-5.540975440982e-01 3.702361422900e-01 -7.455877618138e-01
4.177371591875e-03
-5.826978829809e-01 1.561334271760e-01 -7.975497038354e-01
5.210681189947e-03
-6.294019098545e-01 1.251958239224e-01 -7.669284461695e-01
8.047895745001e-03
-6.294019098545e-01 -1.251958239224e-01 -7.669284461695e-01
5.998480287336e-03
-5.826978829809e-01 -1.561334271760e-01 -7.975497038354e-01
3.472986124306e-03
-5.540975440982e-01 -3.702361422900e-01 -7.455877618138e-01
2.073197419005e-03
-4.167473548937e-01 -4.167473548937e-01 -8.078634070053e-01
2.537899361164e-03
-3.702361422900e-01 -5.540975440982e-01 -7.455877618138e-01
3.852085000634e-03
-1.561334271760e-01 -5.826978829809e-01 -7.975497038354e-01
4.942897910244e-03
-1.251958239224e-01 -6.294019098545e-01 -7.669284461695e-01
7.324220375646e-03
1.251958239224e-01 -6.294019098545e-01 -7.669284461695e-01
6.876529905783e-03
1.561334271760e-01 -5.826978829809e-01 -7.975497038354e-01
7.221475133504e-03
3.702361422900e-01 -5.540975440982e-01 -7.455877618138e-01
4.826257825526e-03
4.167473548937e-01 -4.167473548937e-01 -8.078634070053e-01
5.895209376937e-03
5.540975440982e-01 -3.702361422900e-01 -7.455877618138e-01
3.061589235428e-03
5.826978829809e-01 -1.561334271760e-01 -7.975497038354e-01
3.739005640195e-03
6.294019098545e-01 -1.251958239224e-01 -7.669284461695e-01
1.310047239293e-03
4.676807377994e-01 1.253146760089e-01 -8.749691191512e-01
1.572146004461e-03
3.919257715109e-01 1.623409700034e-01 -9.055603784861e-01
2.992172232210e-03
3.639082454411e-01 3.639082454411e-01 -8.574039758480e-01
4.453954256291e-03
1.623409700034e-01 3.919257715109e-01 -9.055603784861e-01
4.682664127669e-03
1.253146760089e-01 4.676807377994e-01 -8.749691191512e-01
3.110941331176e-03
-1.253146760089e-01 4.676807377994e-01 -8.749691191512e-01
3.196389994196e-03
-1.623409700034e-01 3.919257715109e-01 -9.055603784861e-01
1.954620132030e-03
-3.639082454411e-01 3.639082454411e-01 -8.574039758480e-01
2.468888746404e-03
-3.919257715109e-01 1.623409700034e-01 -9.055603784861e-01
2.533317162952e-03
-4.676807377994e-01 1.253146760089e-01 -8.749691191512e-01
2.596908289128e-03
-4.676807377994e-01 -1.253146760089e-01 -8.749691191512e-01
2.150891035965e-03
-3.919257715109e-01 -1.623409700034e-01 -9.055603784861e-01
1.466360138730e-03
-3.639082454411e-01 -3.639082454411e-01 -8.574039758480e-01
2.053442498559e-03
-1.623409700034e-01 -3.919257715109e-01 -9.055603784861e-01
2.298908830706e-03
-1.253146760089e-01 -4.676807377994e-01 -8.749691191512e-01
3.882793527758e-03
1.253146760089e-01 -4.676807377994e-01 -8.749691191512e-01
3.616651397457e-03
1.623409700034e-01 -3.919257715109e-01 -9.055603784861e-01
2.888207827129e-03
3.639082454411e-01 -3.639082454411e-01 -8.574039758480e-01
1.662604307404e-03
3.919257715109e-01 -1.623409700034e-01 -9.055603784861e-01
1.438261477623e-03
4.676807377994e-01 -1.253146760089e-01 -8.749691191512e-01
1.368866783809e-03
2.882087470797e-01 1.193799718350e-01 -9.500969110735e-01
2.579052754337e-03
1.601449967080e-01 1.601449967080e-01 -9.740159957921e-01
2.858005152312e-03
1.193799718350e-01 2.882087470797e-01 -9.500969110735e-01
2.674640441881e-03
-1.193799718350e-01 2.882087470797e-01 -9.500969110735e-01
2.943523910661e-03
-1.601449967080e-01 1.601449967080e-01 -9.740159957921e-01
1.982246868942e-03
-2.882087470797e-01 1.193799718350e-01 -9.500969110735e-01
1.599785860196e-03
-2.882087470797e-01 -1.193799718350e-01 -9.500969110735e-01
2.122841606756e-03
-1.601449967080e-01 -1.601449967080e-01 -9.740159957921e-01
1.689107163305e-03
-1.193799718350e-01 -2.882087470797e-01 -9.500969110735e-01
2.248975402064e-03
1.193799718350e-01 -2.882087470797e-01 -9.500969110735e-01
2.285347934834e-03
1.601449967080e-01 -1.601449967080e-01 -9.740159957921e-01
1.355003712223e-03
2.882087470797e-01 -1.193799718350e-01 -9.500969110735e-01
1.453638111212e-03
9.754966309535e-02 9.754966309535e-02 -9.904383506609e-01
1.604117240607e-03
-9.754966309535e-02 9.754966309535e-02 -9.904383506609e-01
1.312583597788e-03
-9.754966309535e-02 -9.754966309535e-02 -9.904383506609e-01
1.300934710313e-03
9.754966309535e-02 -9.754966309535e-02 -9.904383506609e-01
4.805908596517e+00
6.363096741853e-01 -7.575820305084e-01 1.455316652447e-01
