513
1.428968761962e-02
9.754966309535e-02 9.754966309535e-02 9.904383506609e-01
2.552034272795e-02
-9.754966309535e-02 9.754966309535e-02 9.904383506609e-01
1.108423542171e-02
-9.754966309535e-02 -9.754966309535e-02 9.904383506609e-01
7.360623266262e-03
9.754966309535e-02 -9.754966309535e-02 9.904383506609e-01
3.878549386577e-02
2.882087470797e-01 1.193799718350e-01 9.500969110735e-01
3.845672467370e-02
1.601449967080e-01 1.601449967080e-01 9.740159957921e-01
4.732218624401e-02
1.193799718350e-01 2.882087470797e-01 9.500969110735e-01
9.836291541351e-02
-1.193799718350e-01 2.882087470797e-01 9.500969110735e-01
9.801347235058e-02
-1.601449967080e-01 1.601449967080e-01 9.740159957921e-01
1.381291121491e-01
-2.882087470797e-01 1.193799718350e-01 9.500969110735e-01
5.876933324552e-02
-2.882087470797e-01 -1.193799718350e-01 9.500969110735e-01
2.710757593143e-02
-1.601449967080e-01 -1.601449967080e-01 9.740159957921e-01
1.631948199010e-02
-1.193799718350e-01 -2.882087470797e-01 9.500969110735e-01
1.205371167769e-02
1.193799718350e-01 -2.882087470797e-01 9.500969110735e-01
1.536293762397e-02
1.601449967080e-01 -1.601449967080e-01 9.740159957921e-01
2.098691359654e-02
2.882087470797e-01 -1.193799718350e-01 9.500969110735e-01
5.565460934871e-02
4.676807377994e-01 1.253146760089e-01 8.749691191512e-01
7.487729575104e-02
3.919257715109e-01 1.623409700034e-01 9.055603784861e-01
9.327490919464e-02
3.639082454411e-01 3.639082454411e-01 8.574039758480e-01
6.543022241272e-02
1.623409700034e-01 3.919257715109e-01 9.055603784861e-01
4.303277363792e-02
1.253146760089e-01 4.676807377994e-01 8.749691191512e-01
7.309253670886e-02
-1.253146760089e-01 4.676807377994e-01 8.749691191512e-01
1.442101679687e-01
-1.623409700034e-01 3.919257715109e-01 9.055603784861e-01
1.798123789914e-01
-3.639082454411e-01 3.639082454411e-01 8.574039758480e-01
2.323212441903e-01
-3.919257715109e-01 1.623409700034e-01 9.055603784861e-01
1.377616799070e-01
-4.676807377994e-01 1.253146760089e-01 8.749691191512e-01
1.033937567319e-01
-4.676807377994e-01 -1.253146760089e-01 8.749691191512e-01
1.145303348027e-01
-3.919257715109e-01 -1.623409700034e-01 9.055603784861e-01
7.949324176437e-02
-3.639082454411e-01 -3.639082454411e-01 8.574039758480e-01
2.740300390732e-02
-1.623409700034e-01 -3.919257715109e-01 9.055603784861e-01
1.931395089829e-02
-1.253146760089e-01 -4.676807377994e-01 8.749691191512e-01
1.575264334879e-02
1.253146760089e-01 -4.676807377994e-01 8.749691191512e-01
1.947440122687e-02
1.623409700034e-01 -3.919257715109e-01 9.055603784861e-01
2.481040116662e-02
3.639082454411e-01 -3.639082454411e-01 8.574039758480e-01
3.297074191545e-02
3.919257715109e-01 -1.623409700034e-01 9.055603784861e-01
2.744308911925e-02
4.676807377994e-01 -1.253146760089e-01 8.749691191512e-01
1.786454944672e-02
6.294019098545e-01 1.251958239224e-01 7.669284461695e-01
3.608380215223e-02
5.826978829809e-01 1.561334271760e-01 7.975497038354e-01
7.173514559962e-02
5.540975440982e-01 3.702361422900e-01 7.455877618138e-01
1.146214324759e-01
4.167473548937e-01 4.167473548937e-01 8.078634070053e-01
4.943033366398e-02
3.702361422900e-01 5.540975440982e-01 7.455877618138e-01
2.050107589097e-02
1.561334271760e-01 5.826978829809e-01 7.975497038354e-01
1.045272453121e-02
1.251958239224e-01 6.294019098545e-01 7.669284461695e-01
1.202821608720e-02
-1.251958239224e-01 6.294019098545e-01 7.669284461695e-01
2.693428700648e-02
-1.561334271760e-01 5.826978829809e-01 7.975497038354e-01
3.176717446023e-02
-3.702361422900e-01 5.540975440982e-01 7.455877618138e-01
1.181795804738e-01
-4.167473548937e-01 4.167473548937e-01 8.078634070053e-01
3.001581028712e-02
-5.540975440982e-01 3.702361422900e-01 7.455877618138e-01
4.041468431432e-02
-5.826978829809e-01 1.561334271760e-01 7.975497038354e-01
1.754717591337e-02
-6.294019098545e-01 1.251958239224e-01 7.669284461695e-01
2.519527648429e-02
-6.294019098545e-01 -1.251958239224e-01 7.669284461695e-01
5.294922214187e-02
-5.826978829809e-01 -1.561334271760e-01 7.975497038354e-01
7.454479423906e-02
-5.540975440982e-01 -3.702361422900e-01 7.455877618138e-01
1.060157722831e-01
-4.167473548937e-01 -4.167473548937e-01 8.078634070053e-01
4.523585097618e-02
-3.702361422900e-01 -5.540975440982e-01 7.455877618138e-01
1.702737674810e-02
-1.561334271760e-01 -5.826978829809e-01 7.975497038354e-01
1.050378968230e-02
-1.251958239224e-01 -6.294019098545e-01 7.669284461695e-01
9.630528047912e-03
1.251958239224e-01 -6.294019098545e-01 7.669284461695e-01
1.403774583500e-02
1.561334271760e-01 -5.826978829809e-01 7.975497038354e-01
1.424015307243e-02
3.702361422900e-01 -5.540975440982e-01 7.455877618138e-01
2.441588326991e-02
4.167473548937e-01 -4.167473548937e-01 8.078634070053e-01
9.883404230523e-03
5.540975440982e-01 -3.702361422900e-01 7.455877618138e-01
1.335487467803e-02
5.826978829809e-01 -1.561334271760e-01 7.975497038354e-01
7.908110813374e-03
6.294019098545e-01 -1.251958239224e-01 7.669284461695e-01
3.217557625984e-03
7.672811492985e-01 1.215253954032e-01 6.296913658319e-01
5.250990074227e-03
7.391018449059e-01 1.470164977049e-01 6.573542517237e-01
1.551035531836e-02
7.068204811699e-01 3.601430233799e-01 6.088528640891e-01
5.051206652191e-02
6.161513066557e-01 4.116991408334e-01 6.714621245786e-01
4.680353647209e-02
5.648368665729e-01 5.648368665729e-01 6.015967323051e-01
3.965153217170e-02
4.116991408334e-01 6.161513066557e-01 6.714621245786e-01
1.358733614989e-02
3.601430233799e-01 7.068204811699e-01 6.088528640891e-01
3.452466918239e-03
1.470164977049e-01 7.391018449059e-01 6.573542517237e-01
2.247111691886e-03
1.215253954032e-01 7.672811492985e-01 6.296913658319e-01
1.950633509037e-03
-1.215253954032e-01 7.672811492985e-01 6.296913658319e-01
2.967336531235e-03
-1.470164977049e-01 7.391018449059e-01 6.573542517237e-01
4.472377228075e-03
-3.601430233799e-01 7.068204811699e-01 6.088528640891e-01
1.263379324164e-02
-4.116991408334e-01 6.161513066557e-01 6.714621245786e-01
6.262399487988e-03
-5.648368665729e-01 5.648368665729e-01 6.015967323051e-01
1.079986104146e-02
-6.161513066557e-01 4.116991408334e-01 6.714621245786e-01
3.825193251042e-03
-7.068204811699e-01 3.601430233799e-01 6.088528640891e-01
3.046759358671e-03
-7.391018449059e-01 1.470164977049e-01 6.573542517237e-01
2.055266512991e-03
-7.672811492985e-01 1.215253954032e-01 6.296913658319e-01
3.200702378133e-03
-7.672811492985e-01 -1.215253954032e-01 6.296913658319e-01
5.505649697039e-03
-7.391018449059e-01 -1.470164977049e-01 6.573542517237e-01
1.513604930240e-02
-7.068204811699e-01 -3.601430233799e-01 6.088528640891e-01
4.845698242405e-02
-6.161513066557e-01 -4.116991408334e-01 6.714621245786e-01
3.334002857244e-02
-5.648368665729e-01 -5.648368665729e-01 6.015967323051e-01
3.299301279041e-02
-4.116991408334e-01 -6.161513066557e-01 6.714621245786e-01
9.933484149942e-03
-3.601430233799e-01 -7.068204811699e-01 6.088528640891e-01
4.618334819984e-03
-1.470164977049e-01 -7.391018449059e-01 6.573542517237e-01
3.168647351343e-03
-1.215253954032e-01 -7.672811492985e-01 6.296913658319e-01
3.782427825176e-03
1.215253954032e-01 -7.672811492985e-01 6.296913658319e-01
5.116255440390e-03
1.470164977049e-01 -7.391018449059e-01 6.573542517237e-01
5.685620108818e-03
3.601430233799e-01 -7.068204811699e-01 6.088528640891e-01
9.389694751204e-03
4.116991408334e-01 -6.161513066557e-01 6.714621245786e-01
4.498633529887e-03
5.648368665729e-01 -5.648368665729e-01 6.015967323051e-01
5.602429636797e-03
6.161513066557e-01 -4.116991408334e-01 6.714621245786e-01
2.889977932869e-03
7.068204811699e-01 -3.601430233799e-01 6.088528640891e-01
2.560329596061e-03
7.391018449059e-01 -1.470164977049e-01 6.573542517237e-01
1.999792864939e-03
7.672811492985e-01 -1.215253954032e-01 6.296913658319e-01
2.673082776127e-03
8.760361683356e-01 1.153323495383e-01 4.682510874711e-01
2.607711882176e-03
8.601281586402e-01 1.362309170136e-01 4.915492731800e-01
4.641463896593e-03
8.251449107228e-01 3.417862129445e-01 4.497978000716e-01
9.052671255992e-03
7.686052897440e-01 3.916239557406e-01 5.058424516267e-01
1.677140055922e-02
7.122991943291e-01 5.465663953244e-01 4.403351374353e-01
3.502931350888e-02
6.080166031672e-01 6.080166031672e-01 5.105209305662e-01
2.410998278265e-02
5.465663953244e-01 7.122991943291e-01 4.403351374353e-01
1.227256831699e-02
3.916239557406e-01 7.686052897440e-01 5.058424516267e-01
7.302147342047e-03
3.417862129445e-01 8.251449107228e-01 4.497978000716e-01
2.103548291966e-03
1.362309170136e-01 8.601281586402e-01 4.915492731800e-01
1.982109314630e-03
1.153323495383e-01 8.760361683356e-01 4.682510874711e-01
1.769389067856e-03
-1.153323495383e-01 8.760361683356e-01 4.682510874711e-01
1.765431500600e-03
-1.362309170136e-01 8.601281586402e-01 4.915492731800e-01
2.945488204348e-03
-3.417862129445e-01 8.251449107228e-01 4.497978000716e-01
3.242220007936e-03
-3.916239557406e-01 7.686052897440e-01 5.058424516267e-01
3.764210202196e-03
-5.465663953244e-01 7.122991943291e-01 4.403351374353e-01
4.419291406571e-03
-6.080166031672e-01 6.080166031672e-01 5.105209305662e-01
5.073897299711e-03
-7.122991943291e-01 5.465663953244e-01 4.403351374353e-01
4.051189219329e-03
-7.686052897440e-01 3.916239557406e-01 5.058424516267e-01
5.790111721661e-03
-8.251449107228e-01 3.417862129445e-01 4.497978000716e-01
2.765335279891e-03
-8.601281586402e-01 1.362309170136e-01 4.915492731800e-01
3.173142895008e-03
-8.760361683356e-01 1.153323495383e-01 4.682510874711e-01
2.481860540394e-03
-8.760361683356e-01 -1.153323495383e-01 4.682510874711e-01
2.451896878971e-03
-8.601281586402e-01 -1.362309170136e-01 4.915492731800e-01
4.989088546015e-03
-8.251449107228e-01 -3.417862129445e-01 4.497978000716e-01
8.728916595961e-03
-7.686052897440e-01 -3.916239557406e-01 5.058424516267e-01
1.109911708564e-02
-7.122991943291e-01 -5.465663953244e-01 4.403351374353e-01
1.907753515800e-02
-6.080166031672e-01 -6.080166031672e-01 5.105209305662e-01
8.001553184182e-03
-5.465663953244e-01 -7.122991943291e-01 4.403351374353e-01
5.278995913772e-03
-3.916239557406e-01 -7.686052897440e-01 5.058424516267e-01
2.555485281936e-03
-3.417862129445e-01 -8.251449107228e-01 4.497978000716e-01
1.850059191483e-03
-1.362309170136e-01 -8.601281586402e-01 4.915492731800e-01
1.697231429384e-03
-1.153323495383e-01 -8.760361683356e-01 4.682510874711e-01
3.052325436405e-03
1.153323495383e-01 -8.760361683356e-01 4.682510874711e-01
3.335810784464e-03
1.362309170136e-01 -8.601281586402e-01 4.915492731800e-01
4.693778926615e-03
3.417862129445e-01 -8.251449107228e-01 4.497978000716e-01
4.724779308831e-03
3.916239557406e-01 -7.686052897440e-01 5.058424516267e-01
3.775040903381e-03
5.465663953244e-01 -7.122991943291e-01 4.403351374353e-01
3.775933187146e-03
6.080166031672e-01 -6.080166031672e-01 5.105209305662e-01
4.500385454701e-03
7.122991943291e-01 -5.465663953244e-01 4.403351374353e-01
4.031276195898e-03
7.686052897440e-01 -3.916239557406e-01 5.058424516267e-01
6.876645694843e-03
8.251449107228e-01 -3.417862129445e-01 4.497978000716e-01
3.701016789760e-03
8.601281586402e-01 -1.362309170136e-01 4.915492731800e-01
4.316720945388e-03
8.760361683356e-01 -1.153323495383e-01 4.682510874711e-01
2.043609540293e-02
9.514259489692e-01 1.071999587676e-01 2.886119063178e-01
1.527902722838e-02
9.435493257921e-01 1.242206253374e-01 3.070568449620e-01
6.571887451746e-03
9.079183105646e-01 3.176943572541e-01 2.734129417392e-01
5.659403476198e-03
8.754336959030e-01 3.626165098014e-01 3.195701971352e-01
7.406142821928e-03
8.166418539992e-01 5.131300862176e-01 2.641847779778e-01
1.272395439734e-02
7.500752876024e-01 5.755530111934e-01 3.257695416003e-01
1.586131324388e-02
6.825802229792e-01 6.825802229792e-01 2.610909389377e-01
2.274528188008e-02
5.755530111934e-01 7.500752876024e-01 3.257695416003e-01
1.941780474352e-02
5.131300862176e-01 8.166418539992e-01 2.641847779778e-01
1.261533257322e-02
3.626165098014e-01 8.754336959030e-01 3.195701971352e-01
1.268907356567e-02
3.176943572541e-01 9.079183105646e-01 2.734129417392e-01
8.235461709237e-03
1.242206253374e-01 9.435493257921e-01 3.070568449620e-01
9.097466747774e-03
1.071999587676e-01 9.514259489692e-01 2.886119063178e-01
1.078042028498e-02
-1.071999587676e-01 9.514259489692e-01 2.886119063178e-01
9.519080773386e-03
-1.242206253374e-01 9.435493257921e-01 3.070568449620e-01
1.221466085513e-02
-3.176943572541e-01 9.079183105646e-01 2.734129417392e-01
7.962094354205e-03
-3.626165098014e-01 8.754336959030e-01 3.195701971352e-01
9.147027550047e-03
-5.131300862176e-01 8.166418539992e-01 2.641847779778e-01
6.624527078131e-03
-5.755530111934e-01 7.500752876024e-01 3.257695416003e-01
1.222783743306e-02
-6.825802229792e-01 6.825802229792e-01 2.610909389377e-01
1.390597442946e-02
-7.500752876024e-01 5.755530111934e-01 3.257695416003e-01
4.469358591633e-02
-8.166418539992e-01 5.131300862176e-01 2.641847779778e-01
5.027070032038e-02
-8.754336959030e-01 3.626165098014e-01 3.195701971352e-01
1.310791644106e-01
-9.079183105646e-01 3.176943572541e-01 2.734129417392e-01
6.409610009769e-02
-9.435493257921e-01 1.242206253374e-01 3.070568449620e-01
8.054146692478e-02
-9.514259489692e-01 1.071999587676e-01 2.886119063178e-01
2.335187910719e-02
-9.514259489692e-01 -1.071999587676e-01 2.886119063178e-01
1.752041317222e-02
-9.435493257921e-01 -1.242206253374e-01 3.070568449620e-01
9.603531235389e-03
-9.079183105646e-01 -3.176943572541e-01 2.734129417392e-01
7.360168796472e-03
-8.754336959030e-01 -3.626165098014e-01 3.195701971352e-01
7.131786721867e-03
-8.166418539992e-01 -5.131300862176e-01 2.641847779778e-01
8.174000838135e-03
-7.500752876024e-01 -5.755530111934e-01 3.257695416003e-01
5.845260310338e-03
-6.825802229792e-01 -6.825802229792e-01 2.610909389377e-01
5.366073217295e-03
-5.755530111934e-01 -7.500752876024e-01 3.257695416003e-01
3.272912749318e-03
-5.131300862176e-01 -8.166418539992e-01 2.641847779778e-01
2.336908017658e-03
-3.626165098014e-01 -8.754336959030e-01 3.195701971352e-01
2.219477205362e-03
-3.176943572541e-01 -9.079183105646e-01 2.734129417392e-01
3.185138523959e-03
-1.242206253374e-01 -9.435493257921e-01 3.070568449620e-01
3.516109554399e-03
-1.071999587676e-01 -9.514259489692e-01 2.886119063178e-01
9.141788949272e-03
1.071999587676e-01 -9.514259489692e-01 2.886119063178e-01
9.056896797253e-03
1.242206253374e-01 -9.435493257921e-01 3.070568449620e-01
1.304916358293e-02
3.176943572541e-01 -9.079183105646e-01 2.734129417392e-01
9.452869046067e-03
3.626165098014e-01 -8.754336959030e-01 3.195701971352e-01
8.252106350840e-03
5.131300862176e-01 -8.166418539992e-01 2.641847779778e-01
5.947317246347e-03
5.755530111934e-01 -7.500752876024e-01 3.257695416003e-01
9.918452056902e-03
6.825802229792e-01 -6.825802229792e-01 2.610909389377e-01
1.243174433024e-02
7.500752876024e-01 -5.755530111934e-01 3.257695416003e-01
4.471754572987e-02
8.166418539992e-01 -5.131300862176e-01 2.641847779778e-01
6.327807672236e-02
8.754336959030e-01 -3.626165098014e-01 3.195701971352e-01
1.739542873259e-01
9.079183105646e-01 -3.176943572541e-01 2.734129417392e-01
8.467689593379e-02
9.435493257921e-01 -1.242206253374e-01 3.070568449620e-01
1.029115129035e-01
9.514259489692e-01 -1.071999587676e-01 2.886119063178e-01
2.146224036799e-01
9.904383506609e-01 9.754966309535e-02 9.754966309535e-02
1.792643016227e-01
9.875415564011e-01 1.112692104332e-01 1.112692104332e-01
2.120127966599e-02
9.534076362023e-01 2.892130445679e-01 8.584692238504e-02
1.450483631584e-02
9.369320803932e-01 3.278467144100e-01 1.211396243213e-01
6.909425686676e-03
8.792329959207e-01 4.699598274150e-01 7.801986606203e-02
7.426366292116e-03
8.398628335694e-01 5.277207947278e-01 1.270479578768e-01
8.138914824592e-03
7.708853463782e-01 6.326492539332e-01 7.409928634720e-02
1.332324665778e-02
7.011972415210e-01 7.011972415210e-01 1.290149486172e-01
1.464288364537e-02
6.326492539332e-01 7.708853463782e-01 7.409928634720e-02
2.201905662216e-02
5.277207947278e-01 8.398628335694e-01 1.270479578768e-01
2.210861389221e-02
4.699598274150e-01 8.792329959207e-01 7.801986606203e-02
2.881237390491e-02
3.278467144100e-01 9.369320803932e-01 1.211396243213e-01
3.183796354138e-02
2.892130445679e-01 9.534076362023e-01 8.584692238504e-02
5.225125528271e-02
1.112692104332e-01 9.875415564011e-01 1.112692104332e-01
5.367255189893e-02
9.754966309535e-02 9.904383506609e-01 9.754966309535e-02
8.540183044250e-02
-9.754966309535e-02 9.904383506609e-01 9.754966309535e-02
8.602424589436e-02
-1.112692104332e-01 9.875415564011e-01 1.112692104332e-01
7.375285072280e-02
-2.892130445679e-01 9.534076362023e-01 8.584692238504e-02
5.508600949082e-02
-3.278467144100e-01 9.369320803932e-01 1.211396243213e-01
3.314523906843e-02
-4.699598274150e-01 8.792329959207e-01 7.801986606203e-02
2.317527751004e-02
-5.277207947278e-01 8.398628335694e-01 1.270479578768e-01
2.297265565407e-02
-6.326492539332e-01 7.708853463782e-01 7.409928634719e-02
2.955966693839e-02
-7.011972415210e-01 7.011972415210e-01 1.290149486172e-01
6.609549216257e-02
-7.708853463782e-01 6.326492539332e-01 7.409928634720e-02
2.048760905580e-01
-8.398628335694e-01 5.277207947278e-01 1.270479578768e-01
5.418699355723e-01
-8.792329959207e-01 4.699598274150e-01 7.801986606203e-02
1.630201348993e+00
-9.369320803932e-01 3.278467144100e-01 1.211396243213e-01
2.539033204866e+00
-9.534076362023e-01 2.892130445679e-01 8.584692238504e-02
1.915666978344e+00
-9.875415564011e-01 1.112692104332e-01 1.112692104332e-01
1.837507176831e+00
-9.904383506609e-01 9.754966309535e-02 9.754966309535e-02
3.028265594387e-01
-9.904383506609e-01 -9.754966309535e-02 9.754966309535e-02
2.577084199669e-01
-9.875415564011e-01 -1.112692104332e-01 1.112692104332e-01
3.997742068969e-02
-9.534076362023e-01 -2.892130445679e-01 8.584692238504e-02
2.657758634700e-02
-9.369320803932e-01 -3.278467144100e-01 1.211396243213e-01
1.066023662748e-02
-8.792329959207e-01 -4.699598274150e-01 7.801986606203e-02
8.667517322424e-03
-8.398628335694e-01 -5.277207947278e-01 1.270479578768e-01
6.081321240669e-03
-7.708853463782e-01 -6.326492539332e-01 7.409928634720e-02
5.619233047350e-03
-7.011972415210e-01 -7.011972415210e-01 1.290149486172e-01
4.409049762469e-03
-6.326492539332e-01 -7.708853463782e-01 7.409928634719e-02
3.806288998952e-03
-5.277207947278e-01 -8.398628335694e-01 1.270479578768e-01
3.627021576933e-03
-4.699598274150e-01 -8.792329959207e-01 7.801986606203e-02
4.270742621454e-03
-3.278467144100e-01 -9.369320803932e-01 1.211396243213e-01
5.159603710593e-03
-2.892130445679e-01 -9.534076362023e-01 8.584692238503e-02
1.337356460434e-02
-1.112692104332e-01 -9.875415564011e-01 1.112692104332e-01
1.425633745772e-02
-9.754966309535e-02 -9.904383506609e-01 9.754966309535e-02
4.131357899923e-02
9.754966309535e-02 -9.904383506609e-01 9.754966309535e-02
4.414836613404e-02
1.112692104332e-01 -9.875415564011e-01 1.112692104332e-01
4.998233390209e-02
2.892130445679e-01 -9.534076362023e-01 8.584692238504e-02
4.103533650223e-02
3.278467144100e-01 -9.369320803932e-01 1.211396243213e-01
2.425024278666e-02
4.699598274150e-01 -8.792329959207e-01 7.801986606203e-02
1.761778608548e-02
5.277207947278e-01 -8.398628335694e-01 1.270479578768e-01
1.729924850007e-02
6.326492539332e-01 -7.708853463782e-01 7.409928634719e-02
2.335483481849e-02
7.011972415210e-01 -7.011972415210e-01 1.290149486172e-01
5.856817355331e-02
7.708853463782e-01 -6.326492539332e-01 7.409928634719e-02
2.099883516549e-01
8.398628335694e-01 -5.277207947278e-01 1.270479578768e-01
6.203226971307e-01
8.792329959207e-01 -4.699598274150e-01 7.801986606203e-02
2.111123923264e+00
9.369320803932e-01 -3.278467144100e-01 1.211396243213e-01
3.289942873995e+00
9.534076362023e-01 -2.892130445679e-01 8.584692238504e-02
2.127379487487e+00
9.875415564011e-01 -1.112692104332e-01 1.112692104332e-01
1.975729144864e+00
9.904383506609e-01 -9.754966309535e-02 9.754966309535e-02
2.278790409977e-01
9.904383506609e-01 9.754966309535e-02 -9.754966309535e-02
1.916226323250e-01
9.875415564011e-01 1.112692104332e-01 -1.112692104332e-01
2.191328642968e-02
9.534076362023e-01 2.892130445679e-01 -8.584692238504e-02
1.465618252649e-02
9.369320803932e-01 3.278467144100e-01 -1.211396243213e-01
6.405728359234e-03
8.792329959207e-01 4.699598274150e-01 -7.801986606203e-02
6.011742650695e-03
8.398628335694e-01 5.277207947278e-01 -1.270479578768e-01
6.699883899417e-03
7.708853463782e-01 6.326492539332e-01 -7.409928634720e-02
8.872375200860e-03
7.011972415210e-01 7.011972415210e-01 -1.290149486172e-01
1.152990172960e-02
6.326492539332e-01 7.708853463782e-01 -7.409928634720e-02
1.589618685261e-02
5.277207947278e-01 8.398628335694e-01 -1.270479578768e-01
1.917696702550e-02
4.699598274150e-01 8.792329959207e-01 -7.801986606203e-02
3.065224582049e-02
3.278467144100e-01 9.369320803932e-01 -1.211396243213e-01
3.557808976817e-02
2.892130445679e-01 9.534076362023e-01 -8.584692238504e-02
8.482013274444e-02
1.112692104332e-01 9.875415564011e-01 -1.112692104332e-01
8.398048731421e-02
9.754966309535e-02 9.904383506609e-01 -9.754966309535e-02
1.571429571938e-01
-9.754966309535e-02 9.904383506609e-01 -9.754966309535e-02
1.719815851873e-01
-1.112692104332e-01 9.875415564011e-01 -1.112692104332e-01
1.165605421797e-01
-2.892130445679e-01 9.534076362023e-01 -8.584692238504e-02
9.750827261282e-02
-3.278467144100e-01 9.369320803932e-01 -1.211396243213e-01
3.981741114154e-02
-4.699598274150e-01 8.792329959207e-01 -7.801986606203e-02
2.644571223829e-02
-5.277207947278e-01 8.398628335694e-01 -1.270479578768e-01
2.143226310102e-02
-6.326492539332e-01 7.708853463782e-01 -7.409928634719e-02
2.248599536010e-02
-7.011972415210e-01 7.011972415210e-01 -1.290149486172e-01
5.378630033460e-02
-7.708853463782e-01 6.326492539332e-01 -7.409928634720e-02
1.425295458596e-01
-8.398628335694e-01 5.277207947278e-01 -1.270479578768e-01
4.435332228766e-01
-8.792329959207e-01 4.699598274150e-01 -7.801986606203e-02
1.367544867760e+00
-9.369320803932e-01 3.278467144100e-01 -1.211396243213e-01
2.318691095831e+00
-9.534076362023e-01 2.892130445679e-01 -8.584692238504e-02
1.970368366069e+00
-9.875415564011e-01 1.112692104332e-01 -1.112692104332e-01
1.901614240866e+00
-9.904383506609e-01 9.754966309535e-02 -9.754966309535e-02
3.266303978895e-01
-9.904383506609e-01 -9.754966309535e-02 -9.754966309535e-02
2.796134231020e-01
-9.875415564011e-01 -1.112692104332e-01 -1.112692104332e-01
4.130430931633e-02
-9.534076362023e-01 -2.892130445679e-01 -8.584692238504e-02
2.714704105218e-02
-9.369320803932e-01 -3.278467144100e-01 -1.211396243213e-01
1.072221766058e-02
-8.792329959207e-01 -4.699598274150e-01 -7.801986606203e-02
8.688543095402e-03
-8.398628335694e-01 -5.277207947278e-01 -1.270479578768e-01
6.428050367037e-03
-7.708853463782e-01 -6.326492539332e-01 -7.409928634720e-02
6.635535332249e-03
-7.011972415210e-01 -7.011972415210e-01 -1.290149486172e-01
5.311796249617e-03
-6.326492539332e-01 -7.708853463782e-01 -7.409928634719e-02
6.024012783838e-03
-5.277207947278e-01 -8.398628335694e-01 -1.270479578768e-01
5.208044724052e-03
-4.699598274150e-01 -8.792329959207e-01 -7.801986606203e-02
8.449390383191e-03
-3.278467144100e-01 -9.369320803932e-01 -1.211396243213e-01
8.707268689917e-03
-2.892130445679e-01 -9.534076362023e-01 -8.584692238503e-02
2.661846305008e-02
-1.112692104332e-01 -9.875415564011e-01 -1.112692104332e-01
2.622492430059e-02
-9.754966309535e-02 -9.904383506609e-01 -9.754966309535e-02
6.869730186941e-02
9.754966309535e-02 -9.904383506609e-01 -9.754966309535e-02
7.722149020671e-02
1.112692104332e-01 -9.875415564011e-01 -1.112692104332e-01
6.717926169530e-02
2.892130445679e-01 -9.534076362023e-01 -8.584692238504e-02
5.805077110840e-02
3.278467144100e-01 -9.369320803932e-01 -1.211396243213e-01
2.713733955872e-02
4.699598274150e-01 -8.792329959207e-01 -7.801986606203e-02
1.908261676099e-02
5.277207947278e-01 -8.398628335694e-01 -1.270479578768e-01
1.690842506374e-02
6.326492539332e-01 -7.708853463782e-01 -7.409928634719e-02
2.034038512092e-02
7.011972415210e-01 -7.011972415210e-01 -1.290149486172e-01
5.259588012132e-02
7.708853463782e-01 -6.326492539332e-01 -7.409928634719e-02
1.668008991364e-01
8.398628335694e-01 -5.277207947278e-01 -1.270479578768e-01
5.414224924731e-01
8.792329959207e-01 -4.699598274150e-01 -7.801986606203e-02
1.779409699380e+00
9.369320803932e-01 -3.278467144100e-01 -1.211396243213e-01
2.974834667650e+00
9.534076362023e-01 -2.892130445679e-01 -8.584692238504e-02
2.069694758302e+00
9.875415564011e-01 -1.112692104332e-01 -1.112692104332e-01
1.948531829090e+00
9.904383506609e-01 -9.754966309535e-02 -9.754966309535e-02
1.898746020829e-02
9.514259489692e-01 1.071999587676e-01 -2.886119063178e-01
1.365294855384e-02
9.435493257921e-01 1.242206253374e-01 -3.070568449620e-01
5.590687741216e-03
9.079183105646e-01 3.176943572541e-01 -2.734129417392e-01
3.895179398061e-03
8.754336959030e-01 3.626165098014e-01 -3.195701971352e-01
4.337280388449e-03
8.166418539992e-01 5.131300862176e-01 -2.641847779778e-01
5.042531524910e-03
7.500752876024e-01 5.755530111934e-01 -3.257695416003e-01
6.810230213807e-03
6.825802229792e-01 6.825802229792e-01 -2.610909389377e-01
7.994523526830e-03
5.755530111934e-01 7.500752876024e-01 -3.257695416003e-01
9.769617485132e-03
5.131300862176e-01 8.166418539992e-01 -2.641847779778e-01
9.790295727846e-03
3.626165098014e-01 8.754336959030e-01 -3.195701971352e-01
1.334986023381e-02
3.176943572541e-01 9.079183105646e-01 -2.734129417392e-01
2.113279622585e-02
1.242206253374e-01 9.435493257921e-01 -3.070568449620e-01
2.463956583593e-02
1.071999587676e-01 9.514259489692e-01 -2.886119063178e-01
4.615728120702e-02
-1.071999587676e-01 9.514259489692e-01 -2.886119063178e-01
4.220250332216e-02
-1.242206253374e-01 9.435493257921e-01 -3.070568449620e-01
3.508334630487e-02
-3.176943572541e-01 9.079183105646e-01 -2.734129417392e-01
1.931950012040e-02
-3.626165098014e-01 8.754336959030e-01 -3.195701971352e-01
1.085308466920e-02
-5.131300862176e-01 8.166418539992e-01 -2.641847779778e-01
4.901351026103e-03
-5.755530111934e-01 7.500752876024e-01 -3.257695416003e-01
6.895200922502e-03
-6.825802229792e-01 6.825802229792e-01 -2.610909389377e-01
5.330745554176e-03
-7.500752876024e-01 5.755530111934e-01 -3.257695416003e-01
2.081579403804e-02
-8.166418539992e-01 5.131300862176e-01 -2.641847779778e-01
2.481078312550e-02
-8.754336959030e-01 3.626165098014e-01 -3.195701971352e-01
8.204141011742e-02
-9.079183105646e-01 3.176943572541e-01 -2.734129417392e-01
5.423774396319e-02
-9.435493257921e-01 1.242206253374e-01 -3.070568449620e-01
7.246518065406e-02
-9.514259489692e-01 1.071999587676e-01 -2.886119063178e-01
2.307678897940e-02
-9.514259489692e-01 -1.071999587676e-01 -2.886119063178e-01
1.655478398902e-02
-9.435493257921e-01 -1.242206253374e-01 -3.070568449620e-01
8.301685031699e-03
-9.079183105646e-01 -3.176943572541e-01 -2.734129417392e-01
5.364420176284e-03
-8.754336959030e-01 -3.626165098014e-01 -3.195701971352e-01
5.862939022879e-03
-8.166418539992e-01 -5.131300862176e-01 -2.641847779778e-01
5.866646635109e-03
-7.500752876024e-01 -5.755530111934e-01 -3.257695416003e-01
6.289681341102e-03
-6.825802229792e-01 -6.825802229792e-01 -2.610909389377e-01
6.496048765928e-03
-5.755530111934e-01 -7.500752876024e-01 -3.257695416003e-01
5.875152165071e-03
-5.131300862176e-01 -8.166418539992e-01 -2.641847779778e-01
5.638340917749e-03
-3.626165098014e-01 -8.754336959030e-01 -3.195701971352e-01
6.315704562816e-03
-3.176943572541e-01 -9.079183105646e-01 -2.734129417392e-01
1.031689450382e-02
-1.242206253374e-01 -9.435493257921e-01 -3.070568449620e-01
1.150927303160e-02
-1.071999587676e-01 -9.514259489692e-01 -2.886119063178e-01
2.357208005160e-02
1.071999587676e-01 -9.514259489692e-01 -2.886119063178e-01
2.226207375014e-02
1.242206253374e-01 -9.435493257921e-01 -3.070568449620e-01
2.117676694326e-02
3.176943572541e-01 -9.079183105646e-01 -2.734129417392e-01
1.261421667254e-02
3.626165098014e-01 -8.754336959030e-01 -3.195701971352e-01
8.211156440314e-03
5.131300862176e-01 -8.166418539992e-01 -2.641847779778e-01
4.287505483186e-03
5.755530111934e-01 -7.500752876024e-01 -3.257695416003e-01
6.768244042355e-03
6.825802229792e-01 -6.825802229792e-01 -2.610909389377e-01
6.180294377728e-03
7.500752876024e-01 -5.755530111934e-01 -3.257695416003e-01
2.556275710570e-02
8.166418539992e-01 -5.131300862176e-01 -2.641847779778e-01
3.218152365493e-02
8.754336959030e-01 -3.626165098014e-01 -3.195701971352e-01
1.060936111920e-01
9.079183105646e-01 -3.176943572541e-01 -2.734129417392e-01
6.041771783885e-02
9.435493257921e-01 -1.242206253374e-01 -3.070568449620e-01
7.880724510532e-02
9.514259489692e-01 -1.071999587676e-01 -2.886119063178e-01
1.244128657796e-03
8.760361683356e-01 1.153323495383e-01 -4.682510874711e-01
1.051653634428e-03
8.601281586402e-01 1.362309170136e-01 -4.915492731800e-01
1.796144348979e-03
8.251449107228e-01 3.417862129445e-01 -4.497978000716e-01
2.087715210868e-03
7.686052897440e-01 3.916239557406e-01 -5.058424516267e-01
3.931080085568e-03
7.122991943291e-01 5.465663953244e-01 -4.403351374353e-01
4.766160333367e-03
6.080166031672e-01 6.080166031672e-01 -5.105209305662e-01
5.280034606730e-03
5.465663953244e-01 7.122991943291e-01 -4.403351374353e-01
3.284735131213e-03
3.916239557406e-01 7.686052897440e-01 -5.058424516267e-01
3.801601084596e-03
3.417862129445e-01 8.251449107228e-01 -4.497978000716e-01
2.973642729257e-03
1.362309170136e-01 8.601281586402e-01 -4.915492731800e-01
3.622522579006e-03
1.153323495383e-01 8.760361683356e-01 -4.682510874711e-01
5.897120304507e-03
-1.153323495383e-01 8.760361683356e-01 -4.682510874711e-01
5.006751075427e-03
-1.362309170136e-01 8.601281586402e-01 -4.915492731800e-01
5.360271688466e-03
-3.417862129445e-01 8.251449107228e-01 -4.497978000716e-01
2.884178922612e-03
-3.916239557406e-01 7.686052897440e-01 -5.058424516267e-01
1.933006015839e-03
-5.465663953244e-01 7.122991943291e-01 -4.403351374353e-01
9.631504741897e-04
-6.080166031672e-01 6.080166031672e-01 -5.105209305662e-01
1.255469825954e-03
-7.122991943291e-01 5.465663953244e-01 -4.403351374353e-01
7.869968580025e-04
-7.686052897440e-01 3.916239557406e-01 -5.058424516267e-01
1.743402428072e-03
-8.251449107228e-01 3.417862129445e-01 -4.497978000716e-01
1.101354119955e-03
-8.601281586402e-01 1.362309170136e-01 -4.915492731800e-01
1.498234697997e-03
-8.760361683356e-01 1.153323495383e-01 -4.682510874711e-01
1.272549592155e-03
-8.760361683356e-01 -1.153323495383e-01 -4.682510874711e-01
1.073775152587e-03
-8.601281586402e-01 -1.362309170136e-01 -4.915492731800e-01
2.043715628554e-03
-8.251449107228e-01 -3.417862129445e-01 -4.497978000716e-01
2.328786706666e-03
-7.686052897440e-01 -3.916239557406e-01 -5.058424516267e-01
4.424073384128e-03
-7.122991943291e-01 -5.465663953244e-01 -4.403351374353e-01
5.531090891309e-03
-6.080166031672e-01 -6.080166031672e-01 -5.105209305662e-01
5.258094518409e-03
-5.465663953244e-01 -7.122991943291e-01 -4.403351374353e-01
3.518551074372e-03
-3.916239557406e-01 -7.686052897440e-01 -5.058424516267e-01
3.249991454821e-03
-3.417862129445e-01 -8.251449107228e-01 -4.497978000716e-01
2.531847393077e-03
-1.362309170136e-01 -8.601281586402e-01 -4.915492731800e-01
2.791748884547e-03
-1.153323495383e-01 -8.760361683356e-01 -4.682510874711e-01
4.269067675957e-03
1.153323495383e-01 -8.760361683356e-01 -4.682510874711e-01
3.927406583746e-03
1.362309170136e-01 -8.601281586402e-01 -4.915492731800e-01
4.175234839084e-03
3.417862129445e-01 -8.251449107228e-01 -4.497978000716e-01
2.782047594759e-03
3.916239557406e-01 -7.686052897440e-01 -5.058424516267e-01
1.904719087655e-03
5.465663953244e-01 -7.122991943291e-01 -4.403351374353e-01
1.198058057149e-03
6.080166031672e-01 -6.080166031672e-01 -5.105209305662e-01
1.536597069238e-03
7.122991943291e-01 -5.465663953244e-01 -4.403351374353e-01
1.039985731618e-03
7.686052897440e-01 -3.916239557406e-01 -5.058424516267e-01
2.232081823935e-03
8.251449107228e-01 -3.417862129445e-01 -4.497978000716e-01
1.272940648079e-03
8.601281586402e-01 -1.362309170136e-01 -4.915492731800e-01
1.702066182529e-03
8.760361683356e-01 -1.153323495383e-01 -4.682510874711e-01
4.841013664961e-04
7.672811492985e-01 1.215253954032e-01 -6.296913658319e-01
5.982327596708e-04
7.391018449059e-01 1.470164977049e-01 -6.573542517237e-01
1.604762779846e-03
7.068204811699e-01 3.601430233799e-01 -6.088528640891e-01
2.329509086786e-03
6.161513066557e-01 4.116991408334e-01 -6.714621245786e-01
3.292156951600e-03
5.648368665729e-01 5.648368665729e-01 -6.015967323051e-01
1.759039746514e-03
4.116991408334e-01 6.161513066557e-01 -6.714621245786e-01
1.619636079818e-03
3.601430233799e-01 7.068204811699e-01 -6.088528640891e-01
6.874839971103e-04
1.470164977049e-01 7.391018449059e-01 -6.573542517237e-01
7.778834517468e-04
1.215253954032e-01 7.672811492985e-01 -6.296913658319e-01
1.155146338157e-03
-1.215253954032e-01 7.672811492985e-01 -6.296913658319e-01
1.066071700929e-03
-1.470164977049e-01 7.391018449059e-01 -6.573542517237e-01
1.476689237952e-03
-3.601430233799e-01 7.068204811699e-01 -6.088528640891e-01
1.162739197814e-03
-4.116991408334e-01 6.161513066557e-01 -6.714621245786e-01
6.970167102445e-04
-5.648368665729e-01 5.648368665729e-01 -6.015967323051e-01
5.240000348521e-04
-6.161513066557e-01 4.116991408334e-01 -6.714621245786e-01
3.655531858370e-04
-7.068204811699e-01 3.601430233799e-01 -6.088528640891e-01
3.109709621251e-04
-7.391018449059e-01 1.470164977049e-01 -6.573542517237e-01
2.905638556654e-04
-7.672811492985e-01 1.215253954032e-01 -6.296913658319e-01
5.052065752245e-04
-7.672811492985e-01 -1.215253954032e-01 -6.296913658319e-01
6.619218008499e-04
-7.391018449059e-01 -1.470164977049e-01 -6.573542517237e-01
1.950171973795e-03
-7.068204811699e-01 -3.601430233799e-01 -6.088528640891e-01
3.735431200734e-03
-6.161513066557e-01 -4.116991408334e-01 -6.714621245786e-01
4.737912213984e-03
-5.648368665729e-01 -5.648368665729e-01 -6.015967323051e-01
4.000851304402e-03
-4.116991408334e-01 -6.161513066557e-01 -6.714621245786e-01
2.665017365429e-03
-3.601430233799e-01 -7.068204811699e-01 -6.088528640891e-01
1.528764773973e-03
-1.470164977049e-01 -7.391018449059e-01 -6.573542517237e-01
1.388018472714e-03
-1.215253954032e-01 -7.672811492985e-01 -6.296913658319e-01
1.920698161771e-03
1.215253954032e-01 -7.672811492985e-01 -6.296913658319e-01
2.214176966037e-03
1.470164977049e-01 -7.391018449059e-01 -6.573542517237e-01
2.254947295315e-03
3.601430233799e-01 -7.068204811699e-01 -6.088528640891e-01
2.731876425637e-03
4.116991408334e-01 -6.161513066557e-01 -6.714621245786e-01
1.123869173897e-03
5.648368665729e-01 -5.648368665729e-01 -6.015967323051e-01
1.025705430587e-03
6.161513066557e-01 -4.116991408334e-01 -6.714621245786e-01
5.473911081584e-04
7.068204811699e-01 -3.601430233799e-01 -6.088528640891e-01
3.938829622389e-04
7.391018449059e-01 -1.470164977049e-01 -6.573542517237e-01
3.481696142143e-04
7.672811492985e-01 -1.215253954032e-01 -6.296913658319e-01
8.094895602460e-04
6.294019098545e-01 1.251958239224e-01 -7.669284461695e-01
1.073394328250e-03
5.826978829809e-01 1.561334271760e-01 -7.975497038354e-01
1.571836102685e-03
5.540975440982e-01 3.702361422900e-01 -7.455877618138e-01
9.603239241179e-04
4.167473548937e-01 4.167473548937e-01 -8.078634070053e-01
8.923982291744e-04
3.702361422900e-01 5.540975440982e-01 -7.455877618138e-01
2.682929678957e-04
1.561334271760e-01 5.826978829809e-01 -7.975497038354e-01
2.853612194189e-04
1.251958239224e-01 6.294019098545e-01 -7.669284461695e-01
4.514090198975e-04
-1.251958239224e-01 6.294019098545e-01 -7.669284461695e-01
4.715375779224e-04
-1.561334271760e-01 5.826978829809e-01 -7.975497038354e-01
9.278555208567e-04
-3.702361422900e-01 5.540975440982e-01 -7.455877618138e-01
1.022639820590e-03
-4.167473548937e-01 4.167473548937e-01 -8.078634070053e-01
6.367601430394e-04
-5.540975440982e-01 3.702361422900e-01 -7.455877618138e-01
7.627071575675e-04
-5.826978829809e-01 1.561334271760e-01 -7.975497038354e-01
5.388812527401e-04
-6.294019098545e-01 1.251958239224e-01 -7.669284461695e-01
1.123496132687e-03
-6.294019098545e-01 -1.251958239224e-01 -7.669284461695e-01
1.845596001425e-03
-5.826978829809e-01 -1.561334271760e-01 -7.975497038354e-01
3.676534142768e-03
-5.540975440982e-01 -3.702361422900e-01 -7.455877618138e-01
4.921387285909e-03
-4.167473548937e-01 -4.167473548937e-01 -8.078634070053e-01
3.554202924169e-03
-3.702361422900e-01 -5.540975440982e-01 -7.455877618138e-01
2.397055933616e-03
-1.561334271760e-01 -5.826978829809e-01 -7.975497038354e-01
1.853147924308e-03
-1.251958239224e-01 -6.294019098545e-01 -7.669284461695e-01
2.925414071663e-03
1.251958239224e-01 -6.294019098545e-01 -7.669284461695e-01
4.305446671504e-03
1.561334271760e-01 -5.826978829809e-01 -7.975497038354e-01
4.002828108047e-03
3.702361422900e-01 -5.540975440982e-01 -7.455877618138e-01
5.988032569130e-03
4.167473548937e-01 -4.167473548937e-01 -8.078634070053e-01
1.766616696521e-03
5.540975440982e-01 -3.702361422900e-01 -7.455877618138e-01
1.376874229694e-03
5.826978829809e-01 -1.561334271760e-01 -7.975497038354e-01
7.909875675828e-04
6.294019098545e-01 -1.251958239224e-01 -7.669284461695e-01
9.362279803019e-04
4.676807377994e-01 1.253146760089e-01 -8.749691191512e-01
6.972219776264e-04
3.919257715109e-01 1.623409700034e-01 -9.055603784861e-01
4.584286389280e-04
3.639082454411e-01 3.639082454411e-01 -8.574039758480e-01
1.322270701981e-04
1.623409700034e-01 3.919257715109e-01 -9.055603784861e-01
1.291377946751e-04
1.253146760089e-01 4.676807377994e-01 -8.749691191512e-01
2.282016815254e-04
-1.253146760089e-01 4.676807377994e-01 -8.749691191512e-01
2.645077171477e-04
-1.623409700034e-01 3.919257715109e-01 -9.055603784861e-01
7.477875483709e-04
-3.639082454411e-01 3.639082454411e-01 -8.574039758480e-01
1.005899473049e-03
-3.919257715109e-01 1.623409700034e-01 -9.055603784861e-01
1.055920394054e-03
-4.676807377994e-01 1.253146760089e-01 -8.749691191512e-01
2.073964954424e-03
-4.676807377994e-01 -1.253146760089e-01 -8.749691191512e-01
2.452582659780e-03
-3.919257715109e-01 -1.623409700034e-01 -9.055603784861e-01
3.515143579755e-03
-3.639082454411e-01 -3.639082454411e-01 -8.574039758480e-01
2.815277089171e-03
-1.623409700034e-01 -3.919257715109e-01 -9.055603784861e-01
2.617096476293e-03
-1.253146760089e-01 -4.676807377994e-01 -8.749691191512e-01
4.824721554239e-03
1.253146760089e-01 -4.676807377994e-01 -8.749691191512e-01
5.942879020143e-03
1.623409700034e-01 -3.919257715109e-01 -9.055603784861e-01
6.364919350038e-03
3.639082454411e-01 -3.639082454411e-01 -8.574039758480e-01
3.554589596166e-03
3.919257715109e-01 -1.623409700034e-01 -9.055603784861e-01
2.325012290495e-03
4.676807377994e-01 -1.253146760089e-01 -8.749691191512e-01
3.182378405418e-04
2.882087470797e-01 1.193799718350e-01 -9.500969110735e-01
1.436563868679e-04
1.601449967080e-01 1.601449967080e-01 -9.740159957921e-01
7.715399328681e-05
1.193799718350e-01 2.882087470797e-01 -9.500969110735e-01
1.277996447086e-04
-1.193799718350e-01 2.882087470797e-01 -9.500969110735e-01
2.184259815699e-04
-1.601449967080e-01 1.601449967080e-01 -9.740159957921e-01
4.786589974956e-04
-2.882087470797e-01 1.193799718350e-01 -9.500969110735e-01
1.086779141141e-03
-2.882087470797e-01 -1.193799718350e-01 -9.500969110735e-01
9.514292689897e-04
-1.601449967080e-01 -1.601449967080e-01 -9.740159957921e-01
1.483763660997e-03
-1.193799718350e-01 -2.882087470797e-01 -9.500969110735e-01
2.523765980928e-03
1.193799718350e-01 -2.882087470797e-01 -9.500969110735e-01
1.452155122664e-03
1.601449967080e-01 -1.601449967080e-01 -9.740159957921e-01
1.614899572463e-03
2.882087470797e-01 -1.193799718350e-01 -9.500969110735e-01
7.906911988464e-05
9.754966309535e-02 9.754966309535e-02 -9.904383506609e-01
9.468306164666e-05
-9.754966309535e-02 9.754966309535e-02 -9.904383506609e-01
2.809438898634e-04
-9.754966309535e-02 -9.754966309535e-02 -9.904383506609e-01
3.351134062497e-04
9.754966309535e-02 -9.754966309535e-02 -9.904383506609e-01
3.901625654737e+00
-5.694907431730e-01 -9.030885283904e-02 -8.170217895131e-01
