513
1.758971175177e-02
9.754966309535e-02 9.754966309535e-02 9.904383506609e-01
1.669461705002e-02
-9.754966309535e-02 9.754966309535e-02 9.904383506609e-01
2.843665706421e-02
-9.754966309535e-02 -9.754966309535e-02 9.904383506609e-01
2.807868375085e-02
9.754966309535e-02 -9.754966309535e-02 9.904383506609e-01
1.252531265186e-02
2.882087470797e-01 1.193799718350e-01 9.500969110735e-01
2.107414282642e-02
1.601449967080e-01 1.601449967080e-01 9.740159957921e-01
1.066608277948e-02
1.193799718350e-01 2.882087470797e-01 9.500969110735e-01
1.063405359027e-02
-1.193799718350e-01 2.882087470797e-01 9.500969110735e-01
1.877798747914e-02
-1.601449967080e-01 1.601449967080e-01 9.740159957921e-01
8.198696218646e-03
-2.882087470797e-01 1.193799718350e-01 9.500969110735e-01
1.820312026283e-02
-2.882087470797e-01 -1.193799718350e-01 9.500969110735e-01
4.389562085345e-02
-1.601449967080e-01 -1.601449967080e-01 9.740159957921e-01
2.751181147384e-02
-1.193799718350e-01 -2.882087470797e-01 9.500969110735e-01
2.365916842666e-02
1.193799718350e-01 -2.882087470797e-01 9.500969110735e-01
4.169459681324e-02
1.601449967080e-01 -1.601449967080e-01 9.740159957921e-01
2.126335409108e-02
2.882087470797e-01 -1.193799718350e-01 9.500969110735e-01
7.314050044440e-03
4.676807377994e-01 1.253146760089e-01 8.749691191512e-01
9.089099810713e-03
3.919257715109e-01 1.623409700034e-01 9.055603784861e-01
4.468889089307e-03
3.639082454411e-01 3.639082454411e-01 8.574039758480e-01
8.367043832293e-03
1.623409700034e-01 3.919257715109e-01 9.055603784861e-01
6.901424811180e-03
1.253146760089e-01 4.676807377994e-01 8.749691191512e-01
7.945478338726e-03
-1.253146760089e-01 4.676807377994e-01 8.749691191512e-01
8.995441432829e-03
-1.623409700034e-01 3.919257715109e-01 9.055603784861e-01
2.884849362961e-03
-3.639082454411e-01 3.639082454411e-01 8.574039758480e-01
4.026856839557e-03
-3.919257715109e-01 1.623409700034e-01 9.055603784861e-01
2.398322509304e-03
-4.676807377994e-01 1.253146760089e-01 8.749691191512e-01
6.357773654522e-03
-4.676807377994e-01 -1.253146760089e-01 8.749691191512e-01
1.251399090815e-02
-3.919257715109e-01 -1.623409700034e-01 9.055603784861e-01
9.934474900224e-03
-3.639082454411e-01 -3.639082454411e-01 8.574039758480e-01
1.776023481234e-02
-1.623409700034e-01 -3.919257715109e-01 9.055603784861e-01
9.241804762677e-03
-1.253146760089e-01 -4.676807377994e-01 8.749691191512e-01
7.411311293839e-03
1.253146760089e-01 -4.676807377994e-01 8.749691191512e-01
1.381274473769e-02
1.623409700034e-01 -3.919257715109e-01 9.055603784861e-01
8.129315191526e-03
3.639082454411e-01 -3.639082454411e-01 8.574039758480e-01
1.658242459792e-02
3.919257715109e-01 -1.623409700034e-01 9.055603784861e-01
1.104584728944e-02
4.676807377994e-01 -1.253146760089e-01 8.749691191512e-01
5.976426553153e-03
6.294019098545e-01 1.251958239224e-01 7.669284461695e-01
6.455728189697e-03
5.826978829809e-01 1.561334271760e-01 7.975497038354e-01
4.958639418330e-03
5.540975440982e-01 3.702361422900e-01 7.455877618138e-01
4.938326694175e-03
4.167473548937e-01 4.167473548937e-01 8.078634070053e-01
5.090945759885e-03
3.702361422900e-01 5.540975440982e-01 7.455877618138e-01
6.703995887363e-03
1.561334271760e-01 5.826978829809e-01 7.975497038354e-01
6.361886569552e-03
1.251958239224e-01 6.294019098545e-01 7.669284461695e-01
7.638325160408e-03
-1.251958239224e-01 6.294019098545e-01 7.669284461695e-01
8.280308389608e-03
-1.561334271760e-01 5.826978829809e-01 7.975497038354e-01
4.356731236025e-03
-3.702361422900e-01 5.540975440982e-01 7.455877618138e-01
2.834318495325e-03
-4.167473548937e-01 4.167473548937e-01 8.078634070053e-01
1.431217051764e-03
-5.540975440982e-01 3.702361422900e-01 7.455877618138e-01
1.520741189396e-03
-5.826978829809e-01 1.561334271760e-01 7.975497038354e-01
1.482787343875e-03
-6.294019098545e-01 1.251958239224e-01 7.669284461695e-01
3.835332448516e-03
-6.294019098545e-01 -1.251958239224e-01 7.669284461695e-01
4.882534752475e-03
-5.826978829809e-01 -1.561334271760e-01 7.975497038354e-01
5.826175693841e-03
-5.540975440982e-01 -3.702361422900e-01 7.455877618138e-01
8.442235800742e-03
-4.167473548937e-01 -4.167473548937e-01 8.078634070053e-01
4.733062682910e-03
-3.702361422900e-01 -5.540975440982e-01 7.455877618138e-01
4.458394824614e-03
-1.561334271760e-01 -5.826978829809e-01 7.975497038354e-01
2.978194240519e-03
-1.251958239224e-01 -6.294019098545e-01 7.669284461695e-01
2.514663747800e-03
1.251958239224e-01 -6.294019098545e-01 7.669284461695e-01
3.569361062745e-03
1.561334271760e-01 -5.826978829809e-01 7.975497038354e-01
3.878944229025e-03
3.702361422900e-01 -5.540975440982e-01 7.455877618138e-01
6.937656084338e-03
4.167473548937e-01 -4.167473548937e-01 8.078634070053e-01
5.238719707090e-03
5.540975440982e-01 -3.702361422900e-01 7.455877618138e-01
7.921900728967e-03
5.826978829809e-01 -1.561334271760e-01 7.975497038354e-01
6.301850003107e-03
6.294019098545e-01 -1.251958239224e-01 7.669284461695e-01
5.712504008737e-03
7.672811492985e-01 1.215253954032e-01 6.296913658319e-01
6.433714453331e-03
7.391018449059e-01 1.470164977049e-01 6.573542517237e-01
8.196746729765e-03
7.068204811699e-01 3.601430233799e-01 6.088528640891e-01
7.453073865560e-03
6.161513066557e-01 4.116991408334e-01 6.714621245786e-01
1.042788922821e-02
5.648368665729e-01 5.648368665729e-01 6.015967323051e-01
7.783623736049e-03
4.116991408334e-01 6.161513066557e-01 6.714621245786e-01
8.704173654351e-03
3.601430233799e-01 7.068204811699e-01 6.088528640891e-01
6.565445913707e-03
1.470164977049e-01 7.391018449059e-01 6.573542517237e-01
5.792728882180e-03
1.215253954032e-01 7.672811492985e-01 6.296913658319e-01
5.979935096216e-03
-1.215253954032e-01 7.672811492985e-01 6.296913658319e-01
7.090038529096e-03
-1.470164977049e-01 7.391018449059e-01 6.573542517237e-01
6.796828317379e-03
-3.601430233799e-01 7.068204811699e-01 6.088528640891e-01
5.676959351091e-03
-4.116991408334e-01 6.161513066557e-01 6.714621245786e-01
3.884644841817e-03
-5.648368665729e-01 5.648368665729e-01 6.015967323051e-01
1.949139920454e-03
-6.161513066557e-01 4.116991408334e-01 6.714621245786e-01
2.093898177835e-03
-7.068204811699e-01 3.601430233799e-01 6.088528640891e-01
2.505287986998e-03
-7.391018449059e-01 1.470164977049e-01 6.573542517237e-01
3.146183993153e-03
-7.672811492985e-01 1.215253954032e-01 6.296913658319e-01
6.581016284917e-03
-7.672811492985e-01 -1.215253954032e-01 6.296913658319e-01
6.259520791282e-03
-7.391018449059e-01 -1.470164977049e-01 6.573542517237e-01
6.804102056525e-03
-7.068204811699e-01 -3.601430233799e-01 6.088528640891e-01
6.283183532670e-03
-6.161513066557e-01 -4.116991408334e-01 6.714621245786e-01
5.399569736079e-03
-5.648368665729e-01 -5.648368665729e-01 6.015967323051e-01
4.759333300579e-03
-4.116991408334e-01 -6.161513066557e-01 6.714621245786e-01
4.096436239916e-03
-3.601430233799e-01 -7.068204811699e-01 6.088528640891e-01
2.342770413963e-03
-1.470164977049e-01 -7.391018449059e-01 6.573542517237e-01
2.034542150058e-03
-1.215253954032e-01 -7.672811492985e-01 6.296913658319e-01
1.749577464135e-03
1.215253954032e-01 -7.672811492985e-01 6.296913658319e-01
1.998262194425e-03
1.470164977049e-01 -7.391018449059e-01 6.573542517237e-01
3.827759853881e-03
3.601430233799e-01 -7.068204811699e-01 6.088528640891e-01
4.476374630805e-03
4.116991408334e-01 -6.161513066557e-01 6.714621245786e-01
5.700861797945e-03
5.648368665729e-01 -5.648368665729e-01 6.015967323051e-01
4.999861403339e-03
6.161513066557e-01 -4.116991408334e-01 6.714621245786e-01
3.695440677212e-03
7.068204811699e-01 -3.601430233799e-01 6.088528640891e-01
4.403506649257e-03
7.391018449059e-01 -1.470164977049e-01 6.573542517237e-01
3.803498947491e-03
7.672811492985e-01 -1.215253954032e-01 6.296913658319e-01
4.935448233883e-03
8.760361683356e-01 1.153323495383e-01 4.682510874711e-01
5.853600246601e-03
8.601281586402e-01 1.362309170136e-01 4.915492731800e-01
1.019669463463e-02
8.251449107228e-01 3.417862129445e-01 4.497978000716e-01
1.220881567275e-02
7.686052897440e-01 3.916239557406e-01 5.058424516267e-01
1.871685636842e-02
7.122991943291e-01 5.465663953244e-01 4.403351374353e-01
1.879706501310e-02
6.080166031672e-01 6.080166031672e-01 5.105209305662e-01
2.367154796816e-02
5.465663953244e-01 7.122991943291e-01 4.403351374353e-01
1.447130845550e-02
3.916239557406e-01 7.686052897440e-01 5.058424516267e-01
1.235921356688e-02
3.417862129445e-01 8.251449107228e-01 4.497978000716e-01
5.388796142438e-03
1.362309170136e-01 8.601281586402e-01 4.915492731800e-01
4.538418253526e-03
1.153323495383e-01 8.760361683356e-01 4.682510874711e-01
3.814173875507e-03
-1.153323495383e-01 8.760361683356e-01 4.682510874711e-01
4.511885091560e-03
-1.362309170136e-01 8.601281586402e-01 4.915492731800e-01
7.269850455664e-03
-3.417862129445e-01 8.251449107228e-01 4.497978000716e-01
8.548082609052e-03
-3.916239557406e-01 7.686052897440e-01 5.058424516267e-01
9.469866111965e-03
-5.465663953244e-01 7.122991943291e-01 4.403351374353e-01
6.300923398321e-03
-6.080166031672e-01 6.080166031672e-01 5.105209305662e-01
5.654933716498e-03
-7.122991943291e-01 5.465663953244e-01 4.403351374353e-01
4.077951106768e-03
-7.686052897440e-01 3.916239557406e-01 5.058424516267e-01
5.459480839642e-03
-8.251449107228e-01 3.417862129445e-01 4.497978000716e-01
1.007677724641e-02
-8.601281586402e-01 1.362309170136e-01 4.915492731800e-01
1.203281680596e-02
-8.760361683356e-01 1.153323495383e-01 4.682510874711e-01
2.005213432166e-02
-8.760361683356e-01 -1.153323495383e-01 4.682510874711e-01
1.860528218444e-02
-8.601281586402e-01 -1.362309170136e-01 4.915492731800e-01
1.320835844435e-02
-8.251449107228e-01 -3.417862129445e-01 4.497978000716e-01
1.004242185054e-02
-7.686052897440e-01 -3.916239557406e-01 5.058424516267e-01
8.826836876599e-03
-7.122991943291e-01 -5.465663953244e-01 4.403351374353e-01
7.774096995512e-03
-6.080166031672e-01 -6.080166031672e-01 5.105209305662e-01
1.136117876515e-02
-5.465663953244e-01 -7.122991943291e-01 4.403351374353e-01
7.558202150926e-03
-3.916239557406e-01 -7.686052897440e-01 5.058424516267e-01
8.714076342576e-03
-3.417862129445e-01 -8.251449107228e-01 4.497978000716e-01
3.197662011187e-03
-1.362309170136e-01 -8.601281586402e-01 4.915492731800e-01
2.941862836185e-03
-1.153323495383e-01 -8.760361683356e-01 4.682510874711e-01
2.063207549397e-03
1.153323495383e-01 -8.760361683356e-01 4.682510874711e-01
2.254539538784e-03
1.362309170136e-01 -8.601281586402e-01 4.915492731800e-01
5.697689996680e-03
3.417862129445e-01 -8.251449107228e-01 4.497978000716e-01
6.759330739254e-03
3.916239557406e-01 -7.686052897440e-01 5.058424516267e-01
1.518795644896e-02
5.465663953244e-01 -7.122991943291e-01 4.403351374353e-01
9.726069038567e-03
6.080166031672e-01 -6.080166031672e-01 5.105209305662e-01
8.959072294651e-03
7.122991943291e-01 -5.465663953244e-01 4.403351374353e-01
3.886126232315e-03
7.686052897440e-01 -3.916239557406e-01 5.058424516267e-01
2.935118173257e-03
8.251449107228e-01 -3.417862129445e-01 4.497978000716e-01
2.783058554872e-03
8.601281586402e-01 -1.362309170136e-01 4.915492731800e-01
2.549765234678e-03
8.760361683356e-01 -1.153323495383e-01 4.682510874711e-01
4.201903396590e-03
9.514259489692e-01 1.071999587676e-01 2.886119063178e-01
4.880475363981e-03
9.435493257921e-01 1.242206253374e-01 3.070568449620e-01
7.876365116661e-03
9.079183105646e-01 3.176943572541e-01 2.734129417392e-01
1.067130233227e-02
8.754336959030e-01 3.626165098014e-01 3.195701971352e-01
1.431318070703e-02
8.166418539992e-01 5.131300862176e-01 2.641847779778e-01
2.234796943197e-02
7.500752876024e-01 5.755530111934e-01 3.257695416003e-01
2.658952364679e-02
6.825802229792e-01 6.825802229792e-01 2.610909389377e-01
3.408661621606e-02
5.755530111934e-01 7.500752876024e-01 3.257695416003e-01
3.065930286902e-02
5.131300862176e-01 8.166418539992e-01 2.641847779778e-01
1.814815173262e-02
3.626165098014e-01 8.754336959030e-01 3.195701971352e-01
1.388832564694e-02
3.176943572541e-01 9.079183105646e-01 2.734129417392e-01
5.226200835568e-03
1.242206253374e-01 9.435493257921e-01 3.070568449620e-01
4.623164715564e-03
1.071999587676e-01 9.514259489692e-01 2.886119063178e-01
3.805448724463e-03
-1.071999587676e-01 9.514259489692e-01 2.886119063178e-01
4.135648212411e-03
-1.242206253374e-01 9.435493257921e-01 3.070568449620e-01
8.900043523611e-03
-3.176943572541e-01 9.079183105646e-01 2.734129417392e-01
1.028364896314e-02
-3.626165098014e-01 8.754336959030e-01 3.195701971352e-01
1.712014163744e-02
-5.131300862176e-01 8.166418539992e-01 2.641847779778e-01
1.477106391261e-02
-5.755530111934e-01 7.500752876024e-01 3.257695416003e-01
1.179135418456e-02
-6.825802229792e-01 6.825802229792e-01 2.610909389377e-01
8.062230635749e-03
-7.500752876024e-01 5.755530111934e-01 3.257695416003e-01
6.435235210980e-03
-8.166418539992e-01 5.131300862176e-01 2.641847779778e-01
8.290090926101e-03
-8.754336959030e-01 3.626165098014e-01 3.195701971352e-01
9.200399842098e-03
-9.079183105646e-01 3.176943572541e-01 2.734129417392e-01
2.580980867361e-02
-9.435493257921e-01 1.242206253374e-01 3.070568449620e-01
2.607423459862e-02
-9.514259489692e-01 1.071999587676e-01 2.886119063178e-01
3.978860335252e-02
-9.514259489692e-01 -1.071999587676e-01 2.886119063178e-01
4.171244437999e-02
-9.435493257921e-01 -1.242206253374e-01 3.070568449620e-01
2.200216919897e-02
-9.079183105646e-01 -3.176943572541e-01 2.734129417392e-01
1.909280154681e-02
-8.754336959030e-01 -3.626165098014e-01 3.195701971352e-01
1.358923132479e-02
-8.166418539992e-01 -5.131300862176e-01 2.641847779778e-01
1.383232492653e-02
-7.500752876024e-01 -5.755530111934e-01 3.257695416003e-01
2.405249937689e-02
-6.825802229792e-01 -6.825802229792e-01 2.610909389377e-01
2.763489780100e-02
-5.755530111934e-01 -7.500752876024e-01 3.257695416003e-01
4.828448857515e-02
-5.131300862176e-01 -8.166418539992e-01 2.641847779778e-01
2.575652952679e-02
-3.626165098014e-01 -8.754336959030e-01 3.195701971352e-01
2.479793723727e-02
-3.176943572541e-01 -9.079183105646e-01 2.734129417392e-01
5.505964165923e-03
-1.242206253374e-01 -9.435493257921e-01 3.070568449620e-01
4.645521297957e-03
-1.071999587676e-01 -9.514259489692e-01 2.886119063178e-01
2.145559937173e-03
1.071999587676e-01 -9.514259489692e-01 2.886119063178e-01
2.428343394799e-03
1.242206253374e-01 -9.435493257921e-01 3.070568449620e-01
6.091049979047e-03
3.176943572541e-01 -9.079183105646e-01 2.734129417392e-01
9.473590563074e-03
3.626165098014e-01 -8.754336959030e-01 3.195701971352e-01
3.459259853657e-02
5.131300862176e-01 -8.166418539992e-01 2.641847779778e-01
3.722171470119e-02
5.755530111934e-01 -7.500752876024e-01 3.257695416003e-01
5.269579393741e-02
6.825802229792e-01 -6.825802229792e-01 2.610909389377e-01
1.989716794376e-02
7.500752876024e-01 -5.755530111934e-01 3.257695416003e-01
1.510536676679e-02
8.166418539992e-01 -5.131300862176e-01 2.641847779778e-01
4.265301145674e-03
8.754336959030e-01 -3.626165098014e-01 3.195701971352e-01
3.627667326602e-03
9.079183105646e-01 -3.176943572541e-01 2.734129417392e-01
2.648021428175e-03
9.435493257921e-01 -1.242206253374e-01 3.070568449620e-01
2.522035793142e-03
9.514259489692e-01 -1.071999587676e-01 2.886119063178e-01
4.686381613027e-03
9.904383506609e-01 9.754966309535e-02 9.754966309535e-02
5.183426896831e-03
9.875415564011e-01 1.112692104332e-01 1.112692104332e-01
5.484785713059e-03
9.534076362023e-01 2.892130445679e-01 8.584692238504e-02
6.612321216621e-03
9.369320803932e-01 3.278467144100e-01 1.211396243213e-01
6.465722392399e-03
8.792329959207e-01 4.699598274150e-01 7.801986606203e-02
9.867870757474e-03
8.398628335694e-01 5.277207947278e-01 1.270479578768e-01
1.014620285589e-02
7.708853463782e-01 6.326492539332e-01 7.409928634720e-02
1.961211295629e-02
7.011972415210e-01 7.011972415210e-01 1.290149486172e-01
1.921127180723e-02
6.326492539332e-01 7.708853463782e-01 7.409928634720e-02
3.017382516817e-02
5.277207947278e-01 8.398628335694e-01 1.270479578768e-01
2.534622815986e-02
4.699598274150e-01 8.792329959207e-01 7.801986606203e-02
2.019699126909e-02
3.278467144100e-01 9.369320803932e-01 1.211396243213e-01
1.721573433721e-02
2.892130445679e-01 9.534076362023e-01 8.584692238504e-02
1.007400291253e-02
1.112692104332e-01 9.875415564011e-01 1.112692104332e-01
9.484597304974e-03
9.754966309535e-02 9.904383506609e-01 9.754966309535e-02
1.005879932383e-02
-9.754966309535e-02 9.904383506609e-01 9.754966309535e-02
1.048092616687e-02
-1.112692104332e-01 9.875415564011e-01 1.112692104332e-01
2.244028852285e-02
-2.892130445679e-01 9.534076362023e-01 8.584692238504e-02
2.261609474840e-02
-3.278467144100e-01 9.369320803932e-01 1.211396243213e-01
3.848717131900e-02
-4.699598274150e-01 8.792329959207e-01 7.801986606203e-02
3.231093714115e-02
-5.277207947278e-01 8.398628335694e-01 1.270479578768e-01
2.368450074771e-02
-6.326492539332e-01 7.708853463782e-01 7.409928634719e-02
1.447915475360e-02
-7.011972415210e-01 7.011972415210e-01 1.290149486172e-01
7.468801845546e-03
-7.708853463782e-01 6.326492539332e-01 7.409928634720e-02
5.472452375294e-03
-8.398628335694e-01 5.277207947278e-01 1.270479578768e-01
3.875697797875e-03
-8.792329959207e-01 4.699598274150e-01 7.801986606203e-02
6.827654486962e-03
-9.369320803932e-01 3.278467144100e-01 1.211396243213e-01
6.447172932210e-03
-9.534076362023e-01 2.892130445679e-01 8.584692238504e-02
2.077390955110e-02
-9.875415564011e-01 1.112692104332e-01 1.112692104332e-01
1.885014465482e-02
-9.904383506609e-01 9.754966309535e-02 9.754966309535e-02
2.959047035489e-02
-9.904383506609e-01 -9.754966309535e-02 9.754966309535e-02
3.436325961040e-02
-9.875415564011e-01 -1.112692104332e-01 1.112692104332e-01
1.903289389183e-02
-9.534076362023e-01 -2.892130445679e-01 8.584692238504e-02
2.028951381830e-02
-9.369320803932e-01 -3.278467144100e-01 1.211396243213e-01
1.322907403594e-02
-8.792329959207e-01 -4.699598274150e-01 7.801986606203e-02
1.627559911677e-02
-8.398628335694e-01 -5.277207947278e-01 1.270479578768e-01
2.547221434625e-02
-7.708853463782e-01 -6.326492539332e-01 7.409928634720e-02
4.562431271487e-02
-7.011972415210e-01 -7.011972415210e-01 1.290149486172e-01
9.362339471410e-02
-6.326492539332e-01 -7.708853463782e-01 7.409928634719e-02
1.312248236627e-01
-5.277207947278e-01 -8.398628335694e-01 1.270479578768e-01
1.498444040702e-01
-4.699598274150e-01 -8.792329959207e-01 7.801986606203e-02
6.051257918585e-02
-3.278467144100e-01 -9.369320803932e-01 1.211396243213e-01
4.171916841689e-02
-2.892130445679e-01 -9.534076362023e-01 8.584692238503e-02
6.151617259435e-03
-1.112692104332e-01 -9.875415564011e-01 1.112692104332e-01
4.796170471754e-03
-9.754966309535e-02 -9.904383506609e-01 9.754966309535e-02
1.505833350761e-03
9.754966309535e-02 -9.904383506609e-01 9.754966309535e-02
1.720839934536e-03
1.112692104332e-01 -9.875415564011e-01 1.112692104332e-01
3.604122512837e-03
2.892130445679e-01 -9.534076362023e-01 8.584692238504e-02
6.294906673290e-03
3.278467144100e-01 -9.369320803932e-01 1.211396243213e-01
3.144267305314e-02
4.699598274150e-01 -8.792329959207e-01 7.801986606203e-02
6.323680117588e-02
5.277207947278e-01 -8.398628335694e-01 1.270479578768e-01
1.529706423877e-01
6.326492539332e-01 -7.708853463782e-01 7.409928634719e-02
1.415245572242e-01
7.011972415210e-01 -7.011972415210e-01 1.290149486172e-01
1.296827542591e-01
7.708853463782e-01 -6.326492539332e-01 7.409928634719e-02
4.264396293182e-02
8.398628335694e-01 -5.277207947278e-01 1.270479578768e-01
3.091902671323e-02
8.792329959207e-01 -4.699598274150e-01 7.801986606203e-02
8.627921813689e-03
9.369320803932e-01 -3.278467144100e-01 1.211396243213e-01
7.725189867394e-03
9.534076362023e-01 -2.892130445679e-01 8.584692238504e-02
4.622350743538e-03
9.875415564011e-01 -1.112692104332e-01 1.112692104332e-01
4.348222214870e-03
9.904383506609e-01 -9.754966309535e-02 9.754966309535e-02
7.903243035390e-03
9.904383506609e-01 9.754966309535e-02 -9.754966309535e-02
9.001933344653e-03
9.875415564011e-01 1.112692104332e-01 -1.112692104332e-01
5.477154716261e-03
9.534076362023e-01 2.892130445679e-01 -8.584692238504e-02
5.767559817590e-03
9.369320803932e-01 3.278467144100e-01 -1.211396243213e-01
4.289871415971e-03
8.792329959207e-01 4.699598274150e-01 -7.801986606203e-02
4.366643229372e-03
8.398628335694e-01 5.277207947278e-01 -1.270479578768e-01
5.440557886684e-03
7.708853463782e-01 6.326492539332e-01 -7.409928634720e-02
6.803285869095e-03
7.011972415210e-01 7.011972415210e-01 -1.290149486172e-01
1.088279114187e-02
6.326492539332e-01 7.708853463782e-01 -7.409928634720e-02
1.677510929332e-02
5.277207947278e-01 8.398628335694e-01 -1.270479578768e-01
2.077973264580e-02
4.699598274150e-01 8.792329959207e-01 -7.801986606203e-02
3.092005563718e-02
3.278467144100e-01 9.369320803932e-01 -1.211396243213e-01
2.734888472352e-02
2.892130445679e-01 9.534076362023e-01 -8.584692238504e-02
3.991961040481e-02
1.112692104332e-01 9.875415564011e-01 -1.112692104332e-01
3.357657609887e-02
9.754966309535e-02 9.904383506609e-01 -9.754966309535e-02
5.354283423158e-02
-9.754966309535e-02 9.904383506609e-01 -9.754966309535e-02
7.011649876761e-02
-1.112692104332e-01 9.875415564011e-01 -1.112692104332e-01
9.217436374219e-02
-2.892130445679e-01 9.534076362023e-01 -8.584692238504e-02
1.439615973202e-01
-3.278467144100e-01 9.369320803932e-01 -1.211396243213e-01
9.413057989229e-02
-4.699598274150e-01 8.792329959207e-01 -7.801986606203e-02
9.891501104487e-02
-5.277207947278e-01 8.398628335694e-01 -1.270479578768e-01
3.335268308754e-02
-6.326492539332e-01 7.708853463782e-01 -7.409928634719e-02
1.740175009692e-02
-7.011972415210e-01 7.011972415210e-01 -1.290149486172e-01
6.694848876552e-03
-7.708853463782e-01 6.326492539332e-01 -7.409928634720e-02
3.310826158297e-03
-8.398628335694e-01 5.277207947278e-01 -1.270479578768e-01
2.532513790073e-03
-8.792329959207e-01 4.699598274150e-01 -7.801986606203e-02
3.016554334628e-03
-9.369320803932e-01 3.278467144100e-01 -1.211396243213e-01
3.422412231768e-03
-9.534076362023e-01 2.892130445679e-01 -8.584692238504e-02
8.753099369784e-03
-9.875415564011e-01 1.112692104332e-01 -1.112692104332e-01
8.705562910261e-03
-9.904383506609e-01 9.754966309535e-02 -9.754966309535e-02
1.416091340279e-02
-9.904383506609e-01 -9.754966309535e-02 -9.754966309535e-02
1.513137045865e-02
-9.875415564011e-01 -1.112692104332e-01 -1.112692104332e-01
1.139450184764e-02
-9.534076362023e-01 -2.892130445679e-01 -8.584692238504e-02
1.073752181019e-02
-9.369320803932e-01 -3.278467144100e-01 -1.211396243213e-01
1.056987722876e-02
-8.792329959207e-01 -4.699598274150e-01 -7.801986606203e-02
1.353128694179e-02
-8.398628335694e-01 -5.277207947278e-01 -1.270479578768e-01
2.748551555526e-02
-7.708853463782e-01 -6.326492539332e-01 -7.409928634720e-02
6.467723178113e-02
-7.011972415210e-01 -7.011972415210e-01 -1.290149486172e-01
1.273486117098e-01
-6.326492539332e-01 -7.708853463782e-01 -7.409928634719e-02
2.446933327371e-01
-5.277207947278e-01 -8.398628335694e-01 -1.270479578768e-01
2.210033262358e-01
-4.699598274150e-01 -8.792329959207e-01 -7.801986606203e-02
9.565275481296e-02
-3.278467144100e-01 -9.369320803932e-01 -1.211396243213e-01
5.495718006039e-02
-2.892130445679e-01 -9.534076362023e-01 -8.584692238503e-02
6.454697925381e-03
-1.112692104332e-01 -9.875415564011e-01 -1.112692104332e-01
4.871842069555e-03
-9.754966309535e-02 -9.904383506609e-01 -9.754966309535e-02
1.228604293908e-03
9.754966309535e-02 -9.904383506609e-01 -9.754966309535e-02
1.365252954138e-03
1.112692104332e-01 -9.875415564011e-01 -1.112692104332e-01
3.064710233062e-03
2.892130445679e-01 -9.534076362023e-01 -8.584692238504e-02
5.391321883310e-03
3.278467144100e-01 -9.369320803932e-01 -1.211396243213e-01
3.426265094862e-02
4.699598274150e-01 -8.792329959207e-01 -7.801986606203e-02
8.891379506953e-02
5.277207947278e-01 -8.398628335694e-01 -1.270479578768e-01
2.321494049593e-01
6.326492539332e-01 -7.708853463782e-01 -7.409928634719e-02
3.796755885723e-01
7.011972415210e-01 -7.011972415210e-01 -1.290149486172e-01
2.681718448850e-01
7.708853463782e-01 -6.326492539332e-01 -7.409928634719e-02
1.765022003953e-01
8.398628335694e-01 -5.277207947278e-01 -1.270479578768e-01
7.972377971789e-02
8.792329959207e-01 -4.699598274150e-01 -7.801986606203e-02
3.661376409726e-02
9.369320803932e-01 -3.278467144100e-01 -1.211396243213e-01
2.170011767998e-02
9.534076362023e-01 -2.892130445679e-01 -8.584692238504e-02
1.364176913441e-02
9.875415564011e-01 -1.112692104332e-01 -1.112692104332e-01
1.107826001342e-02
9.904383506609e-01 -9.754966309535e-02 -9.754966309535e-02
1.353873287828e-02
9.514259489692e-01 1.071999587676e-01 -2.886119063178e-01
1.472238038983e-02
9.435493257921e-01 1.242206253374e-01 -3.070568449620e-01
6.830980003199e-03
9.079183105646e-01 3.176943572541e-01 -2.734129417392e-01
7.005796749817e-03
8.754336959030e-01 3.626165098014e-01 -3.195701971352e-01
3.937621161046e-03
8.166418539992e-01 5.131300862176e-01 -2.641847779778e-01
4.484293884354e-03
7.500752876024e-01 5.755530111934e-01 -3.257695416003e-01
4.865545116801e-03
6.825802229792e-01 6.825802229792e-01 -2.610909389377e-01
7.923989784936e-03
5.755530111934e-01 7.500752876024e-01 -3.257695416003e-01
1.176307362054e-02
5.131300862176e-01 8.166418539992e-01 -2.641847779778e-01
2.510867692941e-02
3.626165098014e-01 8.754336959030e-01 -3.195701971352e-01
3.062008633646e-02
3.176943572541e-01 9.079183105646e-01 -2.734129417392e-01
7.466951386788e-02
1.242206253374e-01 9.435493257921e-01 -3.070568449620e-01
7.235846118568e-02
1.071999587676e-01 9.514259489692e-01 -2.886119063178e-01
1.681550863216e-01
-1.071999587676e-01 9.514259489692e-01 -2.886119063178e-01
2.005686447002e-01
-1.242206253374e-01 9.435493257921e-01 -3.070568449620e-01
2.562955142044e-01
-3.176943572541e-01 9.079183105646e-01 -2.734129417392e-01
2.638138816196e-01
-3.626165098014e-01 8.754336959030e-01 -3.195701971352e-01
1.224488112659e-01
-5.131300862176e-01 8.166418539992e-01 -2.641847779778e-01
6.449394518073e-02
-5.755530111934e-01 7.500752876024e-01 -3.257695416003e-01
1.838738316727e-02
-6.825802229792e-01 6.825802229792e-01 -2.610909389377e-01
7.415254598621e-03
-7.500752876024e-01 5.755530111934e-01 -3.257695416003e-01
3.475351689640e-03
-8.166418539992e-01 5.131300862176e-01 -2.641847779778e-01
3.383940462597e-03
-8.754336959030e-01 3.626165098014e-01 -3.195701971352e-01
2.962528408030e-03
-9.079183105646e-01 3.176943572541e-01 -2.734129417392e-01
7.230476647523e-03
-9.435493257921e-01 1.242206253374e-01 -3.070568449620e-01
6.857470349714e-03
-9.514259489692e-01 1.071999587676e-01 -2.886119063178e-01
9.953415418200e-03
-9.514259489692e-01 -1.071999587676e-01 -2.886119063178e-01
1.072386923034e-02
-9.435493257921e-01 -1.242206253374e-01 -3.070568449620e-01
7.475316103057e-03
-9.079183105646e-01 -3.176943572541e-01 -2.734129417392e-01
7.394330229651e-03
-8.754336959030e-01 -3.626165098014e-01 -3.195701971352e-01
9.886322380333e-03
-8.166418539992e-01 -5.131300862176e-01 -2.641847779778e-01
1.487401514633e-02
-7.500752876024e-01 -5.755530111934e-01 -3.257695416003e-01
4.380326454663e-02
-6.825802229792e-01 -6.825802229792e-01 -2.610909389377e-01
8.487166043508e-02
-5.755530111934e-01 -7.500752876024e-01 -3.257695416003e-01
1.543289673070e-01
-5.131300862176e-01 -8.166418539992e-01 -2.641847779778e-01
9.612177791675e-02
-3.626165098014e-01 -8.754336959030e-01 -3.195701971352e-01
7.090100280770e-02
-3.176943572541e-01 -9.079183105646e-01 -2.734129417392e-01
9.959242901298e-03
-1.242206253374e-01 -9.435493257921e-01 -3.070568449620e-01
7.344075776976e-03
-1.071999587676e-01 -9.514259489692e-01 -2.886119063178e-01
1.981699878273e-03
1.071999587676e-01 -9.514259489692e-01 -2.886119063178e-01
2.354000027535e-03
1.242206253374e-01 -9.435493257921e-01 -3.070568449620e-01
6.058740202316e-03
3.176943572541e-01 -9.079183105646e-01 -2.734129417392e-01
1.269332083127e-02
3.626165098014e-01 -8.754336959030e-01 -3.195701971352e-01
7.352878939414e-02
5.131300862176e-01 -8.166418539992e-01 -2.641847779778e-01
1.466974759679e-01
5.755530111934e-01 -7.500752876024e-01 -3.257695416003e-01
2.996617688613e-01
6.825802229792e-01 -6.825802229792e-01 -2.610909389377e-01
2.196472078880e-01
7.500752876024e-01 -5.755530111934e-01 -3.257695416003e-01
1.739198763816e-01
8.166418539992e-01 -5.131300862176e-01 -2.641847779778e-01
6.649544682368e-02
8.754336959030e-01 -3.626165098014e-01 -3.195701971352e-01
4.874997545515e-02
9.079183105646e-01 -3.176943572541e-01 -2.734129417392e-01
2.547821748498e-02
9.435493257921e-01 -1.242206253374e-01 -3.070568449620e-01
2.189868036899e-02
9.514259489692e-01 -1.071999587676e-01 -2.886119063178e-01
1.597071237599e-02
8.760361683356e-01 1.153323495383e-01 -4.682510874711e-01
1.693764364513e-02
8.601281586402e-01 1.362309170136e-01 -4.915492731800e-01
9.658676721673e-03
8.251449107228e-01 3.417862129445e-01 -4.497978000716e-01
1.085497325547e-02
7.686052897440e-01 3.916239557406e-01 -5.058424516267e-01
5.700803811646e-03
7.122991943291e-01 5.465663953244e-01 -4.403351374353e-01
7.827981515398e-03
6.080166031672e-01 6.080166031672e-01 -5.105209305662e-01
7.402157088627e-03
5.465663953244e-01 7.122991943291e-01 -4.403351374353e-01
1.294508053656e-02
3.916239557406e-01 7.686052897440e-01 -5.058424516267e-01
1.763234756505e-02
3.417862129445e-01 8.251449107228e-01 -4.497978000716e-01
3.782379217142e-02
1.362309170136e-01 8.601281586402e-01 -4.915492731800e-01
4.421331304855e-02
1.153323495383e-01 8.760361683356e-01 -4.682510874711e-01
1.029853469972e-01
-1.153323495383e-01 8.760361683356e-01 -4.682510874711e-01
9.624750841265e-02
-1.362309170136e-01 8.601281586402e-01 -4.915492731800e-01
1.356884562954e-01
-3.417862129445e-01 8.251449107228e-01 -4.497978000716e-01
7.474047038594e-02
-3.916239557406e-01 7.686052897440e-01 -5.058424516267e-01
4.484236428398e-02
-5.465663953244e-01 7.122991943291e-01 -4.403351374353e-01
1.841303424311e-02
-6.080166031672e-01 6.080166031672e-01 -5.105209305662e-01
8.839626480375e-03
-7.122991943291e-01 5.465663953244e-01 -4.403351374353e-01
8.271029037613e-03
-7.686052897440e-01 3.916239557406e-01 -5.058424516267e-01
5.883634450599e-03
-8.251449107228e-01 3.417862129445e-01 -4.497978000716e-01
1.318637079209e-02
-8.601281586402e-01 1.362309170136e-01 -4.915492731800e-01
1.150723320644e-02
-8.760361683356e-01 1.153323495383e-01 -4.682510874711e-01
1.166427245601e-02
-8.760361683356e-01 -1.153323495383e-01 -4.682510874711e-01
1.247962455485e-02
-8.601281586402e-01 -1.362309170136e-01 -4.915492731800e-01
6.325677447690e-03
-8.251449107228e-01 -3.417862129445e-01 -4.497978000716e-01
6.205634622690e-03
-7.686052897440e-01 -3.916239557406e-01 -5.058424516267e-01
9.166060274108e-03
-7.122991943291e-01 -5.465663953244e-01 -4.403351374353e-01
1.281225624297e-02
-6.080166031672e-01 -6.080166031672e-01 -5.105209305662e-01
3.593786109292e-02
-5.465663953244e-01 -7.122991943291e-01 -4.403351374353e-01
3.684770191028e-02
-3.916239557406e-01 -7.686052897440e-01 -5.058424516267e-01
4.534448605181e-02
-3.417862129445e-01 -8.251449107228e-01 -4.497978000716e-01
1.489456384660e-02
-1.362309170136e-01 -8.601281586402e-01 -4.915492731800e-01
1.172760513053e-02
-1.153323495383e-01 -8.760361683356e-01 -4.682510874711e-01
5.086317724188e-03
1.153323495383e-01 -8.760361683356e-01 -4.682510874711e-01
6.350966258744e-03
1.362309170136e-01 -8.601281586402e-01 -4.915492731800e-01
1.376512436690e-02
3.417862129445e-01 -8.251449107228e-01 -4.497978000716e-01
2.348167394984e-02
3.916239557406e-01 -7.686052897440e-01 -5.058424516267e-01
7.324178617594e-02
5.465663953244e-01 -7.122991943291e-01 -4.403351374353e-01
5.648698837128e-02
6.080166031672e-01 -6.080166031672e-01 -5.105209305662e-01
8.731135129352e-02
7.122991943291e-01 -5.465663953244e-01 -4.403351374353e-01
2.883518711364e-02
7.686052897440e-01 -3.916239557406e-01 -5.058424516267e-01
3.267873546852e-02
8.251449107228e-01 -3.417862129445e-01 -4.497978000716e-01
1.782510860048e-02
8.601281586402e-01 -1.362309170136e-01 -4.915492731800e-01
1.791398109609e-02
8.760361683356e-01 -1.153323495383e-01 -4.682510874711e-01
1.357528944515e-02
7.672811492985e-01 1.215253954032e-01 -6.296913658319e-01
1.478020378363e-02
7.391018449059e-01 1.470164977049e-01 -6.573542517237e-01
1.416333233713e-02
7.068204811699e-01 3.601430233799e-01 -6.088528640891e-01
1.625626425088e-02
6.161513066557e-01 4.116991408334e-01 -6.714621245786e-01
9.540087104719e-03
5.648368665729e-01 5.648368665729e-01 -6.015967323051e-01
9.689664927472e-03
4.116991408334e-01 6.161513066557e-01 -6.714621245786e-01
9.393503492201e-03
3.601430233799e-01 7.068204811699e-01 -6.088528640891e-01
9.057409366663e-03
1.470164977049e-01 7.391018449059e-01 -6.573542517237e-01
1.122637047720e-02
1.215253954032e-01 7.672811492985e-01 -6.296913658319e-01
1.628739702547e-02
-1.215253954032e-01 7.672811492985e-01 -6.296913658319e-01
1.205917857545e-02
-1.470164977049e-01 7.391018449059e-01 -6.573542517237e-01
2.136801109936e-02
-3.601430233799e-01 7.068204811699e-01 -6.088528640891e-01
9.934837320134e-03
-4.116991408334e-01 6.161513066557e-01 -6.714621245786e-01
1.245535139942e-02
-5.648368665729e-01 5.648368665729e-01 -6.015967323051e-01
1.126410800183e-02
-6.161513066557e-01 4.116991408334e-01 -6.714621245786e-01
1.144806781560e-02
-7.068204811699e-01 3.601430233799e-01 -6.088528640891e-01
2.267815874299e-02
-7.391018449059e-01 1.470164977049e-01 -6.573542517237e-01
2.081451986531e-02
-7.672811492985e-01 1.215253954032e-01 -6.296913658319e-01
1.411178517637e-02
-7.672811492985e-01 -1.215253954032e-01 -6.296913658319e-01
1.345441374802e-02
-7.391018449059e-01 -1.470164977049e-01 -6.573542517237e-01
5.224170401367e-03
-7.068204811699e-01 -3.601430233799e-01 -6.088528640891e-01
4.550036060693e-03
-6.161513066557e-01 -4.116991408334e-01 -6.714621245786e-01
6.776355385069e-03
-5.648368665729e-01 -5.648368665729e-01 -6.015967323051e-01
8.173296244087e-03
-4.116991408334e-01 -6.161513066557e-01 -6.714621245786e-01
1.525628090533e-02
-3.601430233799e-01 -7.068204811699e-01 -6.088528640891e-01
1.313646714088e-02
-1.470164977049e-01 -7.391018449059e-01 -6.573542517237e-01
1.260835450843e-02
-1.215253954032e-01 -7.672811492985e-01 -6.296913658319e-01
9.787744335096e-03
1.215253954032e-01 -7.672811492985e-01 -6.296913658319e-01
1.103262056583e-02
1.470164977049e-01 -7.391018449059e-01 -6.573542517237e-01
1.562132288012e-02
3.601430233799e-01 -7.068204811699e-01 -6.088528640891e-01
1.276334762116e-02
4.116991408334e-01 -6.161513066557e-01 -6.714621245786e-01
1.945900254198e-02
5.648368665729e-01 -5.648368665729e-01 -6.015967323051e-01
6.658323255972e-03
6.161513066557e-01 -4.116991408334e-01 -6.714621245786e-01
9.304317164408e-03
7.068204811699e-01 -3.601430233799e-01 -6.088528640891e-01
6.301542870750e-03
7.391018449059e-01 -1.470164977049e-01 -6.573542517237e-01
7.431932083902e-03
7.672811492985e-01 -1.215253954032e-01 -6.296913658319e-01
9.704359064569e-03
6.294019098545e-01 1.251958239224e-01 -7.669284461695e-01
1.086535887109e-02
5.826978829809e-01 1.561334271760e-01 -7.975497038354e-01
1.491975259652e-02
5.540975440982e-01 3.702361422900e-01 -7.455877618138e-01
1.104077916403e-02
4.167473548937e-01 4.167473548937e-01 -8.078634070053e-01
7.561636394927e-03
3.702361422900e-01 5.540975440982e-01 -7.455877618138e-01
3.024409181099e-03
1.561334271760e-01 5.826978829809e-01 -7.975497038354e-01
3.087375636268e-03
1.251958239224e-01 6.294019098545e-01 -7.669284461695e-01
2.273250302240e-03
-1.251958239224e-01 6.294019098545e-01 -7.669284461695e-01
1.718765981722e-03
-1.561334271760e-01 5.826978829809e-01 -7.975497038354e-01
3.774193902978e-03
-3.702361422900e-01 5.540975440982e-01 -7.455877618138e-01
3.442723929752e-03
-4.167473548937e-01 4.167473548937e-01 -8.078634070053e-01
7.849028230335e-03
-5.540975440982e-01 3.702361422900e-01 -7.455877618138e-01
1.392831969739e-02
-5.826978829809e-01 1.561334271760e-01 -7.975497038354e-01
1.681569135275e-02
-6.294019098545e-01 1.251958239224e-01 -7.669284461695e-01
9.967941080346e-03
-6.294019098545e-01 -1.251958239224e-01 -7.669284461695e-01
7.778461101601e-03
-5.826978829809e-01 -1.561334271760e-01 -7.975497038354e-01
3.429227984110e-03
-5.540975440982e-01 -3.702361422900e-01 -7.455877618138e-01
2.988697557497e-03
-4.167473548937e-01 -4.167473548937e-01 -8.078634070053e-01
4.391140568631e-03
-3.702361422900e-01 -5.540975440982e-01 -7.455877618138e-01
5.980896842856e-03
-1.561334271760e-01 -5.826978829809e-01 -7.975497038354e-01
7.186803144333e-03
-1.251958239224e-01 -6.294019098545e-01 -7.669284461695e-01
7.820694474895e-03
1.251958239224e-01 -6.294019098545e-01 -7.669284461695e-01
6.879331002659e-03
1.561334271760e-01 -5.826978829809e-01 -7.975497038354e-01
6.118208909979e-03
3.702361422900e-01 -5.540975440982e-01 -7.455877618138e-01
2.836114358519e-03
4.167473548937e-01 -4.167473548937e-01 -8.078634070053e-01
2.862702980914e-03
5.540975440982e-01 -3.702361422900e-01 -7.455877618138e-01
2.453419193571e-03
5.826978829809e-01 -1.561334271760e-01 -7.975497038354e-01
2.973804946130e-03
6.294019098545e-01 -1.251958239224e-01 -7.669284461695e-01
5.803743190531e-03
4.676807377994e-01 1.253146760089e-01 -8.749691191512e-01
5.838906423390e-03
3.919257715109e-01 1.623409700034e-01 -9.055603784861e-01
6.767991716871e-03
3.639082454411e-01 3.639082454411e-01 -8.574039758480e-01
2.209598060877e-03
1.623409700034e-01 3.919257715109e-01 -9.055603784861e-01
1.644315379579e-03
1.253146760089e-01 4.676807377994e-01 -8.749691191512e-01
7.819650761019e-04
-1.253146760089e-01 4.676807377994e-01 -8.749691191512e-01
8.320612261755e-04
-1.623409700034e-01 3.919257715109e-01 -9.055603784861e-01
1.847608053485e-03
-3.639082454411e-01 3.639082454411e-01 -8.574039758480e-01
3.342267747668e-03
-3.919257715109e-01 1.623409700034e-01 -9.055603784861e-01
5.408703803510e-03
-4.676807377994e-01 1.253146760089e-01 -8.749691191512e-01
4.109555462765e-03
-4.676807377994e-01 -1.253146760089e-01 -8.749691191512e-01
2.973348005866e-03
-3.919257715109e-01 -1.623409700034e-01 -9.055603784861e-01
2.102997958345e-03
-3.639082454411e-01 -3.639082454411e-01 -8.574039758480e-01
2.416060712675e-03
-1.623409700034e-01 -3.919257715109e-01 -9.055603784861e-01
2.960395842960e-03
-1.253146760089e-01 -4.676807377994e-01 -8.749691191512e-01
3.225646683729e-03
1.253146760089e-01 -4.676807377994e-01 -8.749691191512e-01
2.491946419594e-03
1.623409700034e-01 -3.919257715109e-01 -9.055603784861e-01
1.717062160183e-03
3.639082454411e-01 -3.639082454411e-01 -8.574039758480e-01
1.647011547867e-03
3.919257715109e-01 -1.623409700034e-01 -9.055603784861e-01
1.746507550119e-03
4.676807377994e-01 -1.253146760089e-01 -8.749691191512e-01
2.610082214239e-03
2.882087470797e-01 1.193799718350e-01 -9.500969110735e-01
2.026213153839e-03
1.601449967080e-01 1.601449967080e-01 -9.740159957921e-01
1.355651430337e-03
1.193799718350e-01 2.882087470797e-01 -9.500969110735e-01
6.777375838670e-04
-1.193799718350e-01 2.882087470797e-01 -9.500969110735e-01
1.097972872660e-03
-1.601449967080e-01 1.601449967080e-01 -9.740159957921e-01
1.460579260837e-03
-2.882087470797e-01 1.193799718350e-01 -9.500969110735e-01
1.624548114030e-03
-2.882087470797e-01 -1.193799718350e-01 -9.500969110735e-01
1.545923467660e-03
-1.601449967080e-01 -1.601449967080e-01 -9.740159957921e-01
1.441582660516e-03
-1.193799718350e-01 -2.882087470797e-01 -9.500969110735e-01
1.418651638700e-03
1.193799718350e-01 -2.882087470797e-01 -9.500969110735e-01
1.514600462682e-03
1.601449967080e-01 -1.601449967080e-01 -9.740159957921e-01
1.334032912962e-03
2.882087470797e-01 -1.193799718350e-01 -9.500969110735e-01
8.385683655800e-04
9.754966309535e-02 9.754966309535e-02 -9.904383506609e-01
6.137100827564e-04
-9.754966309535e-02 9.754966309535e-02 -9.904383506609e-01
7.443915367037e-04
-9.754966309535e-02 -9.754966309535e-02 -9.904383506609e-01
7.869170397787e-04
9.754966309535e-02 -9.754966309535e-02 -9.904383506609e-01
1.649992679898e+00
-3.272936777233e-01 7.368080908502e-01 5.916017966335e-01
