513
3.823007899899e-02
9.754966309535e-02 9.754966309535e-02 9.904383506609e-01
3.293761629092e-02
-9.754966309535e-02 9.754966309535e-02 9.904383506609e-01
3.268709474324e-02
-9.754966309535e-02 -9.754966309535e-02 9.904383506609e-01
5.530024479362e-02
9.754966309535e-02 -9.754966309535e-02 9.904383506609e-01
2.577355894874e-02
2.882087470797e-01 1.193799718350e-01 9.500969110735e-01
5.045337279880e-02
1.601449967080e-01 1.601449967080e-01 9.740159957921e-01
3.136115043457e-02
1.193799718350e-01 2.882087470797e-01 9.500969110735e-01
4.535216825226e-02
-1.193799718350e-01 2.882087470797e-01 9.500969110735e-01
5.118948867729e-02
-1.601449967080e-01 1.601449967080e-01 9.740159957921e-01
1.946949429255e-02
-2.882087470797e-01 1.193799718350e-01 9.500969110735e-01
1.368974050788e-02
-2.882087470797e-01 -1.193799718350e-01 9.500969110735e-01
4.247503921326e-02
-1.601449967080e-01 -1.601449967080e-01 9.740159957921e-01
3.916894580818e-02
-1.193799718350e-01 -2.882087470797e-01 9.500969110735e-01
6.939179308182e-02
1.193799718350e-01 -2.882087470797e-01 9.500969110735e-01
1.044731166344e-01
1.601449967080e-01 -1.601449967080e-01 9.740159957921e-01
5.702718851681e-02
2.882087470797e-01 -1.193799718350e-01 9.500969110735e-01
1.101613807179e-02
4.676807377994e-01 1.253146760089e-01 8.749691191512e-01
1.549065074685e-02
3.919257715109e-01 1.623409700034e-01 9.055603784861e-01
7.016747441058e-03
3.639082454411e-01 3.639082454411e-01 8.574039758480e-01
1.993298842191e-02
1.623409700034e-01 3.919257715109e-01 9.055603784861e-01
1.238887791670e-02
1.253146760089e-01 4.676807377994e-01 8.749691191512e-01
2.084419279431e-02
-1.253146760089e-01 4.676807377994e-01 8.749691191512e-01
3.940562435643e-02
-1.623409700034e-01 3.919257715109e-01 9.055603784861e-01
2.143179704370e-02
-3.639082454411e-01 3.639082454411e-01 8.574039758480e-01
1.509233500746e-02
-3.919257715109e-01 1.623409700034e-01 9.055603784861e-01
7.627568862086e-03
-4.676807377994e-01 1.253146760089e-01 8.749691191512e-01
4.714303002050e-03
-4.676807377994e-01 -1.253146760089e-01 8.749691191512e-01
8.490944869568e-03
-3.919257715109e-01 -1.623409700034e-01 9.055603784861e-01
1.046656841987e-02
-3.639082454411e-01 -3.639082454411e-01 8.574039758480e-01
2.914018226849e-02
-1.623409700034e-01 -3.919257715109e-01 9.055603784861e-01
1.802137506828e-02
-1.253146760089e-01 -4.676807377994e-01 8.749691191512e-01
1.819309032768e-02
1.253146760089e-01 -4.676807377994e-01 8.749691191512e-01
4.237410341397e-02
1.623409700034e-01 -3.919257715109e-01 9.055603784861e-01
2.102900920159e-02
3.639082454411e-01 -3.639082454411e-01 8.574039758480e-01
4.737965356438e-02
3.919257715109e-01 -1.623409700034e-01 9.055603784861e-01
2.766502363798e-02
4.676807377994e-01 -1.253146760089e-01 8.749691191512e-01
7.190746370241e-03
6.294019098545e-01 1.251958239224e-01 7.669284461695e-01
7.595628131227e-03
5.826978829809e-01 1.561334271760e-01 7.975497038354e-01
4.617115066475e-03
5.540975440982e-01 3.702361422900e-01 7.455877618138e-01
5.914702797930e-03
4.167473548937e-01 4.167473548937e-01 8.078634070053e-01
3.674543912387e-03
3.702361422900e-01 5.540975440982e-01 7.455877618138e-01
4.514664886802e-03
1.561334271760e-01 5.826978829809e-01 7.975497038354e-01
2.625087963078e-03
1.251958239224e-01 6.294019098545e-01 7.669284461695e-01
2.700520694936e-03
-1.251958239224e-01 6.294019098545e-01 7.669284461695e-01
5.939514153520e-03
-1.561334271760e-01 5.826978829809e-01 7.975497038354e-01
6.135535806175e-03
-3.702361422900e-01 5.540975440982e-01 7.455877618138e-01
1.908177156290e-02
-4.167473548937e-01 4.167473548937e-01 8.078634070053e-01
1.313447803285e-02
-5.540975440982e-01 3.702361422900e-01 7.455877618138e-01
6.720408701444e-03
-5.826978829809e-01 1.561334271760e-01 7.975497038354e-01
5.118430245871e-03
-6.294019098545e-01 1.251958239224e-01 7.669284461695e-01
3.567894938421e-03
-6.294019098545e-01 -1.251958239224e-01 7.669284461695e-01
4.100115984740e-03
-5.826978829809e-01 -1.561334271760e-01 7.975497038354e-01
7.578433596772e-03
-5.540975440982e-01 -3.702361422900e-01 7.455877618138e-01
1.050824947979e-02
-4.167473548937e-01 -4.167473548937e-01 8.078634070053e-01
6.437498404410e-03
-3.702361422900e-01 -5.540975440982e-01 7.455877618138e-01
6.564141714310e-03
-1.561334271760e-01 -5.826978829809e-01 7.975497038354e-01
3.503099087825e-03
-1.251958239224e-01 -6.294019098545e-01 7.669284461695e-01
1.898501688826e-03
1.251958239224e-01 -6.294019098545e-01 7.669284461695e-01
3.693202960339e-03
1.561334271760e-01 -5.826978829809e-01 7.975497038354e-01
1.894350082389e-03
3.702361422900e-01 -5.540975440982e-01 7.455877618138e-01
1.130023721759e-02
4.167473548937e-01 -4.167473548937e-01 8.078634070053e-01
8.095605578736e-03
5.540975440982e-01 -3.702361422900e-01 7.455877618138e-01
1.936576296736e-02
5.826978829809e-01 -1.561334271760e-01 7.975497038354e-01
1.477053110747e-02
6.294019098545e-01 -1.251958239224e-01 7.669284461695e-01
8.284305251151e-03
7.672811492985e-01 1.215253954032e-01 6.296913658319e-01
8.060864828606e-03
7.391018449059e-01 1.470164977049e-01 6.573542517237e-01
6.883619074495e-03
7.068204811699e-01 3.601430233799e-01 6.088528640891e-01
5.860123160693e-03
6.161513066557e-01 4.116991408334e-01 6.714621245786e-01
5.800099194549e-03
5.648368665729e-01 5.648368665729e-01 6.015967323051e-01
3.775256908907e-03
4.116991408334e-01 6.161513066557e-01 6.714621245786e-01
2.645449763790e-03
3.601430233799e-01 7.068204811699e-01 6.088528640891e-01
1.074528362403e-03
1.470164977049e-01 7.391018449059e-01 6.573542517237e-01
7.800020254176e-04
1.215253954032e-01 7.672811492985e-01 6.296913658319e-01
3.721161625894e-04
-1.215253954032e-01 7.672811492985e-01 6.296913658319e-01
5.355364102452e-04
-1.470164977049e-01 7.391018449059e-01 6.573542517237e-01
7.353283064781e-04
-3.601430233799e-01 7.068204811699e-01 6.088528640891e-01
2.989943563621e-03
-4.116991408334e-01 6.161513066557e-01 6.714621245786e-01
5.497182461948e-03
-5.648368665729e-01 5.648368665729e-01 6.015967323051e-01
1.412465002541e-02
-6.161513066557e-01 4.116991408334e-01 6.714621245786e-01
1.423369773800e-02
-7.068204811699e-01 3.601430233799e-01 6.088528640891e-01
7.686186302374e-03
-7.391018449059e-01 1.470164977049e-01 6.573542517237e-01
7.331674418751e-03
-7.672811492985e-01 1.215253954032e-01 6.296913658319e-01
6.569373994400e-03
-7.672811492985e-01 -1.215253954032e-01 6.296913658319e-01
6.369011734380e-03
-7.391018449059e-01 -1.470164977049e-01 6.573542517237e-01
1.281335961528e-02
-7.068204811699e-01 -3.601430233799e-01 6.088528640891e-01
1.091987491682e-02
-6.161513066557e-01 -4.116991408334e-01 6.714621245786e-01
7.736451347353e-03
-5.648368665729e-01 -5.648368665729e-01 6.015967323051e-01
4.990890100019e-03
-4.116991408334e-01 -6.161513066557e-01 6.714621245786e-01
2.237493997399e-03
-3.601430233799e-01 -7.068204811699e-01 6.088528640891e-01
1.372287054222e-03
-1.470164977049e-01 -7.391018449059e-01 6.573542517237e-01
1.047942880566e-03
-1.215253954032e-01 -7.672811492985e-01 6.296913658319e-01
5.181847705827e-04
1.215253954032e-01 -7.672811492985e-01 6.296913658319e-01
5.664580904694e-04
1.470164977049e-01 -7.391018449059e-01 6.573542517237e-01
3.380370879659e-04
3.601430233799e-01 -7.068204811699e-01 6.088528640891e-01
7.562047370398e-04
4.116991408334e-01 -6.161513066557e-01 6.714621245786e-01
9.213468910282e-04
5.648368665729e-01 -5.648368665729e-01 6.015967323051e-01
4.967378809627e-03
6.161513066557e-01 -4.116991408334e-01 6.714621245786e-01
5.899837956710e-03
7.068204811699e-01 -3.601430233799e-01 6.088528640891e-01
1.310693706151e-02
7.391018449059e-01 -1.470164977049e-01 6.573542517237e-01
1.192956565294e-02
7.672811492985e-01 -1.215253954032e-01 6.296913658319e-01
1.191508822014e-02
8.760361683356e-01 1.153323495383e-01 4.682510874711e-01
1.217940648484e-02
8.601281586402e-01 1.362309170136e-01 4.915492731800e-01
1.258540752300e-02
8.251449107228e-01 3.417862129445e-01 4.497978000716e-01
1.143421246407e-02
7.686052897440e-01 3.916239557406e-01 5.058424516267e-01
1.287859046681e-02
7.122991943291e-01 5.465663953244e-01 4.403351374353e-01
9.368924680994e-03
6.080166031672e-01 6.080166031672e-01 5.105209305662e-01
9.177319192150e-03
5.465663953244e-01 7.122991943291e-01 4.403351374353e-01
4.432145606577e-03
3.916239557406e-01 7.686052897440e-01 5.058424516267e-01
4.607617778778e-03
3.417862129445e-01 8.251449107228e-01 4.497978000716e-01
1.334153607765e-03
1.362309170136e-01 8.601281586402e-01 4.915492731800e-01
1.363088608784e-03
1.153323495383e-01 8.760361683356e-01 4.682510874711e-01
4.193240461135e-04
-1.153323495383e-01 8.760361683356e-01 4.682510874711e-01
3.525673258821e-04
-1.362309170136e-01 8.601281586402e-01 4.915492731800e-01
3.675562688185e-04
-3.417862129445e-01 8.251449107228e-01 4.497978000716e-01
4.901756727911e-04
-3.916239557406e-01 7.686052897440e-01 5.058424516267e-01
1.480355617370e-03
-5.465663953244e-01 7.122991943291e-01 4.403351374353e-01
4.761542113968e-03
-6.080166031672e-01 6.080166031672e-01 5.105209305662e-01
1.018104710280e-02
-7.122991943291e-01 5.465663953244e-01 4.403351374353e-01
1.938419339475e-02
-7.686052897440e-01 3.916239557406e-01 5.058424516267e-01
2.047232458015e-02
-8.251449107228e-01 3.417862129445e-01 4.497978000716e-01
1.460295295007e-02
-8.601281586402e-01 1.362309170136e-01 4.915492731800e-01
1.422047278761e-02
-8.760361683356e-01 1.153323495383e-01 4.682510874711e-01
1.633333621630e-02
-8.760361683356e-01 -1.153323495383e-01 4.682510874711e-01
1.654216832790e-02
-8.601281586402e-01 -1.362309170136e-01 4.915492731800e-01
2.906137460869e-02
-8.251449107228e-01 -3.417862129445e-01 4.497978000716e-01
2.426080297854e-02
-7.686052897440e-01 -3.916239557406e-01 5.058424516267e-01
1.577755884437e-02
-7.122991943291e-01 -5.465663953244e-01 4.403351374353e-01
8.225734077262e-03
-6.080166031672e-01 -6.080166031672e-01 5.105209305662e-01
3.331578359660e-03
-5.465663953244e-01 -7.122991943291e-01 4.403351374353e-01
1.951950513182e-03
-3.916239557406e-01 -7.686052897440e-01 5.058424516267e-01
1.749552102582e-03
-3.417862129445e-01 -8.251449107228e-01 4.497978000716e-01
1.893947298268e-03
-1.362309170136e-01 -8.601281586402e-01 4.915492731800e-01
2.271574723394e-03
-1.153323495383e-01 -8.760361683356e-01 4.682510874711e-01
1.939461051879e-03
1.153323495383e-01 -8.760361683356e-01 4.682510874711e-01
1.387324143246e-03
1.362309170136e-01 -8.601281586402e-01 4.915492731800e-01
8.454567549407e-04
3.417862129445e-01 -8.251449107228e-01 4.497978000716e-01
4.306442261660e-04
3.916239557406e-01 -7.686052897440e-01 5.058424516267e-01
5.478753666560e-04
5.465663953244e-01 -7.122991943291e-01 4.403351374353e-01
7.847882619566e-04
6.080166031672e-01 -6.080166031672e-01 5.105209305662e-01
1.651812528228e-03
7.122991943291e-01 -5.465663953244e-01 4.403351374353e-01
5.448453716688e-03
7.686052897440e-01 -3.916239557406e-01 5.058424516267e-01
7.432331415020e-03
8.251449107228e-01 -3.417862129445e-01 4.497978000716e-01
1.365693539604e-02
8.601281586402e-01 -1.362309170136e-01 4.915492731800e-01
1.297041233023e-02
8.760361683356e-01 -1.153323495383e-01 4.682510874711e-01
1.425756927086e-02
9.514259489692e-01 1.071999587676e-01 2.886119063178e-01
1.561430075521e-02
9.435493257921e-01 1.242206253374e-01 3.070568449620e-01
1.659270979339e-02
9.079183105646e-01 3.176943572541e-01 2.734129417392e-01
1.814003963026e-02
8.754336959030e-01 3.626165098014e-01 3.195701971352e-01
1.811542288869e-02
8.166418539992e-01 5.131300862176e-01 2.641847779778e-01
1.826398385276e-02
7.500752876024e-01 5.755530111934e-01 3.257695416003e-01
1.606306151365e-02
6.825802229792e-01 6.825802229792e-01 2.610909389377e-01
1.513038320719e-02
5.755530111934e-01 7.500752876024e-01 3.257695416003e-01
1.716088025304e-02
5.131300862176e-01 8.166418539992e-01 2.641847779778e-01
1.571820772443e-02
3.626165098014e-01 8.754336959030e-01 3.195701971352e-01
2.355997492077e-02
3.176943572541e-01 9.079183105646e-01 2.734129417392e-01
1.513037395020e-02
1.242206253374e-01 9.435493257921e-01 3.070568449620e-01
1.807041070001e-02
1.071999587676e-01 9.514259489692e-01 2.886119063178e-01
6.722950941461e-03
-1.071999587676e-01 9.514259489692e-01 2.886119063178e-01
4.666246097931e-03
-1.242206253374e-01 9.435493257921e-01 3.070568449620e-01
2.462181501105e-03
-3.176943572541e-01 9.079183105646e-01 2.734129417392e-01
1.217259251847e-03
-3.626165098014e-01 8.754336959030e-01 3.195701971352e-01
1.974650134616e-03
-5.131300862176e-01 8.166418539992e-01 2.641847779778e-01
2.139941395674e-03
-5.755530111934e-01 7.500752876024e-01 3.257695416003e-01
5.281533549392e-03
-6.825802229792e-01 6.825802229792e-01 2.610909389377e-01
1.169877184884e-02
-7.500752876024e-01 5.755530111934e-01 3.257695416003e-01
1.680623918240e-02
-8.166418539992e-01 5.131300862176e-01 2.641847779778e-01
2.544174468440e-02
-8.754336959030e-01 3.626165098014e-01 3.195701971352e-01
2.293869703982e-02
-9.079183105646e-01 3.176943572541e-01 2.734129417392e-01
2.149769849625e-02
-9.435493257921e-01 1.242206253374e-01 3.070568449620e-01
1.967285329317e-02
-9.514259489692e-01 1.071999587676e-01 2.886119063178e-01
2.679488335280e-02
-9.514259489692e-01 -1.071999587676e-01 2.886119063178e-01
3.010060126292e-02
-9.435493257921e-01 -1.242206253374e-01 3.070568449620e-01
4.623153290837e-02
-9.079183105646e-01 -3.176943572541e-01 2.734129417392e-01
4.794955875726e-02
-8.754336959030e-01 -3.626165098014e-01 3.195701971352e-01
2.969906397090e-02
-8.166418539992e-01 -5.131300862176e-01 2.641847779778e-01
1.833028189981e-02
-7.500752876024e-01 -5.755530111934e-01 3.257695416003e-01
6.489904789704e-03
-6.825802229792e-01 -6.825802229792e-01 2.610909389377e-01
3.346941990237e-03
-5.755530111934e-01 -7.500752876024e-01 3.257695416003e-01
2.558563026857e-03
-5.131300862176e-01 -8.166418539992e-01 2.641847779778e-01
3.523027187398e-03
-3.626165098014e-01 -8.754336959030e-01 3.195701971352e-01
6.406306380084e-03
-3.176943572541e-01 -9.079183105646e-01 2.734129417392e-01
2.417252018201e-02
-1.242206253374e-01 -9.435493257921e-01 3.070568449620e-01
3.342121835835e-02
-1.071999587676e-01 -9.514259489692e-01 2.886119063178e-01
6.041682300855e-02
1.071999587676e-01 -9.514259489692e-01 2.886119063178e-01
4.370752285270e-02
1.242206253374e-01 -9.435493257921e-01 3.070568449620e-01
2.126745650282e-02
3.176943572541e-01 -9.079183105646e-01 2.734129417392e-01
6.556458870907e-03
3.626165098014e-01 -8.754336959030e-01 3.195701971352e-01
3.910139603655e-03
5.131300862176e-01 -8.166418539992e-01 2.641847779778e-01
1.485214233257e-03
5.755530111934e-01 -7.500752876024e-01 3.257695416003e-01
2.319357595775e-03
6.825802229792e-01 -6.825802229792e-01 2.610909389377e-01
2.620393556265e-03
7.500752876024e-01 -5.755530111934e-01 3.257695416003e-01
4.930747731175e-03
8.166418539992e-01 -5.131300862176e-01 2.641847779778e-01
9.568466986135e-03
8.754336959030e-01 -3.626165098014e-01 3.195701971352e-01
1.126596964224e-02
9.079183105646e-01 -3.176943572541e-01 2.734129417392e-01
1.547516552275e-02
9.435493257921e-01 -1.242206253374e-01 3.070568449620e-01
1.424102965893e-02
9.514259489692e-01 -1.071999587676e-01 2.886119063178e-01
1.230877932687e-02
9.904383506609e-01 9.754966309535e-02 9.754966309535e-02
1.402731898901e-02
9.875415564011e-01 1.112692104332e-01 1.112692104332e-01
1.393883391405e-02
9.534076362023e-01 2.892130445679e-01 8.584692238504e-02
1.672686466476e-02
9.369320803932e-01 3.278467144100e-01 1.211396243213e-01
1.460078608564e-02
8.792329959207e-01 4.699598274150e-01 7.801986606203e-02
1.708789870977e-02
8.398628335694e-01 5.277207947278e-01 1.270479578768e-01
1.221740235344e-02
7.708853463782e-01 6.326492539332e-01 7.409928634720e-02
1.487050525623e-02
7.011972415210e-01 7.011972415210e-01 1.290149486172e-01
1.296061687644e-02
6.326492539332e-01 7.708853463782e-01 7.409928634720e-02
2.335830723846e-02
5.277207947278e-01 8.398628335694e-01 1.270479578768e-01
3.142430869665e-02
4.699598274150e-01 8.792329959207e-01 7.801986606203e-02
9.196045797070e-02
3.278467144100e-01 9.369320803932e-01 1.211396243213e-01
1.382977250394e-01
2.892130445679e-01 9.534076362023e-01 8.584692238504e-02
3.167556716639e-01
1.112692104332e-01 9.875415564011e-01 1.112692104332e-01
3.456266897636e-01
9.754966309535e-02 9.904383506609e-01 9.754966309535e-02
2.343722556748e-01
-9.754966309535e-02 9.904383506609e-01 9.754966309535e-02
1.942987420724e-01
-1.112692104332e-01 9.875415564011e-01 1.112692104332e-01
5.736223111910e-02
-2.892130445679e-01 9.534076362023e-01 8.584692238504e-02
2.679847274954e-02
-3.278467144100e-01 9.369320803932e-01 1.211396243213e-01
1.257966995140e-02
-4.699598274150e-01 8.792329959207e-01 7.801986606203e-02
6.683279868879e-03
-5.277207947278e-01 8.398628335694e-01 1.270479578768e-01
7.074420916939e-03
-6.326492539332e-01 7.708853463782e-01 7.409928634719e-02
7.746173585929e-03
-7.011972415210e-01 7.011972415210e-01 1.290149486172e-01
9.979692252771e-03
-7.708853463782e-01 6.326492539332e-01 7.409928634720e-02
1.630467010460e-02
-8.398628335694e-01 5.277207947278e-01 1.270479578768e-01
1.542878153259e-02
-8.792329959207e-01 4.699598274150e-01 7.801986606203e-02
1.959164692338e-02
-9.369320803932e-01 3.278467144100e-01 1.211396243213e-01
1.574677329466e-02
-9.534076362023e-01 2.892130445679e-01 8.584692238504e-02
1.725725245638e-02
-9.875415564011e-01 1.112692104332e-01 1.112692104332e-01
1.507186918491e-02
-9.904383506609e-01 9.754966309535e-02 9.754966309535e-02
2.206467479349e-02
-9.904383506609e-01 -9.754966309535e-02 9.754966309535e-02
2.642341015883e-02
-9.875415564011e-01 -1.112692104332e-01 1.112692104332e-01
3.880539093906e-02
-9.534076362023e-01 -2.892130445679e-01 8.584692238504e-02
4.848779929766e-02
-9.369320803932e-01 -3.278467144100e-01 1.211396243213e-01
3.515857099565e-02
-8.792329959207e-01 -4.699598274150e-01 7.801986606203e-02
3.026790649468e-02
-8.398628335694e-01 -5.277207947278e-01 1.270479578768e-01
1.190583374091e-02
-7.708853463782e-01 -6.326492539332e-01 7.409928634720e-02
6.781846096847e-03
-7.011972415210e-01 -7.011972415210e-01 1.290149486172e-01
3.932367082396e-03
-6.326492539332e-01 -7.708853463782e-01 7.409928634719e-02
3.735509944119e-03
-5.277207947278e-01 -8.398628335694e-01 1.270479578768e-01
5.327891247210e-03
-4.699598274150e-01 -8.792329959207e-01 7.801986606203e-02
2.153373988317e-02
-3.278467144100e-01 -9.369320803932e-01 1.211396243213e-01
4.078861350232e-02
-2.892130445679e-01 -9.534076362023e-01 8.584692238503e-02
3.781289815524e-01
-1.112692104332e-01 -9.875415564011e-01 1.112692104332e-01
4.410794999332e-01
-9.754966309535e-02 -9.904383506609e-01 9.754966309535e-02
1.189140180914e+00
9.754966309535e-02 -9.904383506609e-01 9.754966309535e-02
1.139276853548e+00
1.112692104332e-01 -9.875415564011e-01 1.112692104332e-01
4.327986718432e-01
2.892130445679e-01 -9.534076362023e-01 8.584692238504e-02
2.204500202531e-01
3.278467144100e-01 -9.369320803932e-01 1.211396243213e-01
5.343456867694e-02
4.699598274150e-01 -8.792329959207e-01 7.801986606203e-02
1.963532652595e-02
5.277207947278e-01 -8.398628335694e-01 1.270479578768e-01
1.148629484742e-02
6.326492539332e-01 -7.708853463782e-01 7.409928634719e-02
6.635676423135e-03
7.011972415210e-01 -7.011972415210e-01 1.290149486172e-01
8.389457709336e-03
7.708853463782e-01 -6.326492539332e-01 7.409928634719e-02
9.356885508089e-03
8.398628335694e-01 -5.277207947278e-01 1.270479578768e-01
1.182994335778e-02
8.792329959207e-01 -4.699598274150e-01 7.801986606203e-02
1.512368051943e-02
9.369320803932e-01 -3.278467144100e-01 1.211396243213e-01
1.440391464002e-02
9.534076362023e-01 -2.892130445679e-01 8.584692238504e-02
1.483375584565e-02
9.875415564011e-01 -1.112692104332e-01 1.112692104332e-01
1.304317421209e-02
9.904383506609e-01 -9.754966309535e-02 9.754966309535e-02
9.578085642683e-03
9.904383506609e-01 9.754966309535e-02 -9.754966309535e-02
1.052461004721e-02
9.875415564011e-01 1.112692104332e-01 -1.112692104332e-01
1.083236145180e-02
9.534076362023e-01 2.892130445679e-01 -8.584692238504e-02
1.163208423061e-02
9.369320803932e-01 3.278467144100e-01 -1.211396243213e-01
1.066150989109e-02
8.792329959207e-01 4.699598274150e-01 -7.801986606203e-02
9.741816590377e-03
8.398628335694e-01 5.277207947278e-01 -1.270479578768e-01
8.003002120168e-03
7.708853463782e-01 6.326492539332e-01 -7.409928634720e-02
6.927603343481e-03
7.011972415210e-01 7.011972415210e-01 -1.290149486172e-01
8.244950758536e-03
6.326492539332e-01 7.708853463782e-01 -7.409928634720e-02
1.336018405567e-02
5.277207947278e-01 8.398628335694e-01 -1.270479578768e-01
2.471838551892e-02
4.699598274150e-01 8.792329959207e-01 -7.801986606203e-02
1.175324838368e-01
3.278467144100e-01 9.369320803932e-01 -1.211396243213e-01
1.897688013371e-01
2.892130445679e-01 9.534076362023e-01 -8.584692238504e-02
1.096276261191e+00
1.112692104332e-01 9.875415564011e-01 -1.112692104332e-01
1.090081981400e+00
9.754966309535e-02 9.904383506609e-01 -9.754966309535e-02
1.287548415790e+00
-9.754966309535e-02 9.904383506609e-01 -9.754966309535e-02
1.370225231038e+00
-1.112692104332e-01 9.875415564011e-01 -1.112692104332e-01
2.694234758385e-01
-2.892130445679e-01 9.534076362023e-01 -8.584692238504e-02
2.105688526253e-01
-3.278467144100e-01 9.369320803932e-01 -1.211396243213e-01
3.539750909384e-02
-4.699598274150e-01 8.792329959207e-01 -7.801986606203e-02
2.506140517514e-02
-5.277207947278e-01 8.398628335694e-01 -1.270479578768e-01
1.094577809246e-02
-6.326492539332e-01 7.708853463782e-01 -7.409928634719e-02
1.035578070787e-02
-7.011972415210e-01 7.011972415210e-01 -1.290149486172e-01
9.547321860395e-03
-7.708853463782e-01 6.326492539332e-01 -7.409928634720e-02
1.088403977059e-02
-8.398628335694e-01 5.277207947278e-01 -1.270479578768e-01
1.112828697561e-02
-8.792329959207e-01 4.699598274150e-01 -7.801986606203e-02
1.073648234670e-02
-9.369320803932e-01 3.278467144100e-01 -1.211396243213e-01
1.012447692266e-02
-9.534076362023e-01 2.892130445679e-01 -8.584692238504e-02
9.953801329216e-03
-9.875415564011e-01 1.112692104332e-01 -1.112692104332e-01
9.271048050562e-03
-9.904383506609e-01 9.754966309535e-02 -9.754966309535e-02
1.380508402819e-02
-9.904383506609e-01 -9.754966309535e-02 -9.754966309535e-02
1.558445917079e-02
-9.875415564011e-01 -1.112692104332e-01 -1.112692104332e-01
2.663263549969e-02
-9.534076362023e-01 -2.892130445679e-01 -8.584692238504e-02
2.961514053742e-02
-9.369320803932e-01 -3.278467144100e-01 -1.211396243213e-01
2.828190378422e-02
-8.792329959207e-01 -4.699598274150e-01 -7.801986606203e-02
2.400895335243e-02
-8.398628335694e-01 -5.277207947278e-01 -1.270479578768e-01
1.204725991658e-02
-7.708853463782e-01 -6.326492539332e-01 -7.409928634720e-02
8.499131592219e-03
-7.011972415210e-01 -7.011972415210e-01 -1.290149486172e-01
5.043726832901e-03
-6.326492539332e-01 -7.708853463782e-01 -7.409928634719e-02
6.727378284350e-03
-5.277207947278e-01 -8.398628335694e-01 -1.270479578768e-01
7.990402205006e-03
-4.699598274150e-01 -8.792329959207e-01 -7.801986606203e-02
3.991020124263e-02
-3.278467144100e-01 -9.369320803932e-01 -1.211396243213e-01
6.256250448524e-02
-2.892130445679e-01 -9.534076362023e-01 -8.584692238503e-02
5.753688977004e-01
-1.112692104332e-01 -9.875415564011e-01 -1.112692104332e-01
6.321244555953e-01
-9.754966309535e-02 -9.904383506609e-01 -9.754966309535e-02
1.614592749046e+00
9.754966309535e-02 -9.904383506609e-01 -9.754966309535e-02
1.622040405154e+00
1.112692104332e-01 -9.875415564011e-01 -1.112692104332e-01
6.310893042117e-01
2.892130445679e-01 -9.534076362023e-01 -8.584692238504e-02
3.983567313947e-01
3.278467144100e-01 -9.369320803932e-01 -1.211396243213e-01
9.108803337579e-02
4.699598274150e-01 -8.792329959207e-01 -7.801986606203e-02
5.123072463602e-02
5.277207947278e-01 -8.398628335694e-01 -1.270479578768e-01
2.156572922115e-02
6.326492539332e-01 -7.708853463782e-01 -7.409928634719e-02
1.934482383148e-02
7.011972415210e-01 -7.011972415210e-01 -1.290149486172e-01
1.489043083150e-02
7.708853463782e-01 -6.326492539332e-01 -7.409928634719e-02
1.947974190066e-02
8.398628335694e-01 -5.277207947278e-01 -1.270479578768e-01
1.698470628970e-02
8.792329959207e-01 -4.699598274150e-01 -7.801986606203e-02
1.829403302375e-02
9.369320803932e-01 -3.278467144100e-01 -1.211396243213e-01
1.553982326352e-02
9.534076362023e-01 -2.892130445679e-01 -8.584692238504e-02
1.248570754841e-02
9.875415564011e-01 -1.112692104332e-01 -1.112692104332e-01
1.108444479054e-02
9.904383506609e-01 -9.754966309535e-02 -9.754966309535e-02
7.431545647135e-03
9.514259489692e-01 1.071999587676e-01 -2.886119063178e-01
7.930076955252e-03
9.435493257921e-01 1.242206253374e-01 -3.070568449620e-01
8.678902643538e-03
9.079183105646e-01 3.176943572541e-01 -2.734129417392e-01
8.953777775973e-03
8.754336959030e-01 3.626165098014e-01 -3.195701971352e-01
7.329236228621e-03
8.166418539992e-01 5.131300862176e-01 -2.641847779778e-01
6.190974256953e-03
7.500752876024e-01 5.755530111934e-01 -3.257695416003e-01
4.781290643261e-03
6.825802229792e-01 6.825802229792e-01 -2.610909389377e-01
4.795006404345e-03
5.755530111934e-01 7.500752876024e-01 -3.257695416003e-01
7.197056126343e-03
5.131300862176e-01 8.166418539992e-01 -2.641847779778e-01
1.930321913347e-02
3.626165098014e-01 8.754336959030e-01 -3.195701971352e-01
4.230119428424e-02
3.176943572541e-01 9.079183105646e-01 -2.734129417392e-01
2.125588086641e-01
1.242206253374e-01 9.435493257921e-01 -3.070568449620e-01
2.743102901261e-01
1.071999587676e-01 9.514259489692e-01 -2.886119063178e-01
4.326048601644e-01
-1.071999587676e-01 9.514259489692e-01 -2.886119063178e-01
3.597440222982e-01
-1.242206253374e-01 9.435493257921e-01 -3.070568449620e-01
1.211023331537e-01
-3.176943572541e-01 9.079183105646e-01 -2.734129417392e-01
5.791891781708e-02
-3.626165098014e-01 8.754336959030e-01 -3.195701971352e-01
1.993913716566e-02
-5.131300862176e-01 8.166418539992e-01 -2.641847779778e-01
1.091400709447e-02
-5.755530111934e-01 7.500752876024e-01 -3.257695416003e-01
8.415961192910e-03
-6.825802229792e-01 6.825802229792e-01 -2.610909389377e-01
7.776298507830e-03
-7.500752876024e-01 5.755530111934e-01 -3.257695416003e-01
8.072481265398e-03
-8.166418539992e-01 5.131300862176e-01 -2.641847779778e-01
8.038674234884e-03
-8.754336959030e-01 3.626165098014e-01 -3.195701971352e-01
7.566696926209e-03
-9.079183105646e-01 3.176943572541e-01 -2.734129417392e-01
7.075092297937e-03
-9.435493257921e-01 1.242206253374e-01 -3.070568449620e-01
6.640823540885e-03
-9.514259489692e-01 1.071999587676e-01 -2.886119063178e-01
9.399203947586e-03
-9.514259489692e-01 -1.071999587676e-01 -2.886119063178e-01
1.037863178344e-02
-9.435493257921e-01 -1.242206253374e-01 -3.070568449620e-01
1.845445630283e-02
-9.079183105646e-01 -3.176943572541e-01 -2.734129417392e-01
1.944157638870e-02
-8.754336959030e-01 -3.626165098014e-01 -3.195701971352e-01
1.924860204411e-02
-8.166418539992e-01 -5.131300862176e-01 -2.641847779778e-01
1.559788008105e-02
-7.500752876024e-01 -5.755530111934e-01 -3.257695416003e-01
9.316600791154e-03
-6.825802229792e-01 -6.825802229792e-01 -2.610909389377e-01
7.957022649415e-03
-5.755530111934e-01 -7.500752876024e-01 -3.257695416003e-01
7.217701510895e-03
-5.131300862176e-01 -8.166418539992e-01 -2.641847779778e-01
1.344231847891e-02
-3.626165098014e-01 -8.754336959030e-01 -3.195701971352e-01
2.169692116074e-02
-3.176943572541e-01 -9.079183105646e-01 -2.734129417392e-01
7.379894827130e-02
-1.242206253374e-01 -9.435493257921e-01 -3.070568449620e-01
9.458901278703e-02
-1.071999587676e-01 -9.514259489692e-01 -2.886119063178e-01
1.608368569753e-01
1.071999587676e-01 -9.514259489692e-01 -2.886119063178e-01
1.268405856795e-01
1.242206253374e-01 -9.435493257921e-01 -3.070568449620e-01
8.116724749785e-02
3.176943572541e-01 -9.079183105646e-01 -2.734129417392e-01
3.661508313671e-02
3.626165098014e-01 -8.754336959030e-01 -3.195701971352e-01
2.541476639450e-02
5.131300862176e-01 -8.166418539992e-01 -2.641847779778e-01
1.511725009131e-02
5.755530111934e-01 -7.500752876024e-01 -3.257695416003e-01
1.639859107057e-02
6.825802229792e-01 -6.825802229792e-01 -2.610909389377e-01
1.700933582814e-02
7.500752876024e-01 -5.755530111934e-01 -3.257695416003e-01
1.833254626537e-02
8.166418539992e-01 -5.131300862176e-01 -2.641847779778e-01
1.671367609755e-02
8.754336959030e-01 -3.626165098014e-01 -3.195701971352e-01
1.512204439455e-02
9.079183105646e-01 -3.176943572541e-01 -2.734129417392e-01
9.796741062247e-03
9.435493257921e-01 -1.242206253374e-01 -3.070568449620e-01
8.945078063884e-03
9.514259489692e-01 -1.071999587676e-01 -2.886119063178e-01
5.243349596368e-03
8.760361683356e-01 1.153323495383e-01 -4.682510874711e-01
5.495164464922e-03
8.601281586402e-01 1.362309170136e-01 -4.915492731800e-01
6.982664622596e-03
8.251449107228e-01 3.417862129445e-01 -4.497978000716e-01
7.246623902128e-03
7.686052897440e-01 3.916239557406e-01 -5.058424516267e-01
5.607712958636e-03
7.122991943291e-01 5.465663953244e-01 -4.403351374353e-01
5.042385587758e-03
6.080166031672e-01 6.080166031672e-01 -5.105209305662e-01
3.889423995482e-03
5.465663953244e-01 7.122991943291e-01 -4.403351374353e-01
5.004666548573e-03
3.916239557406e-01 7.686052897440e-01 -5.058424516267e-01
7.563805743858e-03
3.417862129445e-01 8.251449107228e-01 -4.497978000716e-01
1.773192210115e-02
1.362309170136e-01 8.601281586402e-01 -4.915492731800e-01
2.396765315887e-02
1.153323495383e-01 8.760361683356e-01 -4.682510874711e-01
3.403094171694e-02
-1.153323495383e-01 8.760361683356e-01 -4.682510874711e-01
2.538204281515e-02
-1.362309170136e-01 8.601281586402e-01 -4.915492731800e-01
1.624005225271e-02
-3.417862129445e-01 8.251449107228e-01 -4.497978000716e-01
8.172910387441e-03
-3.916239557406e-01 7.686052897440e-01 -5.058424516267e-01
6.591924750662e-03
-5.465663953244e-01 7.122991943291e-01 -4.403351374353e-01
5.530476954452e-03
-6.080166031672e-01 6.080166031672e-01 -5.105209305662e-01
6.070657340370e-03
-7.122991943291e-01 5.465663953244e-01 -4.403351374353e-01
6.874072746767e-03
-7.686052897440e-01 3.916239557406e-01 -5.058424516267e-01
6.536166103530e-03
-8.251449107228e-01 3.417862129445e-01 -4.497978000716e-01
5.850863512729e-03
-8.601281586402e-01 1.362309170136e-01 -4.915492731800e-01
5.461277804134e-03
-8.760361683356e-01 1.153323495383e-01 -4.682510874711e-01
6.462480221233e-03
-8.760361683356e-01 -1.153323495383e-01 -4.682510874711e-01
6.871834069468e-03
-8.601281586402e-01 -1.362309170136e-01 -4.915492731800e-01
1.171239699157e-02
-8.251449107228e-01 -3.417862129445e-01 -4.497978000716e-01
1.136513663331e-02
-7.686052897440e-01 -3.916239557406e-01 -5.058424516267e-01
1.228951206868e-02
-7.122991943291e-01 -5.465663953244e-01 -4.403351374353e-01
9.540939847602e-03
-6.080166031672e-01 -6.080166031672e-01 -5.105209305662e-01
7.386135375560e-03
-5.465663953244e-01 -7.122991943291e-01 -4.403351374353e-01
6.249723888533e-03
-3.916239557406e-01 -7.686052897440e-01 -5.058424516267e-01
7.059276079987e-03
-3.417862129445e-01 -8.251449107228e-01 -4.497978000716e-01
7.882038723493e-03
-1.362309170136e-01 -8.601281586402e-01 -4.915492731800e-01
9.410200824805e-03
-1.153323495383e-01 -8.760361683356e-01 -4.682510874711e-01
9.430255894837e-03
1.153323495383e-01 -8.760361683356e-01 -4.682510874711e-01
7.394001143104e-03
1.362309170136e-01 -8.601281586402e-01 -4.915492731800e-01
7.577851778558e-03
3.417862129445e-01 -8.251449107228e-01 -4.497978000716e-01
4.987059174028e-03
3.916239557406e-01 -7.686052897440e-01 -5.058424516267e-01
7.580762382180e-03
5.465663953244e-01 -7.122991943291e-01 -4.403351374353e-01
7.982231548687e-03
6.080166031672e-01 -6.080166031672e-01 -5.105209305662e-01
1.149456671763e-02
7.122991943291e-01 -5.465663953244e-01 -4.403351374353e-01
1.069028250864e-02
7.686052897440e-01 -3.916239557406e-01 -5.058424516267e-01
1.082300296758e-02
8.251449107228e-01 -3.417862129445e-01 -4.497978000716e-01
6.304178275996e-03
8.601281586402e-01 -1.362309170136e-01 -4.915492731800e-01
5.967958107301e-03
8.760361683356e-01 -1.153323495383e-01 -4.682510874711e-01
3.514300608287e-03
7.672811492985e-01 1.215253954032e-01 -6.296913658319e-01
3.698331541433e-03
7.391018449059e-01 1.470164977049e-01 -6.573542517237e-01
5.769679408855e-03
7.068204811699e-01 3.601430233799e-01 -6.088528640891e-01
6.258482284569e-03
6.161513066557e-01 4.116991408334e-01 -6.714621245786e-01
5.086620276717e-03
5.648368665729e-01 5.648368665729e-01 -6.015967323051e-01
5.019743506612e-03
4.116991408334e-01 6.161513066557e-01 -6.714621245786e-01
4.052023319352e-03
3.601430233799e-01 7.068204811699e-01 -6.088528640891e-01
4.693558653123e-03
1.470164977049e-01 7.391018449059e-01 -6.573542517237e-01
5.013474325018e-03
1.215253954032e-01 7.672811492985e-01 -6.296913658319e-01
5.174478515704e-03
-1.215253954032e-01 7.672811492985e-01 -6.296913658319e-01
4.541122233315e-03
-1.470164977049e-01 7.391018449059e-01 -6.573542517237e-01
4.139953130017e-03
-3.601430233799e-01 7.068204811699e-01 -6.088528640891e-01
3.909027812828e-03
-4.116991408334e-01 6.161513066557e-01 -6.714621245786e-01
4.446150179537e-03
-5.648368665729e-01 5.648368665729e-01 -6.015967323051e-01
5.654794395157e-03
-6.161513066557e-01 4.116991408334e-01 -6.714621245786e-01
5.715496796623e-03
-7.068204811699e-01 3.601430233799e-01 -6.088528640891e-01
4.703219183745e-03
-7.391018449059e-01 1.470164977049e-01 -6.573542517237e-01
4.421907557567e-03
-7.672811492985e-01 1.215253954032e-01 -6.296913658319e-01
4.034491814070e-03
-7.672811492985e-01 -1.215253954032e-01 -6.296913658319e-01
4.018158275735e-03
-7.391018449059e-01 -1.470164977049e-01 -6.573542517237e-01
6.515765902338e-03
-7.068204811699e-01 -3.601430233799e-01 -6.088528640891e-01
5.861252728880e-03
-6.161513066557e-01 -4.116991408334e-01 -6.714621245786e-01
7.014250688513e-03
-5.648368665729e-01 -5.648368665729e-01 -6.015967323051e-01
5.412134026760e-03
-4.116991408334e-01 -6.161513066557e-01 -6.714621245786e-01
4.652092366397e-03
-3.601430233799e-01 -7.068204811699e-01 -6.088528640891e-01
3.405708707592e-03
-1.470164977049e-01 -7.391018449059e-01 -6.573542517237e-01
3.177523254821e-03
-1.215253954032e-01 -7.672811492985e-01 -6.296913658319e-01
2.501139093158e-03
1.215253954032e-01 -7.672811492985e-01 -6.296913658319e-01
2.584222396122e-03
1.470164977049e-01 -7.391018449059e-01 -6.573542517237e-01
3.012315606308e-03
3.601430233799e-01 -7.068204811699e-01 -6.088528640891e-01
4.083288842700e-03
4.116991408334e-01 -6.161513066557e-01 -6.714621245786e-01
5.743870930303e-03
5.648368665729e-01 -5.648368665729e-01 -6.015967323051e-01
6.488367977948e-03
6.161513066557e-01 -4.116991408334e-01 -6.714621245786e-01
6.689042931338e-03
7.068204811699e-01 -3.601430233799e-01 -6.088528640891e-01
3.809508791482e-03
7.391018449059e-01 -1.470164977049e-01 -6.573542517237e-01
3.648155785908e-03
7.672811492985e-01 -1.215253954032e-01 -6.296913658319e-01
2.453279067627e-03
6.294019098545e-01 1.251958239224e-01 -7.669284461695e-01
2.696636286825e-03
5.826978829809e-01 1.561334271760e-01 -7.975497038354e-01
4.802129962594e-03
5.540975440982e-01 3.702361422900e-01 -7.455877618138e-01
5.457507384162e-03
4.167473548937e-01 4.167473548937e-01 -8.078634070053e-01
4.847887599316e-03
3.702361422900e-01 5.540975440982e-01 -7.455877618138e-01
4.542741799127e-03
1.561334271760e-01 5.826978829809e-01 -7.975497038354e-01
3.863770214189e-03
1.251958239224e-01 6.294019098545e-01 -7.669284461695e-01
3.213782566112e-03
-1.251958239224e-01 6.294019098545e-01 -7.669284461695e-01
3.566664003640e-03
-1.561334271760e-01 5.826978829809e-01 -7.975497038354e-01
3.388908075672e-03
-3.702361422900e-01 5.540975440982e-01 -7.455877618138e-01
4.332559400298e-03
-4.167473548937e-01 4.167473548937e-01 -8.078634070053e-01
4.457832394349e-03
-5.540975440982e-01 3.702361422900e-01 -7.455877618138e-01
3.272360294080e-03
-5.826978829809e-01 1.561334271760e-01 -7.975497038354e-01
3.093216936421e-03
-6.294019098545e-01 1.251958239224e-01 -7.669284461695e-01
2.258218995759e-03
-6.294019098545e-01 -1.251958239224e-01 -7.669284461695e-01
2.172665777023e-03
-5.826978829809e-01 -1.561334271760e-01 -7.975497038354e-01
3.476710681058e-03
-5.540975440982e-01 -3.702361422900e-01 -7.455877618138e-01
3.517607097791e-03
-4.167473548937e-01 -4.167473548937e-01 -8.078634070053e-01
4.124324662257e-03
-3.702361422900e-01 -5.540975440982e-01 -7.455877618138e-01
4.078337287470e-03
-1.561334271760e-01 -5.826978829809e-01 -7.975497038354e-01
3.430944009301e-03
-1.251958239224e-01 -6.294019098545e-01 -7.669284461695e-01
3.158022827177e-03
1.251958239224e-01 -6.294019098545e-01 -7.669284461695e-01
4.103828012905e-03
1.561334271760e-01 -5.826978829809e-01 -7.975497038354e-01
4.061816580362e-03
3.702361422900e-01 -5.540975440982e-01 -7.455877618138e-01
5.387338807569e-03
4.167473548937e-01 -4.167473548937e-01 -8.078634070053e-01
4.706705571072e-03
5.540975440982e-01 -3.702361422900e-01 -7.455877618138e-01
2.729679589588e-03
5.826978829809e-01 -1.561334271760e-01 -7.975497038354e-01
2.462812024251e-03
6.294019098545e-01 -1.251958239224e-01 -7.669284461695e-01
1.920678749781e-03
4.676807377994e-01 1.253146760089e-01 -8.749691191512e-01
2.308404448160e-03
3.919257715109e-01 1.623409700034e-01 -9.055603784861e-01
3.822884602562e-03
3.639082454411e-01 3.639082454411e-01 -8.574039758480e-01
4.295653201386e-03
1.623409700034e-01 3.919257715109e-01 -9.055603784861e-01
4.080722158243e-03
1.253146760089e-01 4.676807377994e-01 -8.749691191512e-01
3.446012762142e-03
-1.253146760089e-01 4.676807377994e-01 -8.749691191512e-01
3.681542669962e-03
-1.623409700034e-01 3.919257715109e-01 -9.055603784861e-01
3.232961394094e-03
-3.639082454411e-01 3.639082454411e-01 -8.574039758480e-01
2.278368087971e-03
-3.919257715109e-01 1.623409700034e-01 -9.055603784861e-01
2.015853548577e-03
-4.676807377994e-01 1.253146760089e-01 -8.749691191512e-01
1.378272563676e-03
-4.676807377994e-01 -1.253146760089e-01 -8.749691191512e-01
1.492681968521e-03
-3.919257715109e-01 -1.623409700034e-01 -9.055603784861e-01
2.313193480039e-03
-3.639082454411e-01 -3.639082454411e-01 -8.574039758480e-01
3.493729079901e-03
-1.623409700034e-01 -3.919257715109e-01 -9.055603784861e-01
3.730832660528e-03
-1.253146760089e-01 -4.676807377994e-01 -8.749691191512e-01
4.646210286433e-03
1.253146760089e-01 -4.676807377994e-01 -8.749691191512e-01
5.132174087850e-03
1.623409700034e-01 -3.919257715109e-01 -9.055603784861e-01
4.141862921759e-03
3.639082454411e-01 -3.639082454411e-01 -8.574039758480e-01
2.552241615488e-03
3.919257715109e-01 -1.623409700034e-01 -9.055603784861e-01
2.026537965374e-03
4.676807377994e-01 -1.253146760089e-01 -8.749691191512e-01
1.601990942019e-03
2.882087470797e-01 1.193799718350e-01 -9.500969110735e-01
2.159875686998e-03
1.601449967080e-01 1.601449967080e-01 -9.740159957921e-01
2.529456622463e-03
1.193799718350e-01 2.882087470797e-01 -9.500969110735e-01
2.350545808478e-03
-1.193799718350e-01 2.882087470797e-01 -9.500969110735e-01
1.976820065195e-03
-1.601449967080e-01 1.601449967080e-01 -9.740159957921e-01
1.431521599238e-03
-2.882087470797e-01 1.193799718350e-01 -9.500969110735e-01
1.101788154636e-03
-2.882087470797e-01 -1.193799718350e-01 -9.500969110735e-01
1.675830240760e-03
-1.601449967080e-01 -1.601449967080e-01 -9.740159957921e-01
2.142394038666e-03
-1.193799718350e-01 -2.882087470797e-01 -9.500969110735e-01
3.015890246517e-03
1.193799718350e-01 -2.882087470797e-01 -9.500969110735e-01
2.454135533492e-03
1.601449967080e-01 -1.601449967080e-01 -9.740159957921e-01
1.782595705666e-03
2.882087470797e-01 -1.193799718350e-01 -9.500969110735e-01
9.973593809334e-04
9.754966309535e-02 9.754966309535e-02 -9.904383506609e-01
9.170564715964e-04
-9.754966309535e-02 9.754966309535e-02 -9.904383506609e-01
8.604280104916e-04
-9.754966309535e-02 -9.754966309535e-02 -9.904383506609e-01
1.059713982329e-03
9.754966309535e-02 -9.754966309535e-02 -9.904383506609e-01
1.836084357016e+00
-3.316205625869e-01 9.417634387010e-01 5.576224525252e-02
