513
2.249968826154e-02
9.754966309535e-02 9.754966309535e-02 9.904383506609e-01
5.620524863798e-02
-9.754966309535e-02 9.754966309535e-02 9.904383506609e-01
4.759950465662e-02
-9.754966309535e-02 -9.754966309535e-02 9.904383506609e-01
2.166147005272e-02
9.754966309535e-02 -9.754966309535e-02 9.904383506609e-01
8.880523542614e-03
2.882087470797e-01 1.193799718350e-01 9.500969110735e-01
2.651659822637e-02
1.601449967080e-01 1.601449967080e-01 9.740159957921e-01
2.246336692835e-02
1.193799718350e-01 2.882087470797e-01 9.500969110735e-01
5.141171884306e-02
-1.193799718350e-01 2.882087470797e-01 9.500969110735e-01
1.064498212468e-01
-1.601449967080e-01 1.601449967080e-01 9.740159957921e-01
7.748904454595e-02
-2.882087470797e-01 1.193799718350e-01 9.500969110735e-01
5.934962908851e-02
-2.882087470797e-01 -1.193799718350e-01 9.500969110735e-01
8.015975427068e-02
-1.601449967080e-01 -1.601449967080e-01 9.740159957921e-01
3.939256548953e-02
-1.193799718350e-01 -2.882087470797e-01 9.500969110735e-01
2.193780628463e-02
1.193799718350e-01 -2.882087470797e-01 9.500969110735e-01
2.687853350034e-02
1.601449967080e-01 -1.601449967080e-01 9.740159957921e-01
9.899791860062e-03
2.882087470797e-01 -1.193799718350e-01 9.500969110735e-01
3.222509204862e-03
4.676807377994e-01 1.253146760089e-01 8.749691191512e-01
5.503332578139e-03
3.919257715109e-01 1.623409700034e-01 9.055603784861e-01
5.406934105904e-03
3.639082454411e-01 3.639082454411e-01 8.574039758480e-01
1.742888769205e-02
1.623409700034e-01 3.919257715109e-01 9.055603784861e-01
1.337897207148e-02
1.253146760089e-01 4.676807377994e-01 8.749691191512e-01
1.458110711129e-02
-1.253146760089e-01 4.676807377994e-01 8.749691191512e-01
3.131195805953e-02
-1.623409700034e-01 3.919257715109e-01 9.055603784861e-01
1.571971431307e-02
-3.639082454411e-01 3.639082454411e-01 8.574039758480e-01
5.209576545540e-02
-3.919257715109e-01 1.623409700034e-01 9.055603784861e-01
2.782494805965e-02
-4.676807377994e-01 1.253146760089e-01 8.749691191512e-01
2.313332378023e-02
-4.676807377994e-01 -1.253146760089e-01 8.749691191512e-01
3.912938416938e-02
-3.919257715109e-01 -1.623409700034e-01 9.055603784861e-01
1.528418144647e-02
-3.639082454411e-01 -3.639082454411e-01 8.574039758480e-01
2.838633591572e-02
-1.623409700034e-01 -3.919257715109e-01 9.055603784861e-01
1.583930839401e-02
-1.253146760089e-01 -4.676807377994e-01 8.749691191512e-01
1.266133384095e-02
1.253146760089e-01 -4.676807377994e-01 8.749691191512e-01
1.763985653763e-02
1.623409700034e-01 -3.919257715109e-01 9.055603784861e-01
6.842241942919e-03
3.639082454411e-01 -3.639082454411e-01 8.574039758480e-01
6.826768640481e-03
3.919257715109e-01 -1.623409700034e-01 9.055603784861e-01
3.906799807666e-03
4.676807377994e-01 -1.253146760089e-01 8.749691191512e-01
2.065321771434e-03
6.294019098545e-01 1.251958239224e-01 7.669284461695e-01
2.364794995611e-03
5.826978829809e-01 1.561334271760e-01 7.975497038354e-01
2.416776184307e-03
5.540975440982e-01 3.702361422900e-01 7.455877618138e-01
5.178954330828e-03
4.167473548937e-01 4.167473548937e-01 8.078634070053e-01
6.641250625897e-03
3.702361422900e-01 5.540975440982e-01 7.455877618138e-01
9.301397249902e-03
1.561334271760e-01 5.826978829809e-01 7.975497038354e-01
6.769560851778e-03
1.251958239224e-01 6.294019098545e-01 7.669284461695e-01
2.725287459753e-03
-1.251958239224e-01 6.294019098545e-01 7.669284461695e-01
4.378010643547e-03
-1.561334271760e-01 5.826978829809e-01 7.975497038354e-01
2.241462240533e-03
-3.702361422900e-01 5.540975440982e-01 7.455877618138e-01
8.185453123526e-03
-4.167473548937e-01 4.167473548937e-01 8.078634070053e-01
3.708291100823e-03
-5.540975440982e-01 3.702361422900e-01 7.455877618138e-01
9.388015034140e-03
-5.826978829809e-01 1.561334271760e-01 7.975497038354e-01
5.729554520345e-03
-6.294019098545e-01 1.251958239224e-01 7.669284461695e-01
6.418863976278e-03
-6.294019098545e-01 -1.251958239224e-01 7.669284461695e-01
9.633255820676e-03
-5.826978829809e-01 -1.561334271760e-01 7.975497038354e-01
5.884244749419e-03
-5.540975440982e-01 -3.702361422900e-01 7.455877618138e-01
1.085323192152e-02
-4.167473548937e-01 -4.167473548937e-01 8.078634070053e-01
5.136410654313e-03
-3.702361422900e-01 -5.540975440982e-01 7.455877618138e-01
6.857599424551e-03
-1.561334271760e-01 -5.826978829809e-01 7.975497038354e-01
4.181019943298e-03
-1.251958239224e-01 -6.294019098545e-01 7.669284461695e-01
4.603887987611e-03
1.251958239224e-01 -6.294019098545e-01 7.669284461695e-01
6.969130401198e-03
1.561334271760e-01 -5.826978829809e-01 7.975497038354e-01
5.569710699359e-03
3.702361422900e-01 -5.540975440982e-01 7.455877618138e-01
6.439437855565e-03
4.167473548937e-01 -4.167473548937e-01 8.078634070053e-01
3.213822796536e-03
5.540975440982e-01 -3.702361422900e-01 7.455877618138e-01
2.842167403513e-03
5.826978829809e-01 -1.561334271760e-01 7.975497038354e-01
2.288654568772e-03
6.294019098545e-01 -1.251958239224e-01 7.669284461695e-01
3.226354025084e-03
7.672811492985e-01 1.215253954032e-01 6.296913658319e-01
2.897723049821e-03
7.391018449059e-01 1.470164977049e-01 6.573542517237e-01
2.287885548087e-03
7.068204811699e-01 3.601430233799e-01 6.088528640891e-01
2.515986783949e-03
6.161513066557e-01 4.116991408334e-01 6.714621245786e-01
3.968958441110e-03
5.648368665729e-01 5.648368665729e-01 6.015967323051e-01
8.205300767071e-03
4.116991408334e-01 6.161513066557e-01 6.714621245786e-01
1.127771536918e-02
3.601430233799e-01 7.068204811699e-01 6.088528640891e-01
5.956464026326e-03
1.470164977049e-01 7.391018449059e-01 6.573542517237e-01
4.557884570230e-03
1.215253954032e-01 7.672811492985e-01 6.296913658319e-01
9.048622208292e-04
-1.215253954032e-01 7.672811492985e-01 6.296913658319e-01
1.011517232680e-03
-1.470164977049e-01 7.391018449059e-01 6.573542517237e-01
8.034092264144e-04
-3.601430233799e-01 7.068204811699e-01 6.088528640891e-01
1.340123636225e-03
-4.116991408334e-01 6.161513066557e-01 6.714621245786e-01
1.529205081239e-03
-5.648368665729e-01 5.648368665729e-01 6.015967323051e-01
2.147270585067e-03
-6.161513066557e-01 4.116991408334e-01 6.714621245786e-01
1.392065057822e-03
-7.068204811699e-01 3.601430233799e-01 6.088528640891e-01
2.126045866596e-03
-7.391018449059e-01 1.470164977049e-01 6.573542517237e-01
1.742941970098e-03
-7.672811492985e-01 1.215253954032e-01 6.296913658319e-01
3.049614456401e-03
-7.672811492985e-01 -1.215253954032e-01 6.296913658319e-01
3.686186094350e-03
-7.391018449059e-01 -1.470164977049e-01 6.573542517237e-01
4.239615477232e-03
-7.068204811699e-01 -3.601430233799e-01 6.088528640891e-01
4.960108478600e-03
-6.161513066557e-01 -4.116991408334e-01 6.714621245786e-01
4.024119230517e-03
-5.648368665729e-01 -5.648368665729e-01 6.015967323051e-01
3.870042608093e-03
-4.116991408334e-01 -6.161513066557e-01 6.714621245786e-01
2.257154824652e-03
-3.601430233799e-01 -7.068204811699e-01 6.088528640891e-01
1.602403426549e-03
-1.470164977049e-01 -7.391018449059e-01 6.573542517237e-01
1.166584524142e-03
-1.215253954032e-01 -7.672811492985e-01 6.296913658319e-01
1.672953602128e-03
1.215253954032e-01 -7.672811492985e-01 6.296913658319e-01
2.323730418338e-03
1.470164977049e-01 -7.391018449059e-01 6.573542517237e-01
5.013478507070e-03
3.601430233799e-01 -7.068204811699e-01 6.088528640891e-01
5.881066814057e-03
4.116991408334e-01 -6.161513066557e-01 6.714621245786e-01
4.531116990966e-03
5.648368665729e-01 -5.648368665729e-01 6.015967323051e-01
3.038755253153e-03
6.161513066557e-01 -4.116991408334e-01 6.714621245786e-01
2.034726316929e-03
7.068204811699e-01 -3.601430233799e-01 6.088528640891e-01
2.484704525867e-03
7.391018449059e-01 -1.470164977049e-01 6.573542517237e-01
2.589506644195e-03
7.672811492985e-01 -1.215253954032e-01 6.296913658319e-01
1.300090048521e-02
8.760361683356e-01 1.153323495383e-01 4.682510874711e-01
1.083140978000e-02
8.601281586402e-01 1.362309170136e-01 4.915492731800e-01
5.934026622013e-03
8.251449107228e-01 3.417862129445e-01 4.497978000716e-01
3.535265741124e-03
7.686052897440e-01 3.916239557406e-01 5.058424516267e-01
3.235910702025e-03
7.122991943291e-01 5.465663953244e-01 4.403351374353e-01
4.885432681862e-03
6.080166031672e-01 6.080166031672e-01 5.105209305662e-01
1.046516926844e-02
5.465663953244e-01 7.122991943291e-01 4.403351374353e-01
1.909182239402e-02
3.916239557406e-01 7.686052897440e-01 5.058424516267e-01
2.297342387939e-02
3.417862129445e-01 8.251449107228e-01 4.497978000716e-01
6.579875569264e-03
1.362309170136e-01 8.601281586402e-01 4.915492731800e-01
5.375008049302e-03
1.153323495383e-01 8.760361683356e-01 4.682510874711e-01
9.989391943317e-04
-1.153323495383e-01 8.760361683356e-01 4.682510874711e-01
9.280684199918e-04
-1.362309170136e-01 8.601281586402e-01 4.915492731800e-01
1.470091151603e-03
-3.417862129445e-01 8.251449107228e-01 4.497978000716e-01
1.349104593320e-03
-3.916239557406e-01 7.686052897440e-01 5.058424516267e-01
5.025091823892e-03
-5.465663953244e-01 7.122991943291e-01 4.403351374353e-01
2.730606682406e-03
-6.080166031672e-01 6.080166031672e-01 5.105209305662e-01
3.638508407695e-03
-7.122991943291e-01 5.465663953244e-01 4.403351374353e-01
1.436050883340e-03
-7.686052897440e-01 3.916239557406e-01 5.058424516267e-01
1.237635954233e-03
-8.251449107228e-01 3.417862129445e-01 4.497978000716e-01
1.391416772882e-03
-8.601281586402e-01 1.362309170136e-01 4.915492731800e-01
1.406664376597e-03
-8.760361683356e-01 1.153323495383e-01 4.682510874711e-01
3.789590781824e-03
-8.760361683356e-01 -1.153323495383e-01 4.682510874711e-01
4.075914638033e-03
-8.601281586402e-01 -1.362309170136e-01 4.915492731800e-01
7.280036072311e-03
-8.251449107228e-01 -3.417862129445e-01 4.497978000716e-01
6.238749420691e-03
-7.686052897440e-01 -3.916239557406e-01 5.058424516267e-01
7.288966177817e-03
-7.122991943291e-01 -5.465663953244e-01 4.403351374353e-01
5.313657729643e-03
-6.080166031672e-01 -6.080166031672e-01 5.105209305662e-01
5.160985559220e-03
-5.465663953244e-01 -7.122991943291e-01 4.403351374353e-01
2.517616842123e-03
-3.916239557406e-01 -7.686052897440e-01 5.058424516267e-01
1.993865472031e-03
-3.417862129445e-01 -8.251449107228e-01 4.497978000716e-01
8.507865005372e-04
-1.362309170136e-01 -8.601281586402e-01 4.915492731800e-01
7.732593097357e-04
-1.153323495383e-01 -8.760361683356e-01 4.682510874711e-01
1.338819841782e-03
1.153323495383e-01 -8.760361683356e-01 4.682510874711e-01
1.575591304142e-03
1.362309170136e-01 -8.601281586402e-01 4.915492731800e-01
7.793689912895e-03
3.417862129445e-01 -8.251449107228e-01 4.497978000716e-01
8.411963339085e-03
3.916239557406e-01 -7.686052897440e-01 5.058424516267e-01
1.303668435997e-02
5.465663953244e-01 -7.122991943291e-01 4.403351374353e-01
6.260430138178e-03
6.080166031672e-01 -6.080166031672e-01 5.105209305662e-01
3.496527740210e-03
7.122991943291e-01 -5.465663953244e-01 4.403351374353e-01
2.087046062465e-03
7.686052897440e-01 -3.916239557406e-01 5.058424516267e-01
2.023482794500e-03
8.251449107228e-01 -3.417862129445e-01 4.497978000716e-01
5.195529807549e-03
8.601281586402e-01 -1.362309170136e-01 4.915492731800e-01
6.310770122218e-03
8.760361683356e-01 -1.153323495383e-01 4.682510874711e-01
8.592304525837e-02
9.514259489692e-01 1.071999587676e-01 2.886119063178e-01
7.748633094456e-02
9.435493257921e-01 1.242206253374e-01 3.070568449620e-01
3.198589140655e-02
9.079183105646e-01 3.176943572541e-01 2.734129417392e-01
1.562106476655e-02
8.754336959030e-01 3.626165098014e-01 3.195701971352e-01
5.761012006951e-03
8.166418539992e-01 5.131300862176e-01 2.641847779778e-01
4.345975278354e-03
7.500752876024e-01 5.755530111934e-01 3.257695416003e-01
6.159539644736e-03
6.825802229792e-01 6.825802229792e-01 2.610909389377e-01
1.441403147129e-02
5.755530111934e-01 7.500752876024e-01 3.257695416003e-01
2.701429055350e-02
5.131300862176e-01 8.166418539992e-01 2.641847779778e-01
4.155219946927e-02
3.626165098014e-01 8.754336959030e-01 3.195701971352e-01
3.863017919045e-02
3.176943572541e-01 9.079183105646e-01 2.734129417392e-01
1.029597980283e-02
1.242206253374e-01 9.435493257921e-01 3.070568449620e-01
8.551089039647e-03
1.071999587676e-01 9.514259489692e-01 2.886119063178e-01
2.598500435469e-03
-1.071999587676e-01 9.514259489692e-01 2.886119063178e-01
2.517766434644e-03
-1.242206253374e-01 9.435493257921e-01 3.070568449620e-01
7.574616538782e-03
-3.176943572541e-01 9.079183105646e-01 2.734129417392e-01
7.394673248599e-03
-3.626165098014e-01 8.754336959030e-01 3.195701971352e-01
5.743006184301e-02
-5.131300862176e-01 8.166418539992e-01 2.641847779778e-01
3.284220818477e-02
-5.755530111934e-01 7.500752876024e-01 3.257695416003e-01
7.284118736948e-02
-6.825802229792e-01 6.825802229792e-01 2.610909389377e-01
1.398779566233e-02
-7.500752876024e-01 5.755530111934e-01 3.257695416003e-01
1.087413841998e-02
-8.166418539992e-01 5.131300862176e-01 2.641847779778e-01
2.247613323278e-03
-8.754336959030e-01 3.626165098014e-01 3.195701971352e-01
2.008466603468e-03
-9.079183105646e-01 3.176943572541e-01 2.734129417392e-01
2.278289520055e-03
-9.435493257921e-01 1.242206253374e-01 3.070568449620e-01
2.390798640357e-03
-9.514259489692e-01 1.071999587676e-01 2.886119063178e-01
8.262996708684e-03
-9.514259489692e-01 -1.071999587676e-01 2.886119063178e-01
9.086894710707e-03
-9.435493257921e-01 -1.242206253374e-01 3.070568449620e-01
1.827433127635e-02
-9.079183105646e-01 -3.176943572541e-01 2.734129417392e-01
1.635697824076e-02
-8.754336959030e-01 -3.626165098014e-01 3.195701971352e-01
1.805269092506e-02
-8.166418539992e-01 -5.131300862176e-01 2.641847779778e-01
1.381044208802e-02
-7.500752876024e-01 -5.755530111934e-01 3.257695416003e-01
1.571658698955e-02
-6.825802229792e-01 -6.825802229792e-01 2.610909389377e-01
1.049211343292e-02
-5.755530111934e-01 -7.500752876024e-01 3.257695416003e-01
1.185852128870e-02
-5.131300862176e-01 -8.166418539992e-01 2.641847779778e-01
4.667689478682e-03
-3.626165098014e-01 -8.754336959030e-01 3.195701971352e-01
4.776652325526e-03
-3.176943572541e-01 -9.079183105646e-01 2.734129417392e-01
1.871589626322e-03
-1.242206253374e-01 -9.435493257921e-01 3.070568449620e-01
1.928476765499e-03
-1.071999587676e-01 -9.514259489692e-01 2.886119063178e-01
3.459830187448e-03
1.071999587676e-01 -9.514259489692e-01 2.886119063178e-01
3.679186991196e-03
1.242206253374e-01 -9.435493257921e-01 3.070568449620e-01
2.259966202610e-02
3.176943572541e-01 -9.079183105646e-01 2.734129417392e-01
2.418471554082e-02
3.626165098014e-01 -8.754336959030e-01 3.195701971352e-01
5.616923486843e-02
5.131300862176e-01 -8.166418539992e-01 2.641847779778e-01
3.014762583695e-02
5.755530111934e-01 -7.500752876024e-01 3.257695416003e-01
1.515331562269e-02
6.825802229792e-01 -6.825802229792e-01 2.610909389377e-01
4.576471667032e-03
7.500752876024e-01 -5.755530111934e-01 3.257695416003e-01
2.511095254582e-03
8.166418539992e-01 -5.131300862176e-01 2.641847779778e-01
2.497512844750e-03
8.754336959030e-01 -3.626165098014e-01 3.195701971352e-01
3.306890547926e-03
9.079183105646e-01 -3.176943572541e-01 2.734129417392e-01
2.058705891497e-02
9.435493257921e-01 -1.242206253374e-01 3.070568449620e-01
2.544489713964e-02
9.514259489692e-01 -1.071999587676e-01 2.886119063178e-01
3.662002542878e-01
9.904383506609e-01 9.754966309535e-02 9.754966309535e-02
3.846949332008e-01
9.875415564011e-01 1.112692104332e-01 1.112692104332e-01
1.449484210165e-01
9.534076362023e-01 2.892130445679e-01 8.584692238504e-02
8.866118897299e-02
9.369320803932e-01 3.278467144100e-01 1.211396243213e-01
1.610384206185e-02
8.792329959207e-01 4.699598274150e-01 7.801986606203e-02
8.774502828015e-03
8.398628335694e-01 5.277207947278e-01 1.270479578768e-01
5.216529549116e-03
7.708853463782e-01 6.326492539332e-01 7.409928634720e-02
7.044217996688e-03
7.011972415210e-01 7.011972415210e-01 1.290149486172e-01
1.131559104769e-02
6.326492539332e-01 7.708853463782e-01 7.409928634720e-02
3.114626003169e-02
5.277207947278e-01 8.398628335694e-01 1.270479578768e-01
3.885426742112e-02
4.699598274150e-01 8.792329959207e-01 7.801986606203e-02
4.812197477156e-02
3.278467144100e-01 9.369320803932e-01 1.211396243213e-01
3.597738941735e-02
2.892130445679e-01 9.534076362023e-01 8.584692238504e-02
1.249733399631e-02
1.112692104332e-01 9.875415564011e-01 1.112692104332e-01
1.021969485669e-02
9.754966309535e-02 9.904383506609e-01 9.754966309535e-02
5.829625367940e-03
-9.754966309535e-02 9.904383506609e-01 9.754966309535e-02
6.461029890649e-03
-1.112692104332e-01 9.875415564011e-01 1.112692104332e-01
2.647282021737e-02
-2.892130445679e-01 9.534076362023e-01 8.584692238504e-02
3.822194169077e-02
-3.278467144100e-01 9.369320803932e-01 1.211396243213e-01
3.338873523685e-01
-4.699598274150e-01 8.792329959207e-01 7.801986606203e-02
4.335467245080e-01
-5.277207947278e-01 8.398628335694e-01 1.270479578768e-01
1.032950178852e+00
-6.326492539332e-01 7.708853463782e-01 7.409928634719e-02
4.441788121072e-01
-7.011972415210e-01 7.011972415210e-01 1.290149486172e-01
2.434862534810e-01
-7.708853463782e-01 6.326492539332e-01 7.409928634720e-02
3.512631002331e-02
-8.398628335694e-01 5.277207947278e-01 1.270479578768e-01
1.623515915216e-02
-8.792329959207e-01 4.699598274150e-01 7.801986606203e-02
3.725458763195e-03
-9.369320803932e-01 3.278467144100e-01 1.211396243213e-01
3.040261577632e-03
-9.534076362023e-01 2.892130445679e-01 8.584692238504e-02
4.081453582047e-03
-9.875415564011e-01 1.112692104332e-01 1.112692104332e-01
4.009056438975e-03
-9.904383506609e-01 9.754966309535e-02 9.754966309535e-02
1.377424918970e-02
-9.904383506609e-01 -9.754966309535e-02 9.754966309535e-02
1.631830053279e-02
-9.875415564011e-01 -1.112692104332e-01 1.112692104332e-01
2.971461018743e-02
-9.534076362023e-01 -2.892130445679e-01 8.584692238504e-02
3.293109676937e-02
-9.369320803932e-01 -3.278467144100e-01 1.211396243213e-01
2.917739995617e-02
-8.792329959207e-01 -4.699598274150e-01 7.801986606203e-02
2.876248166631e-02
-8.398628335694e-01 -5.277207947278e-01 1.270479578768e-01
2.668059509141e-02
-7.708853463782e-01 -6.326492539332e-01 7.409928634720e-02
2.831518551404e-02
-7.011972415210e-01 -7.011972415210e-01 1.290149486172e-01
3.391278669991e-02
-6.326492539332e-01 -7.708853463782e-01 7.409928634719e-02
3.165089174420e-02
-5.277207947278e-01 -8.398628335694e-01 1.270479578768e-01
3.660247133646e-02
-4.699598274150e-01 -8.792329959207e-01 7.801986606203e-02
1.992797163639e-02
-3.278467144100e-01 -9.369320803932e-01 1.211396243213e-01
2.099456259758e-02
-2.892130445679e-01 -9.534076362023e-01 8.584692238503e-02
1.093698137284e-02
-1.112692104332e-01 -9.875415564011e-01 1.112692104332e-01
1.098848472465e-02
-9.754966309535e-02 -9.904383506609e-01 9.754966309535e-02
1.678630800191e-02
9.754966309535e-02 -9.904383506609e-01 9.754966309535e-02
1.801357338302e-02
1.112692104332e-01 -9.875415564011e-01 1.112692104332e-01
6.998660547371e-02
2.892130445679e-01 -9.534076362023e-01 8.584692238504e-02
8.251201556484e-02
3.278467144100e-01 -9.369320803932e-01 1.211396243213e-01
1.651689874758e-01
4.699598274150e-01 -8.792329959207e-01 7.801986606203e-02
1.358129239184e-01
5.277207947278e-01 -8.398628335694e-01 1.270479578768e-01
6.271003615377e-02
6.326492539332e-01 -7.708853463782e-01 7.409928634719e-02
2.272599617046e-02
7.011972415210e-01 -7.011972415210e-01 1.290149486172e-01
7.088745388269e-03
7.708853463782e-01 -6.326492539332e-01 7.409928634719e-02
2.804768176705e-03
8.398628335694e-01 -5.277207947278e-01 1.270479578768e-01
2.096441059750e-03
8.792329959207e-01 -4.699598274150e-01 7.801986606203e-02
4.619541473740e-03
9.369320803932e-01 -3.278467144100e-01 1.211396243213e-01
6.782174018262e-03
9.534076362023e-01 -2.892130445679e-01 8.584692238504e-02
7.571758751084e-02
9.875415564011e-01 -1.112692104332e-01 1.112692104332e-01
8.525708157125e-02
9.904383506609e-01 -9.754966309535e-02 9.754966309535e-02
4.936963487764e-01
9.904383506609e-01 9.754966309535e-02 -9.754966309535e-02
5.381584380076e-01
9.875415564011e-01 1.112692104332e-01 -1.112692104332e-01
1.804581383274e-01
9.534076362023e-01 2.892130445679e-01 -8.584692238504e-02
1.179105807314e-01
9.369320803932e-01 3.278467144100e-01 -1.211396243213e-01
1.841901025137e-02
8.792329959207e-01 4.699598274150e-01 -7.801986606203e-02
1.030811237555e-02
8.398628335694e-01 5.277207947278e-01 -1.270479578768e-01
5.352265494168e-03
7.708853463782e-01 6.326492539332e-01 -7.409928634720e-02
6.570161323429e-03
7.011972415210e-01 7.011972415210e-01 -1.290149486172e-01
1.004423826380e-02
6.326492539332e-01 7.708853463782e-01 -7.409928634720e-02
2.198689507376e-02
5.277207947278e-01 8.398628335694e-01 -1.270479578768e-01
2.967903171314e-02
4.699598274150e-01 8.792329959207e-01 -7.801986606203e-02
3.016492539850e-02
3.278467144100e-01 9.369320803932e-01 -1.211396243213e-01
2.565147150363e-02
2.892130445679e-01 9.534076362023e-01 -8.584692238504e-02
9.646649451115e-03
1.112692104332e-01 9.875415564011e-01 -1.112692104332e-01
8.261650360158e-03
9.754966309535e-02 9.904383506609e-01 -9.754966309535e-02
6.712875191401e-03
-9.754966309535e-02 9.904383506609e-01 -9.754966309535e-02
7.860010181171e-03
-1.112692104332e-01 9.875415564011e-01 -1.112692104332e-01
4.222010964662e-02
-2.892130445679e-01 9.534076362023e-01 -8.584692238504e-02
8.003192672807e-02
-3.278467144100e-01 9.369320803932e-01 -1.211396243213e-01
6.206483683056e-01
-4.699598274150e-01 8.792329959207e-01 -7.801986606203e-02
1.211972071384e+00
-5.277207947278e-01 8.398628335694e-01 -1.270479578768e-01
1.866981850025e+00
-6.326492539332e-01 7.708853463782e-01 -7.409928634719e-02
1.101159325495e+00
-7.011972415210e-01 7.011972415210e-01 -1.290149486172e-01
3.818415729191e-01
-7.708853463782e-01 6.326492539332e-01 -7.409928634720e-02
6.147152668131e-02
-8.398628335694e-01 5.277207947278e-01 -1.270479578768e-01
2.153796310946e-02
-8.792329959207e-01 4.699598274150e-01 -7.801986606203e-02
4.821969812302e-03
-9.369320803932e-01 3.278467144100e-01 -1.211396243213e-01
3.545254779752e-03
-9.534076362023e-01 2.892130445679e-01 -8.584692238504e-02
4.462496602415e-03
-9.875415564011e-01 1.112692104332e-01 -1.112692104332e-01
4.296101947933e-03
-9.904383506609e-01 9.754966309535e-02 -9.754966309535e-02
1.346756566505e-02
-9.904383506609e-01 -9.754966309535e-02 -9.754966309535e-02
1.584747385101e-02
-9.875415564011e-01 -1.112692104332e-01 -1.112692104332e-01
2.652870985238e-02
-9.534076362023e-01 -2.892130445679e-01 -8.584692238504e-02
2.783099230952e-02
-9.369320803932e-01 -3.278467144100e-01 -1.211396243213e-01
2.536174614729e-02
-8.792329959207e-01 -4.699598274150e-01 -7.801986606203e-02
2.401237992679e-02
-8.398628335694e-01 -5.277207947278e-01 -1.270479578768e-01
2.601610043072e-02
-7.708853463782e-01 -6.326492539332e-01 -7.409928634720e-02
3.388959914218e-02
-7.011972415210e-01 -7.011972415210e-01 -1.290149486172e-01
4.463592221779e-02
-6.326492539332e-01 -7.708853463782e-01 -7.409928634719e-02
7.795652814120e-02
-5.277207947278e-01 -8.398628335694e-01 -1.270479578768e-01
7.584737260184e-02
-4.699598274150e-01 -8.792329959207e-01 -7.801986606203e-02
9.633149959586e-02
-3.278467144100e-01 -9.369320803932e-01 -1.211396243213e-01
7.036376353339e-02
-2.892130445679e-01 -9.534076362023e-01 -8.584692238503e-02
6.079045027748e-02
-1.112692104332e-01 -9.875415564011e-01 -1.112692104332e-01
4.987225512818e-02
-9.754966309535e-02 -9.904383506609e-01 -9.754966309535e-02
5.931401152680e-02
9.754966309535e-02 -9.904383506609e-01 -9.754966309535e-02
7.263764601025e-02
1.112692104332e-01 -9.875415564011e-01 -1.112692104332e-01
1.358747821171e-01
2.892130445679e-01 -9.534076362023e-01 -8.584692238504e-02
1.790973102201e-01
3.278467144100e-01 -9.369320803932e-01 -1.211396243213e-01
1.997156607220e-01
4.699598274150e-01 -8.792329959207e-01 -7.801986606203e-02
1.551225090202e-01
5.277207947278e-01 -8.398628335694e-01 -1.270479578768e-01
5.985037647472e-02
6.326492539332e-01 -7.708853463782e-01 -7.409928634719e-02
2.014287780497e-02
7.011972415210e-01 -7.011972415210e-01 -1.290149486172e-01
6.651785478232e-03
7.708853463782e-01 -6.326492539332e-01 -7.409928634719e-02
2.849139738432e-03
8.398628335694e-01 -5.277207947278e-01 -1.270479578768e-01
2.209483044784e-03
8.792329959207e-01 -4.699598274150e-01 -7.801986606203e-02
5.923642325971e-03
9.369320803932e-01 -3.278467144100e-01 -1.211396243213e-01
8.287981380596e-03
9.534076362023e-01 -2.892130445679e-01 -8.584692238504e-02
1.068858767591e-01
9.875415564011e-01 -1.112692104332e-01 -1.112692104332e-01
1.157229628438e-01
9.904383506609e-01 -9.754966309535e-02 -9.754966309535e-02
1.817369105892e-01
9.514259489692e-01 1.071999587676e-01 -2.886119063178e-01
1.663433083162e-01
9.435493257921e-01 1.242206253374e-01 -3.070568449620e-01
5.493332704938e-02
9.079183105646e-01 3.176943572541e-01 -2.734129417392e-01
2.638990035080e-02
8.754336959030e-01 3.626165098014e-01 -3.195701971352e-01
7.677015659666e-03
8.166418539992e-01 5.131300862176e-01 -2.641847779778e-01
5.162694789941e-03
7.500752876024e-01 5.755530111934e-01 -3.257695416003e-01
5.608113036951e-03
6.825802229792e-01 6.825802229792e-01 -2.610909389377e-01
1.008644852998e-02
5.755530111934e-01 7.500752876024e-01 -3.257695416003e-01
1.564699968021e-02
5.131300862176e-01 8.166418539992e-01 -2.641847779778e-01
1.989387529007e-02
3.626165098014e-01 8.754336959030e-01 -3.195701971352e-01
1.823240400925e-02
3.176943572541e-01 9.079183105646e-01 -2.734129417392e-01
7.040612574756e-03
1.242206253374e-01 9.435493257921e-01 -3.070568449620e-01
6.064720515425e-03
1.071999587676e-01 9.514259489692e-01 -2.886119063178e-01
4.826174607640e-03
-1.071999587676e-01 9.514259489692e-01 -2.886119063178e-01
5.412643717581e-03
-1.242206253374e-01 9.435493257921e-01 -3.070568449620e-01
3.551225136367e-02
-3.176943572541e-01 9.079183105646e-01 -2.734129417392e-01
5.030337174289e-02
-3.626165098014e-01 8.754336959030e-01 -3.195701971352e-01
3.933217921365e-01
-5.131300862176e-01 8.166418539992e-01 -2.641847779778e-01
2.809764540927e-01
-5.755530111934e-01 7.500752876024e-01 -3.257695416003e-01
3.799125595119e-01
-6.825802229792e-01 6.825802229792e-01 -2.610909389377e-01
6.393487076821e-02
-7.500752876024e-01 5.755530111934e-01 -3.257695416003e-01
3.180752132615e-02
-8.166418539992e-01 5.131300862176e-01 -2.641847779778e-01
5.119382119771e-03
-8.754336959030e-01 3.626165098014e-01 -3.195701971352e-01
3.712738455975e-03
-9.079183105646e-01 3.176943572541e-01 -2.734129417392e-01
3.617088869873e-03
-9.435493257921e-01 1.242206253374e-01 -3.070568449620e-01
3.563363145301e-03
-9.514259489692e-01 1.071999587676e-01 -2.886119063178e-01
9.906285464384e-03
-9.514259489692e-01 -1.071999587676e-01 -2.886119063178e-01
1.115417858544e-02
-9.435493257921e-01 -1.242206253374e-01 -3.070568449620e-01
1.597443565569e-02
-9.079183105646e-01 -3.176943572541e-01 -2.734129417392e-01
1.463023044249e-02
-8.754336959030e-01 -3.626165098014e-01 -3.195701971352e-01
1.471068981770e-02
-8.166418539992e-01 -5.131300862176e-01 -2.641847779778e-01
1.395808322729e-02
-7.500752876024e-01 -5.755530111934e-01 -3.257695416003e-01
2.280295119309e-02
-6.825802229792e-01 -6.825802229792e-01 -2.610909389377e-01
3.417766148202e-02
-5.755530111934e-01 -7.500752876024e-01 -3.257695416003e-01
6.017819524530e-02
-5.131300862176e-01 -8.166418539992e-01 -2.641847779778e-01
8.483381372726e-02
-3.626165098014e-01 -8.754336959030e-01 -3.195701971352e-01
9.488050244187e-02
-3.176943572541e-01 -9.079183105646e-01 -2.734129417392e-01
7.797538384860e-02
-1.242206253374e-01 -9.435493257921e-01 -3.070568449620e-01
7.241443100456e-02
-1.071999587676e-01 -9.514259489692e-01 -2.886119063178e-01
6.776469272874e-02
1.071999587676e-01 -9.514259489692e-01 -2.886119063178e-01
7.123758154222e-02
1.242206253374e-01 -9.435493257921e-01 -3.070568449620e-01
1.041658051765e-01
3.176943572541e-01 -9.079183105646e-01 -2.734129417392e-01
8.913385954888e-02
3.626165098014e-01 -8.754336959030e-01 -3.195701971352e-01
7.730741316610e-02
5.131300862176e-01 -8.166418539992e-01 -2.641847779778e-01
3.420542494503e-02
5.755530111934e-01 -7.500752876024e-01 -3.257695416003e-01
1.364052175218e-02
6.825802229792e-01 -6.825802229792e-01 -2.610909389377e-01
5.029419633818e-03
7.500752876024e-01 -5.755530111934e-01 -3.257695416003e-01
2.917782964117e-03
8.166418539992e-01 -5.131300862176e-01 -2.641847779778e-01
4.609707626530e-03
8.754336959030e-01 -3.626165098014e-01 -3.195701971352e-01
6.001469163874e-03
9.079183105646e-01 -3.176943572541e-01 -2.734129417392e-01
4.907688732626e-02
9.435493257921e-01 -1.242206253374e-01 -3.070568449620e-01
5.829217032218e-02
9.514259489692e-01 -1.071999587676e-01 -2.886119063178e-01
3.178925154293e-02
8.760361683356e-01 1.153323495383e-01 -4.682510874711e-01
2.550043883669e-02
8.601281586402e-01 1.362309170136e-01 -4.915492731800e-01
1.022105575124e-02
8.251449107228e-01 3.417862129445e-01 -4.497978000716e-01
5.409616561486e-03
7.686052897440e-01 3.916239557406e-01 -5.058424516267e-01
3.978233419199e-03
7.122991943291e-01 5.465663953244e-01 -4.403351374353e-01
5.189321110740e-03
6.080166031672e-01 6.080166031672e-01 -5.105209305662e-01
8.311678805074e-03
5.465663953244e-01 7.122991943291e-01 -4.403351374353e-01
1.466559718499e-02
3.916239557406e-01 7.686052897440e-01 -5.058424516267e-01
1.448496555107e-02
3.417862129445e-01 8.251449107228e-01 -4.497978000716e-01
7.101459857248e-03
1.362309170136e-01 8.601281586402e-01 -4.915492731800e-01
5.774719839946e-03
1.153323495383e-01 8.760361683356e-01 -4.682510874711e-01
3.370617099089e-03
-1.153323495383e-01 8.760361683356e-01 -4.682510874711e-01
3.687895522739e-03
-1.362309170136e-01 8.601281586402e-01 -4.915492731800e-01
1.344833666071e-02
-3.417862129445e-01 8.251449107228e-01 -4.497978000716e-01
1.344348445070e-02
-3.916239557406e-01 7.686052897440e-01 -5.058424516267e-01
5.145698839603e-02
-5.465663953244e-01 7.122991943291e-01 -4.403351374353e-01
1.877932991862e-02
-6.080166031672e-01 6.080166031672e-01 -5.105209305662e-01
1.923285807839e-02
-7.122991943291e-01 5.465663953244e-01 -4.403351374353e-01
4.713339950521e-03
-7.686052897440e-01 3.916239557406e-01 -5.058424516267e-01
3.557705748629e-03
-8.251449107228e-01 3.417862129445e-01 -4.497978000716e-01
3.647659784940e-03
-8.601281586402e-01 1.362309170136e-01 -4.915492731800e-01
3.485803217699e-03
-8.760361683356e-01 1.153323495383e-01 -4.682510874711e-01
7.953433898296e-03
-8.760361683356e-01 -1.153323495383e-01 -4.682510874711e-01
8.956828271155e-03
-8.601281586402e-01 -1.362309170136e-01 -4.915492731800e-01
9.436387692688e-03
-8.251449107228e-01 -3.417862129445e-01 -4.497978000716e-01
8.621142883769e-03
-7.686052897440e-01 -3.916239557406e-01 -5.058424516267e-01
8.825967321051e-03
-7.122991943291e-01 -5.465663953244e-01 -4.403351374353e-01
9.302714755038e-03
-6.080166031672e-01 -6.080166031672e-01 -5.105209305662e-01
1.759928168136e-02
-5.465663953244e-01 -7.122991943291e-01 -4.403351374353e-01
2.153089359192e-02
-3.916239557406e-01 -7.686052897440e-01 -5.058424516267e-01
3.536970788286e-02
-3.417862129445e-01 -8.251449107228e-01 -4.497978000716e-01
2.865345660799e-02
-1.362309170136e-01 -8.601281586402e-01 -4.915492731800e-01
3.088313785245e-02
-1.153323495383e-01 -8.760361683356e-01 -4.682510874711e-01
2.718733334214e-02
1.153323495383e-01 -8.760361683356e-01 -4.682510874711e-01
2.530757714087e-02
1.362309170136e-01 -8.601281586402e-01 -4.915492731800e-01
3.355631046341e-02
3.417862129445e-01 -8.251449107228e-01 -4.497978000716e-01
2.402435167487e-02
3.916239557406e-01 -7.686052897440e-01 -5.058424516267e-01
1.871934839739e-02
5.465663953244e-01 -7.122991943291e-01 -4.403351374353e-01
1.014305505386e-02
6.080166031672e-01 -6.080166031672e-01 -5.105209305662e-01
5.243055384151e-03
7.122991943291e-01 -5.465663953244e-01 -4.403351374353e-01
5.617756930723e-03
7.686052897440e-01 -3.916239557406e-01 -5.058424516267e-01
5.323312522520e-03
8.251449107228e-01 -3.417862129445e-01 -4.497978000716e-01
1.760269303535e-02
8.601281586402e-01 -1.362309170136e-01 -4.915492731800e-01
2.046847501273e-02
8.760361683356e-01 -1.153323495383e-01 -4.682510874711e-01
7.003256598463e-03
7.672811492985e-01 1.215253954032e-01 -6.296913658319e-01
5.640134530542e-03
7.391018449059e-01 1.470164977049e-01 -6.573542517237e-01
3.234679083591e-03
7.068204811699e-01 3.601430233799e-01 -6.088528640891e-01
3.050977820363e-03
6.161513066557e-01 4.116991408334e-01 -6.714621245786e-01
4.533626133894e-03
5.648368665729e-01 5.648368665729e-01 -6.015967323051e-01
9.538221581110e-03
4.116991408334e-01 6.161513066557e-01 -6.714621245786e-01
1.207940641210e-02
3.601430233799e-01 7.068204811699e-01 -6.088528640891e-01
9.607522369650e-03
1.470164977049e-01 7.391018449059e-01 -6.573542517237e-01
7.647993096008e-03
1.215253954032e-01 7.672811492985e-01 -6.296913658319e-01
3.380261169869e-03
-1.215253954032e-01 7.672811492985e-01 -6.296913658319e-01
3.674556079794e-03
-1.470164977049e-01 7.391018449059e-01 -6.573542517237e-01
5.168028868854e-03
-3.601430233799e-01 7.068204811699e-01 -6.088528640891e-01
4.702641627044e-03
-4.116991408334e-01 6.161513066557e-01 -6.714621245786e-01
6.874030690834e-03
-5.648368665729e-01 5.648368665729e-01 -6.015967323051e-01
4.237879934285e-03
-6.161513066557e-01 4.116991408334e-01 -6.714621245786e-01
3.622146482039e-03
-7.068204811699e-01 3.601430233799e-01 -6.088528640891e-01
5.037240460489e-03
-7.391018449059e-01 1.470164977049e-01 -6.573542517237e-01
4.667412528069e-03
-7.672811492985e-01 1.215253954032e-01 -6.296913658319e-01
8.447480725910e-03
-7.672811492985e-01 -1.215253954032e-01 -6.296913658319e-01
9.403447660216e-03
-7.391018449059e-01 -1.470164977049e-01 -6.573542517237e-01
6.980903603616e-03
-7.068204811699e-01 -3.601430233799e-01 -6.088528640891e-01
6.182753617061e-03
-6.161513066557e-01 -4.116991408334e-01 -6.714621245786e-01
5.992661927452e-03
-5.648368665729e-01 -5.648368665729e-01 -6.015967323051e-01
5.543603802464e-03
-4.116991408334e-01 -6.161513066557e-01 -6.714621245786e-01
8.644347456787e-03
-3.601430233799e-01 -7.068204811699e-01 -6.088528640891e-01
7.341921764971e-03
-1.470164977049e-01 -7.391018449059e-01 -6.573542517237e-01
8.519451528749e-03
-1.215253954032e-01 -7.672811492985e-01 -6.296913658319e-01
9.297979893638e-03
1.215253954032e-01 -7.672811492985e-01 -6.296913658319e-01
8.859152284088e-03
1.470164977049e-01 -7.391018449059e-01 -6.573542517237e-01
1.299998771307e-02
3.601430233799e-01 -7.068204811699e-01 -6.088528640891e-01
1.210872117703e-02
4.116991408334e-01 -6.161513066557e-01 -6.714621245786e-01
9.633556005135e-03
5.648368665729e-01 -5.648368665729e-01 -6.015967323051e-01
9.903696223988e-03
6.161513066557e-01 -4.116991408334e-01 -6.714621245786e-01
7.175429309181e-03
7.068204811699e-01 -3.601430233799e-01 -6.088528640891e-01
9.561581475693e-03
7.391018449059e-01 -1.470164977049e-01 -6.573542517237e-01
9.672382080167e-03
7.672811492985e-01 -1.215253954032e-01 -6.296913658319e-01
3.115115232782e-03
6.294019098545e-01 1.251958239224e-01 -7.669284461695e-01
2.830464371939e-03
5.826978829809e-01 1.561334271760e-01 -7.975497038354e-01
2.554725625366e-03
5.540975440982e-01 3.702361422900e-01 -7.455877618138e-01
4.238427397520e-03
4.167473548937e-01 4.167473548937e-01 -8.078634070053e-01
7.322987927607e-03
3.702361422900e-01 5.540975440982e-01 -7.455877618138e-01
9.416855925440e-03
1.561334271760e-01 5.826978829809e-01 -7.975497038354e-01
8.687676816895e-03
1.251958239224e-01 6.294019098545e-01 -7.669284461695e-01
4.075743143691e-03
-1.251958239224e-01 6.294019098545e-01 -7.669284461695e-01
4.279295228149e-03
-1.561334271760e-01 5.826978829809e-01 -7.975497038354e-01
3.286937672309e-03
-3.702361422900e-01 5.540975440982e-01 -7.455877618138e-01
3.810968886798e-03
-4.167473548937e-01 4.167473548937e-01 -8.078634070053e-01
3.603332543163e-03
-5.540975440982e-01 3.702361422900e-01 -7.455877618138e-01
6.114000858042e-03
-5.826978829809e-01 1.561334271760e-01 -7.975497038354e-01
5.985363435856e-03
-6.294019098545e-01 1.251958239224e-01 -7.669284461695e-01
8.251057334439e-03
-6.294019098545e-01 -1.251958239224e-01 -7.669284461695e-01
8.067447199059e-03
-5.826978829809e-01 -1.561334271760e-01 -7.975497038354e-01
4.889374149571e-03
-5.540975440982e-01 -3.702361422900e-01 -7.455877618138e-01
3.518123008678e-03
-4.167473548937e-01 -4.167473548937e-01 -8.078634070053e-01
3.299260935228e-03
-3.702361422900e-01 -5.540975440982e-01 -7.455877618138e-01
2.818435901941e-03
-1.561334271760e-01 -5.826978829809e-01 -7.975497038354e-01
3.134755348796e-03
-1.251958239224e-01 -6.294019098545e-01 -7.669284461695e-01
4.801661182859e-03
1.251958239224e-01 -6.294019098545e-01 -7.669284461695e-01
5.203043136836e-03
1.561334271760e-01 -5.826978829809e-01 -7.975497038354e-01
9.277088655204e-03
3.702361422900e-01 -5.540975440982e-01 -7.455877618138e-01
1.062225926991e-02
4.167473548937e-01 -4.167473548937e-01 -8.078634070053e-01
9.878032685386e-03
5.540975440982e-01 -3.702361422900e-01 -7.455877618138e-01
7.577196243896e-03
5.826978829809e-01 -1.561334271760e-01 -7.975497038354e-01
6.800149118254e-03
6.294019098545e-01 -1.251958239224e-01 -7.669284461695e-01
2.241991701578e-03
4.676807377994e-01 1.253146760089e-01 -8.749691191512e-01
2.327727767772e-03
3.919257715109e-01 1.623409700034e-01 -9.055603784861e-01
3.089955038484e-03
3.639082454411e-01 3.639082454411e-01 -8.574039758480e-01
4.664305182482e-03
1.623409700034e-01 3.919257715109e-01 -9.055603784861e-01
5.571368379767e-03
1.253146760089e-01 4.676807377994e-01 -8.749691191512e-01
3.858945567712e-03
-1.253146760089e-01 4.676807377994e-01 -8.749691191512e-01
3.796333007145e-03
-1.623409700034e-01 3.919257715109e-01 -9.055603784861e-01
3.203663451492e-03
-3.639082454411e-01 3.639082454411e-01 -8.574039758480e-01
4.450698771091e-03
-3.919257715109e-01 1.623409700034e-01 -9.055603784861e-01
4.890510108386e-03
-4.676807377994e-01 1.253146760089e-01 -8.749691191512e-01
4.986399829007e-03
-4.676807377994e-01 -1.253146760089e-01 -8.749691191512e-01
3.928641777201e-03
-3.919257715109e-01 -1.623409700034e-01 -9.055603784861e-01
2.457920192880e-03
-3.639082454411e-01 -3.639082454411e-01 -8.574039758480e-01
1.857049419927e-03
-1.623409700034e-01 -3.919257715109e-01 -9.055603784861e-01
1.815513452303e-03
-1.253146760089e-01 -4.676807377994e-01 -8.749691191512e-01
3.283198874267e-03
1.253146760089e-01 -4.676807377994e-01 -8.749691191512e-01
3.767876278544e-03
1.623409700034e-01 -3.919257715109e-01 -9.055603784861e-01
6.967661491114e-03
3.639082454411e-01 -3.639082454411e-01 -8.574039758480e-01
4.999529112872e-03
3.919257715109e-01 -1.623409700034e-01 -9.055603784861e-01
4.765699582157e-03
4.676807377994e-01 -1.253146760089e-01 -8.749691191512e-01
1.674226165441e-03
2.882087470797e-01 1.193799718350e-01 -9.500969110735e-01
1.993400353544e-03
1.601449967080e-01 1.601449967080e-01 -9.740159957921e-01
2.367363947969e-03
1.193799718350e-01 2.882087470797e-01 -9.500969110735e-01
2.437690290606e-03
-1.193799718350e-01 2.882087470797e-01 -9.500969110735e-01
2.427403463503e-03
-1.601449967080e-01 1.601449967080e-01 -9.740159957921e-01
2.574047603453e-03
-2.882087470797e-01 1.193799718350e-01 -9.500969110735e-01
2.086490254712e-03
-2.882087470797e-01 -1.193799718350e-01 -9.500969110735e-01
1.703017635167e-03
-1.601449967080e-01 -1.601449967080e-01 -9.740159957921e-01
1.325358758629e-03
-1.193799718350e-01 -2.882087470797e-01 -9.500969110735e-01
2.020725495429e-03
1.193799718350e-01 -2.882087470797e-01 -9.500969110735e-01
2.194243741775e-03
1.601449967080e-01 -1.601449967080e-01 -9.740159957921e-01
2.430043047400e-03
2.882087470797e-01 -1.193799718350e-01 -9.500969110735e-01
9.264878324315e-04
9.754966309535e-02 9.754966309535e-02 -9.904383506609e-01
1.029667144128e-03
-9.754966309535e-02 9.754966309535e-02 -9.904383506609e-01
8.382535198818e-04
-9.754966309535e-02 -9.754966309535e-02 -9.904383506609e-01
9.071202869732e-04
9.754966309535e-02 -9.754966309535e-02 -9.904383506609e-01
5.501786121861e+00
3.944322133496e-01 -9.164188031171e-01 6.782187232343e-02
