513
1.746504567989e-02
9.754966309535e-02 9.754966309535e-02 9.904383506609e-01
6.847648245107e-03
-9.754966309535e-02 9.754966309535e-02 9.904383506609e-01
1.310081903872e-02
-9.754966309535e-02 -9.754966309535e-02 9.904383506609e-01
2.784597949842e-02
9.754966309535e-02 -9.754966309535e-02 9.904383506609e-01
2.864740820950e-02
2.882087470797e-01 1.193799718350e-01 9.500969110735e-01
2.879770972927e-02
1.601449967080e-01 1.601449967080e-01 9.740159957921e-01
1.011066267479e-02
1.193799718350e-01 2.882087470797e-01 9.500969110735e-01
4.216187804662e-03
-1.193799718350e-01 2.882087470797e-01 9.500969110735e-01
6.962452950151e-03
-1.601449967080e-01 1.601449967080e-01 9.740159957921e-01
3.541589312131e-03
-2.882087470797e-01 1.193799718350e-01 9.500969110735e-01
6.924832470864e-03
-2.882087470797e-01 -1.193799718350e-01 9.500969110735e-01
1.870860445349e-02
-1.601449967080e-01 -1.601449967080e-01 9.740159957921e-01
1.701068195704e-02
-1.193799718350e-01 -2.882087470797e-01 9.500969110735e-01
2.773623777088e-02
1.193799718350e-01 -2.882087470797e-01 9.500969110735e-01
4.988828875748e-02
1.601449967080e-01 -1.601449967080e-01 9.740159957921e-01
3.044659643423e-02
2.882087470797e-01 -1.193799718350e-01 9.500969110735e-01
1.623143203054e-02
4.676807377994e-01 1.253146760089e-01 8.749691191512e-01
2.495417186241e-02
3.919257715109e-01 1.623409700034e-01 9.055603784861e-01
1.022964543642e-02
3.639082454411e-01 3.639082454411e-01 8.574039758480e-01
7.872272221587e-03
1.623409700034e-01 3.919257715109e-01 9.055603784861e-01
4.482524151340e-03
1.253146760089e-01 4.676807377994e-01 8.749691191512e-01
3.556197672461e-03
-1.253146760089e-01 4.676807377994e-01 8.749691191512e-01
3.968460870966e-03
-1.623409700034e-01 3.919257715109e-01 9.055603784861e-01
3.388615583817e-03
-3.639082454411e-01 3.639082454411e-01 8.574039758480e-01
3.232636479797e-03
-3.919257715109e-01 1.623409700034e-01 9.055603784861e-01
2.877379919672e-03
-4.676807377994e-01 1.253146760089e-01 8.749691191512e-01
4.438912580991e-03
-4.676807377994e-01 -1.253146760089e-01 8.749691191512e-01
6.223644761190e-03
-3.919257715109e-01 -1.623409700034e-01 9.055603784861e-01
5.837961045412e-03
-3.639082454411e-01 -3.639082454411e-01 8.574039758480e-01
1.326538246545e-02
-1.623409700034e-01 -3.919257715109e-01 9.055603784861e-01
9.539652771380e-03
-1.253146760089e-01 -4.676807377994e-01 8.749691191512e-01
1.189865393839e-02
1.253146760089e-01 -4.676807377994e-01 8.749691191512e-01
1.928768323693e-02
1.623409700034e-01 -3.919257715109e-01 9.055603784861e-01
7.606152209806e-03
3.639082454411e-01 -3.639082454411e-01 8.574039758480e-01
1.766862573109e-02
3.919257715109e-01 -1.623409700034e-01 9.055603784861e-01
9.681244009726e-03
4.676807377994e-01 -1.253146760089e-01 8.749691191512e-01
6.036852080705e-03
6.294019098545e-01 1.251958239224e-01 7.669284461695e-01
9.557596774219e-03
5.826978829809e-01 1.561334271760e-01 7.975497038354e-01
9.796378596330e-03
5.540975440982e-01 3.702361422900e-01 7.455877618138e-01
9.893211638121e-03
4.167473548937e-01 4.167473548937e-01 8.078634070053e-01
4.591996828526e-03
3.702361422900e-01 5.540975440982e-01 7.455877618138e-01
3.705660933099e-03
1.561334271760e-01 5.826978829809e-01 7.975497038354e-01
3.253178032805e-03
1.251958239224e-01 6.294019098545e-01 7.669284461695e-01
5.087524033402e-03
-1.251958239224e-01 6.294019098545e-01 7.669284461695e-01
5.214160344563e-03
-1.561334271760e-01 5.826978829809e-01 7.975497038354e-01
8.166314187883e-03
-3.702361422900e-01 5.540975440982e-01 7.455877618138e-01
5.681082446967e-03
-4.167473548937e-01 4.167473548937e-01 8.078634070053e-01
6.314904186605e-03
-5.540975440982e-01 3.702361422900e-01 7.455877618138e-01
4.207105898167e-03
-5.826978829809e-01 1.561334271760e-01 7.975497038354e-01
4.461481100707e-03
-6.294019098545e-01 1.251958239224e-01 7.669284461695e-01
6.008240567408e-03
-6.294019098545e-01 -1.251958239224e-01 7.669284461695e-01
5.970038240403e-03
-5.826978829809e-01 -1.561334271760e-01 7.975497038354e-01
5.742568322508e-03
-5.540975440982e-01 -3.702361422900e-01 7.455877618138e-01
5.748663683313e-03
-4.167473548937e-01 -4.167473548937e-01 8.078634070053e-01
3.570477084432e-03
-3.702361422900e-01 -5.540975440982e-01 7.455877618138e-01
5.805411199651e-03
-1.561334271760e-01 -5.826978829809e-01 7.975497038354e-01
4.722685252578e-03
-1.251958239224e-01 -6.294019098545e-01 7.669284461695e-01
5.433098536213e-03
1.251958239224e-01 -6.294019098545e-01 7.669284461695e-01
6.961129195081e-03
1.561334271760e-01 -5.826978829809e-01 7.975497038354e-01
4.050928468360e-03
3.702361422900e-01 -5.540975440982e-01 7.455877618138e-01
5.527827113537e-03
4.167473548937e-01 -4.167473548937e-01 8.078634070053e-01
2.646869481788e-03
5.540975440982e-01 -3.702361422900e-01 7.455877618138e-01
3.633941842358e-03
5.826978829809e-01 -1.561334271760e-01 7.975497038354e-01
2.519292987035e-03
6.294019098545e-01 -1.251958239224e-01 7.669284461695e-01
3.019104898071e-03
7.672811492985e-01 1.215253954032e-01 6.296913658319e-01
4.064247539452e-03
7.391018449059e-01 1.470164977049e-01 6.573542517237e-01
9.522589367365e-03
7.068204811699e-01 3.601430233799e-01 6.088528640891e-01
1.067211053650e-02
6.161513066557e-01 4.116991408334e-01 6.714621245786e-01
7.288234356024e-03
5.648368665729e-01 5.648368665729e-01 6.015967323051e-01
4.722094836657e-03
4.116991408334e-01 6.161513066557e-01 6.714621245786e-01
3.510679546304e-03
3.601430233799e-01 7.068204811699e-01 6.088528640891e-01
4.043438902799e-03
1.470164977049e-01 7.391018449059e-01 6.573542517237e-01
4.315204997740e-03
1.215253954032e-01 7.672811492985e-01 6.296913658319e-01
8.558069352823e-03
-1.215253954032e-01 7.672811492985e-01 6.296913658319e-01
9.009135051060e-03
-1.470164977049e-01 7.391018449059e-01 6.573542517237e-01
1.357890033417e-02
-3.601430233799e-01 7.068204811699e-01 6.088528640891e-01
1.361078700637e-02
-4.116991408334e-01 6.161513066557e-01 6.714621245786e-01
1.380042797310e-02
-5.648368665729e-01 5.648368665729e-01 6.015967323051e-01
1.024428002063e-02
-6.161513066557e-01 4.116991408334e-01 6.714621245786e-01
9.079549933971e-03
-7.068204811699e-01 3.601430233799e-01 6.088528640891e-01
7.513364432705e-03
-7.391018449059e-01 1.470164977049e-01 6.573542517237e-01
7.606660953062e-03
-7.672811492985e-01 1.215253954032e-01 6.296913658319e-01
1.176482885240e-02
-7.672811492985e-01 -1.215253954032e-01 6.296913658319e-01
1.164612405932e-02
-7.391018449059e-01 -1.470164977049e-01 6.573542517237e-01
1.138844992408e-02
-7.068204811699e-01 -3.601430233799e-01 6.088528640891e-01
7.594174565504e-03
-6.161513066557e-01 -4.116991408334e-01 6.714621245786e-01
4.178835721805e-03
-5.648368665729e-01 -5.648368665729e-01 6.015967323051e-01
3.320738097310e-03
-4.116991408334e-01 -6.161513066557e-01 6.714621245786e-01
2.912459202580e-03
-3.601430233799e-01 -7.068204811699e-01 6.088528640891e-01
4.198903060227e-03
-1.470164977049e-01 -7.391018449059e-01 6.573542517237e-01
4.201625156119e-03
-1.215253954032e-01 -7.672811492985e-01 6.296913658319e-01
4.159768646846e-03
1.215253954032e-01 -7.672811492985e-01 6.296913658319e-01
4.431664447370e-03
1.470164977049e-01 -7.391018449059e-01 6.573542517237e-01
3.440559177489e-03
3.601430233799e-01 -7.068204811699e-01 6.088528640891e-01
3.960062152933e-03
4.116991408334e-01 -6.161513066557e-01 6.714621245786e-01
3.983702885694e-03
5.648368665729e-01 -5.648368665729e-01 6.015967323051e-01
2.783496472075e-03
6.161513066557e-01 -4.116991408334e-01 6.714621245786e-01
2.358721587326e-03
7.068204811699e-01 -3.601430233799e-01 6.088528640891e-01
1.466432637864e-03
7.391018449059e-01 -1.470164977049e-01 6.573542517237e-01
1.307089477761e-03
7.672811492985e-01 -1.215253954032e-01 6.296913658319e-01
3.134656636817e-03
8.760361683356e-01 1.153323495383e-01 4.682510874711e-01
3.606020979914e-03
8.601281586402e-01 1.362309170136e-01 4.915492731800e-01
1.160138380132e-02
8.251449107228e-01 3.417862129445e-01 4.497978000716e-01
1.318167744902e-02
7.686052897440e-01 3.916239557406e-01 5.058424516267e-01
1.366284292452e-02
7.122991943291e-01 5.465663953244e-01 4.403351374353e-01
8.967409095646e-03
6.080166031672e-01 6.080166031672e-01 5.105209305662e-01
5.718608274164e-03
5.465663953244e-01 7.122991943291e-01 4.403351374353e-01
4.310072356912e-03
3.916239557406e-01 7.686052897440e-01 5.058424516267e-01
4.489751078463e-03
3.417862129445e-01 8.251449107228e-01 4.497978000716e-01
7.402530071198e-03
1.362309170136e-01 8.601281586402e-01 4.915492731800e-01
7.947520678889e-03
1.153323495383e-01 8.760361683356e-01 4.682510874711e-01
1.248475421305e-02
-1.153323495383e-01 8.760361683356e-01 4.682510874711e-01
1.321305660473e-02
-1.362309170136e-01 8.601281586402e-01 4.915492731800e-01
1.220332979684e-02
-3.417862129445e-01 8.251449107228e-01 4.497978000716e-01
1.459197240541e-02
-3.916239557406e-01 7.686052897440e-01 5.058424516267e-01
1.159584071174e-02
-5.465663953244e-01 7.122991943291e-01 4.403351374353e-01
1.464858235774e-02
-6.080166031672e-01 6.080166031672e-01 5.105209305662e-01
1.043953182206e-02
-7.122991943291e-01 5.465663953244e-01 4.403351374353e-01
9.827839214338e-03
-7.686052897440e-01 3.916239557406e-01 5.058424516267e-01
7.261864806042e-03
-8.251449107228e-01 3.417862129445e-01 4.497978000716e-01
8.587017903951e-03
-8.601281586402e-01 1.362309170136e-01 4.915492731800e-01
7.964189507132e-03
-8.760361683356e-01 1.153323495383e-01 4.682510874711e-01
1.658925079470e-02
-8.760361683356e-01 -1.153323495383e-01 4.682510874711e-01
1.886935206893e-02
-8.601281586402e-01 -1.362309170136e-01 4.915492731800e-01
2.233274438764e-02
-8.251449107228e-01 -3.417862129445e-01 4.497978000716e-01
1.778855561204e-02
-7.686052897440e-01 -3.916239557406e-01 5.058424516267e-01
9.192426624351e-03
-7.122991943291e-01 -5.465663953244e-01 4.403351374353e-01
5.163784780762e-03
-6.080166031672e-01 -6.080166031672e-01 5.105209305662e-01
4.144782902452e-03
-5.465663953244e-01 -7.122991943291e-01 4.403351374353e-01
4.121563439375e-03
-3.916239557406e-01 -7.686052897440e-01 5.058424516267e-01
6.077713448075e-03
-3.417862129445e-01 -8.251449107228e-01 4.497978000716e-01
8.283278453310e-03
-1.362309170136e-01 -8.601281586402e-01 4.915492731800e-01
8.979531281419e-03
-1.153323495383e-01 -8.760361683356e-01 4.682510874711e-01
5.414768500846e-03
1.153323495383e-01 -8.760361683356e-01 4.682510874711e-01
5.187504359914e-03
1.362309170136e-01 -8.601281586402e-01 4.915492731800e-01
2.995908226812e-03
3.417862129445e-01 -8.251449107228e-01 4.497978000716e-01
3.597478353854e-03
3.916239557406e-01 -7.686052897440e-01 5.058424516267e-01
5.547761906443e-03
5.465663953244e-01 -7.122991943291e-01 4.403351374353e-01
6.845686321914e-03
6.080166031672e-01 -6.080166031672e-01 5.105209305662e-01
1.214679176228e-02
7.122991943291e-01 -5.465663953244e-01 4.403351374353e-01
5.268972649541e-03
7.686052897440e-01 -3.916239557406e-01 5.058424516267e-01
5.849510901578e-03
8.251449107228e-01 -3.417862129445e-01 4.497978000716e-01
1.937712417155e-03
8.601281586402e-01 -1.362309170136e-01 4.915492731800e-01
1.931927191574e-03
8.760361683356e-01 -1.153323495383e-01 4.682510874711e-01
5.923671581145e-03
9.514259489692e-01 1.071999587676e-01 2.886119063178e-01
6.399758336017e-03
9.435493257921e-01 1.242206253374e-01 3.070568449620e-01
1.687909571977e-02
9.079183105646e-01 3.176943572541e-01 2.734129417392e-01
1.944112366872e-02
8.754336959030e-01 3.626165098014e-01 3.195701971352e-01
2.335172364599e-02
8.166418539992e-01 5.131300862176e-01 2.641847779778e-01
1.826943253382e-02
7.500752876024e-01 5.755530111934e-01 3.257695416003e-01
1.001185993373e-02
6.825802229792e-01 6.825802229792e-01 2.610909389377e-01
6.481246444597e-03
5.755530111934e-01 7.500752876024e-01 3.257695416003e-01
4.818215432196e-03
5.131300862176e-01 8.166418539992e-01 2.641847779778e-01
5.983665684533e-03
3.626165098014e-01 8.754336959030e-01 3.195701971352e-01
6.865129420372e-03
3.176943572541e-01 9.079183105646e-01 2.734129417392e-01
1.442118124643e-02
1.242206253374e-01 9.435493257921e-01 3.070568449620e-01
1.456083034990e-02
1.071999587676e-01 9.514259489692e-01 2.886119063178e-01
1.668304674733e-02
-1.071999587676e-01 9.514259489692e-01 2.886119063178e-01
1.730698063255e-02
-1.242206253374e-01 9.435493257921e-01 3.070568449620e-01
1.028776726395e-02
-3.176943572541e-01 9.079183105646e-01 2.734129417392e-01
1.043706556425e-02
-3.626165098014e-01 8.754336959030e-01 3.195701971352e-01
7.456526329897e-03
-5.131300862176e-01 8.166418539992e-01 2.641847779778e-01
9.066773382500e-03
-5.755530111934e-01 7.500752876024e-01 3.257695416003e-01
7.809128740272e-03
-6.825802229792e-01 6.825802229792e-01 2.610909389377e-01
8.753925565276e-03
-7.500752876024e-01 5.755530111934e-01 3.257695416003e-01
6.456427071327e-03
-8.166418539992e-01 5.131300862176e-01 2.641847779778e-01
5.548274246741e-03
-8.754336959030e-01 3.626165098014e-01 3.195701971352e-01
4.116412671714e-03
-9.079183105646e-01 3.176943572541e-01 2.734129417392e-01
5.336978752358e-03
-9.435493257921e-01 1.242206253374e-01 3.070568449620e-01
4.765750517656e-03
-9.514259489692e-01 1.071999587676e-01 2.886119063178e-01
1.190420216167e-02
-9.514259489692e-01 -1.071999587676e-01 2.886119063178e-01
1.491256835871e-02
-9.435493257921e-01 -1.242206253374e-01 3.070568449620e-01
2.417508903919e-02
-9.079183105646e-01 -3.176943572541e-01 2.734129417392e-01
2.740043750830e-02
-8.754336959030e-01 -3.626165098014e-01 3.195701971352e-01
1.712387122599e-02
-8.166418539992e-01 -5.131300862176e-01 2.641847779778e-01
1.213635684814e-02
-7.500752876024e-01 -5.755530111934e-01 3.257695416003e-01
8.124502173543e-03
-6.825802229792e-01 -6.825802229792e-01 2.610909389377e-01
6.698867169534e-03
-5.755530111934e-01 -7.500752876024e-01 3.257695416003e-01
1.006262788000e-02
-5.131300862176e-01 -8.166418539992e-01 2.641847779778e-01
1.639806195844e-02
-3.626165098014e-01 -8.754336959030e-01 3.195701971352e-01
2.759321762866e-02
-3.176943572541e-01 -9.079183105646e-01 2.734129417392e-01
3.182576220251e-02
-1.242206253374e-01 -9.435493257921e-01 3.070568449620e-01
3.206181342027e-02
-1.071999587676e-01 -9.514259489692e-01 2.886119063178e-01
9.172040848254e-03
1.071999587676e-01 -9.514259489692e-01 2.886119063178e-01
8.421552849335e-03
1.242206253374e-01 -9.435493257921e-01 3.070568449620e-01
2.327338839747e-03
3.176943572541e-01 -9.079183105646e-01 2.734129417392e-01
2.550187205905e-03
3.626165098014e-01 -8.754336959030e-01 3.195701971352e-01
3.372109839702e-03
5.131300862176e-01 -8.166418539992e-01 2.641847779778e-01
7.167966487861e-03
5.755530111934e-01 -7.500752876024e-01 3.257695416003e-01
2.135111588016e-02
6.825802229792e-01 -6.825802229792e-01 2.610909389377e-01
3.370769117268e-02
7.500752876024e-01 -5.755530111934e-01 3.257695416003e-01
5.898434379340e-02
8.166418539992e-01 -5.131300862176e-01 2.641847779778e-01
2.279567782474e-02
8.754336959030e-01 -3.626165098014e-01 3.195701971352e-01
2.308894815184e-02
9.079183105646e-01 -3.176943572541e-01 2.734129417392e-01
5.890302719821e-03
9.435493257921e-01 -1.242206253374e-01 3.070568449620e-01
5.712879188400e-03
9.514259489692e-01 -1.071999587676e-01 2.886119063178e-01
1.173996595567e-02
9.904383506609e-01 9.754966309535e-02 9.754966309535e-02
1.290256717505e-02
9.875415564011e-01 1.112692104332e-01 1.112692104332e-01
2.201729118920e-02
9.534076362023e-01 2.892130445679e-01 8.584692238504e-02
2.646057760777e-02
9.369320803932e-01 3.278467144100e-01 1.211396243213e-01
2.930033897903e-02
8.792329959207e-01 4.699598274150e-01 7.801986606203e-02
2.811319717960e-02
8.398628335694e-01 5.277207947278e-01 1.270479578768e-01
1.431050355055e-02
7.708853463782e-01 6.326492539332e-01 7.409928634720e-02
9.759340571806e-03
7.011972415210e-01 7.011972415210e-01 1.290149486172e-01
5.094124338848e-03
6.326492539332e-01 7.708853463782e-01 7.409928634720e-02
4.592622942932e-03
5.277207947278e-01 8.398628335694e-01 1.270479578768e-01
4.121986280185e-03
4.699598274150e-01 8.792329959207e-01 7.801986606203e-02
8.193508426247e-03
3.278467144100e-01 9.369320803932e-01 1.211396243213e-01
9.195961289795e-03
2.892130445679e-01 9.534076362023e-01 8.584692238504e-02
2.330135021497e-02
1.112692104332e-01 9.875415564011e-01 1.112692104332e-01
2.231710720168e-02
9.754966309535e-02 9.904383506609e-01 9.754966309535e-02
2.521997971462e-02
-9.754966309535e-02 9.904383506609e-01 9.754966309535e-02
2.646643202115e-02
-1.112692104332e-01 9.875415564011e-01 1.112692104332e-01
1.531311008126e-02
-2.892130445679e-01 9.534076362023e-01 8.584692238504e-02
1.333744239691e-02
-3.278467144100e-01 9.369320803932e-01 1.211396243213e-01
1.029853294888e-02
-4.699598274150e-01 8.792329959207e-01 7.801986606203e-02
9.099446255435e-03
-5.277207947278e-01 8.398628335694e-01 1.270479578768e-01
1.068587504460e-02
-6.326492539332e-01 7.708853463782e-01 7.409928634719e-02
9.831116608846e-03
-7.011972415210e-01 7.011972415210e-01 1.290149486172e-01
1.055485311141e-02
-7.708853463782e-01 6.326492539332e-01 7.409928634720e-02
7.481157415550e-03
-8.398628335694e-01 5.277207947278e-01 1.270479578768e-01
6.051253939159e-03
-8.792329959207e-01 4.699598274150e-01 7.801986606203e-02
3.556829338046e-03
-9.369320803932e-01 3.278467144100e-01 1.211396243213e-01
2.845834604231e-03
-9.534076362023e-01 2.892130445679e-01 8.584692238504e-02
2.927795022385e-03
-9.875415564011e-01 1.112692104332e-01 1.112692104332e-01
2.617390114651e-03
-9.904383506609e-01 9.754966309535e-02 9.754966309535e-02
5.824343754093e-03
-9.904383506609e-01 -9.754966309535e-02 9.754966309535e-02
7.307938155905e-03
-9.875415564011e-01 -1.112692104332e-01 1.112692104332e-01
1.439317373169e-02
-9.534076362023e-01 -2.892130445679e-01 8.584692238504e-02
1.960551553747e-02
-9.369320803932e-01 -3.278467144100e-01 1.211396243213e-01
1.749894642170e-02
-8.792329959207e-01 -4.699598274150e-01 7.801986606203e-02
1.795910670661e-02
-8.398628335694e-01 -5.277207947278e-01 1.270479578768e-01
1.197594895774e-02
-7.708853463782e-01 -6.326492539332e-01 7.409928634720e-02
1.123879342582e-02
-7.011972415210e-01 -7.011972415210e-01 1.290149486172e-01
1.273632229797e-02
-6.326492539332e-01 -7.708853463782e-01 7.409928634719e-02
2.081405928782e-02
-5.277207947278e-01 -8.398628335694e-01 1.270479578768e-01
3.602519045449e-02
-4.699598274150e-01 -8.792329959207e-01 7.801986606203e-02
8.652133959654e-02
-3.278467144100e-01 -9.369320803932e-01 1.211396243213e-01
1.130466928524e-01
-2.892130445679e-01 -9.534076362023e-01 8.584692238503e-02
1.031864427126e-01
-1.112692104332e-01 -9.875415564011e-01 1.112692104332e-01
9.146191476838e-02
-9.754966309535e-02 -9.904383506609e-01 9.754966309535e-02
1.514117000896e-02
9.754966309535e-02 -9.904383506609e-01 9.754966309535e-02
1.409823790896e-02
1.112692104332e-01 -9.875415564011e-01 1.112692104332e-01
2.086146475590e-03
2.892130445679e-01 -9.534076362023e-01 8.584692238504e-02
1.882395426808e-03
3.278467144100e-01 -9.369320803932e-01 1.211396243213e-01
1.585744425324e-03
4.699598274150e-01 -8.792329959207e-01 7.801986606203e-02
2.930906569749e-03
5.277207947278e-01 -8.398628335694e-01 1.270479578768e-01
9.691750079306e-03
6.326492539332e-01 -7.708853463782e-01 7.409928634719e-02
3.269753318888e-02
7.011972415210e-01 -7.011972415210e-01 1.290149486172e-01
9.117110309064e-02
7.708853463782e-01 -6.326492539332e-01 7.409928634719e-02
1.613493839551e-01
8.398628335694e-01 -5.277207947278e-01 1.270479578768e-01
1.880559271248e-01
8.792329959207e-01 -4.699598274150e-01 7.801986606203e-02
8.038319696564e-02
9.369320803932e-01 -3.278467144100e-01 1.211396243213e-01
6.464881410301e-02
9.534076362023e-01 -2.892130445679e-01 8.584692238504e-02
1.777749811268e-02
9.875415564011e-01 -1.112692104332e-01 1.112692104332e-01
1.580786243162e-02
9.904383506609e-01 -9.754966309535e-02 9.754966309535e-02
1.629449751770e-02
9.904383506609e-01 9.754966309535e-02 -9.754966309535e-02
1.840281455273e-02
9.875415564011e-01 1.112692104332e-01 -1.112692104332e-01
2.415991465340e-02
9.534076362023e-01 2.892130445679e-01 -8.584692238504e-02
2.849643244143e-02
9.369320803932e-01 3.278467144100e-01 -1.211396243213e-01
2.710966600377e-02
8.792329959207e-01 4.699598274150e-01 -7.801986606203e-02
2.332737773044e-02
8.398628335694e-01 5.277207947278e-01 -1.270479578768e-01
1.205284561960e-02
7.708853463782e-01 6.326492539332e-01 -7.409928634720e-02
7.137893130438e-03
7.011972415210e-01 7.011972415210e-01 -1.290149486172e-01
4.195322448446e-03
6.326492539332e-01 7.708853463782e-01 -7.409928634720e-02
3.526840743838e-03
5.277207947278e-01 8.398628335694e-01 -1.270479578768e-01
3.569195558850e-03
4.699598274150e-01 8.792329959207e-01 -7.801986606203e-02
7.791560665214e-03
3.278467144100e-01 9.369320803932e-01 -1.211396243213e-01
9.188538078052e-03
2.892130445679e-01 9.534076362023e-01 -8.584692238504e-02
3.099625091985e-02
1.112692104332e-01 9.875415564011e-01 -1.112692104332e-01
2.933364714627e-02
9.754966309535e-02 9.904383506609e-01 -9.754966309535e-02
4.682922685910e-02
-9.754966309535e-02 9.904383506609e-01 -9.754966309535e-02
5.488483670275e-02
-1.112692104332e-01 9.875415564011e-01 -1.112692104332e-01
3.643553707215e-02
-2.892130445679e-01 9.534076362023e-01 -8.584692238504e-02
4.792369136951e-02
-3.278467144100e-01 9.369320803932e-01 -1.211396243213e-01
2.851010676809e-02
-4.699598274150e-01 8.792329959207e-01 -7.801986606203e-02
4.885166611615e-02
-5.277207947278e-01 8.398628335694e-01 -1.270479578768e-01
3.052721292156e-02
-6.326492539332e-01 7.708853463782e-01 -7.409928634719e-02
5.469094465174e-02
-7.011972415210e-01 7.011972415210e-01 -1.290149486172e-01
2.732007488184e-02
-7.708853463782e-01 6.326492539332e-01 -7.409928634720e-02
2.798623647858e-02
-8.398628335694e-01 5.277207947278e-01 -1.270479578768e-01
1.245054386013e-02
-8.792329959207e-01 4.699598274150e-01 -7.801986606203e-02
6.812611628110e-03
-9.369320803932e-01 3.278467144100e-01 -1.211396243213e-01
4.159106268044e-03
-9.534076362023e-01 2.892130445679e-01 -8.584692238504e-02
2.968311390809e-03
-9.875415564011e-01 1.112692104332e-01 -1.112692104332e-01
2.573950160439e-03
-9.904383506609e-01 9.754966309535e-02 -9.754966309535e-02
4.255661541414e-03
-9.904383506609e-01 -9.754966309535e-02 -9.754966309535e-02
5.054701207439e-03
-9.875415564011e-01 -1.112692104332e-01 -1.112692104332e-01
1.017310333677e-02
-9.534076362023e-01 -2.892130445679e-01 -8.584692238504e-02
1.236945100204e-02
-9.369320803932e-01 -3.278467144100e-01 -1.211396243213e-01
1.419686532695e-02
-8.792329959207e-01 -4.699598274150e-01 -7.801986606203e-02
1.443121703549e-02
-8.398628335694e-01 -5.277207947278e-01 -1.270479578768e-01
1.202458022149e-02
-7.708853463782e-01 -6.326492539332e-01 -7.409928634720e-02
1.369031337024e-02
-7.011972415210e-01 -7.011972415210e-01 -1.290149486172e-01
1.586276685501e-02
-6.326492539332e-01 -7.708853463782e-01 -7.409928634719e-02
3.581938227210e-02
-5.277207947278e-01 -8.398628335694e-01 -1.270479578768e-01
5.297965892833e-02
-4.699598274150e-01 -8.792329959207e-01 -7.801986606203e-02
1.651129092806e-01
-3.278467144100e-01 -9.369320803932e-01 -1.211396243213e-01
1.798207338366e-01
-2.892130445679e-01 -9.534076362023e-01 -8.584692238503e-02
1.709505803510e-01
-1.112692104332e-01 -9.875415564011e-01 -1.112692104332e-01
1.413518793547e-01
-9.754966309535e-02 -9.904383506609e-01 -9.754966309535e-02
1.995866172923e-02
9.754966309535e-02 -9.904383506609e-01 -9.754966309535e-02
1.906951864370e-02
1.112692104332e-01 -9.875415564011e-01 -1.112692104332e-01
2.355467456322e-03
2.892130445679e-01 -9.534076362023e-01 -8.584692238504e-02
2.200992222670e-03
3.278467144100e-01 -9.369320803932e-01 -1.211396243213e-01
1.712946729341e-03
4.699598274150e-01 -8.792329959207e-01 -7.801986606203e-02
3.447996102679e-03
5.277207947278e-01 -8.398628335694e-01 -1.270479578768e-01
1.108482612901e-02
6.326492539332e-01 -7.708853463782e-01 -7.409928634719e-02
4.627753205630e-02
7.011972415210e-01 -7.011972415210e-01 -1.290149486172e-01
1.178694569820e-01
7.708853463782e-01 -6.326492539332e-01 -7.409928634719e-02
2.891160359242e-01
8.398628335694e-01 -5.277207947278e-01 -1.270479578768e-01
2.794624929716e-01
8.792329959207e-01 -4.699598274150e-01 -7.801986606203e-02
1.602496121124e-01
9.369320803932e-01 -3.278467144100e-01 -1.211396243213e-01
1.061347105020e-01
9.534076362023e-01 -2.892130445679e-01 -8.584692238504e-02
3.169132277082e-02
9.875415564011e-01 -1.112692104332e-01 -1.112692104332e-01
2.607403494704e-02
9.904383506609e-01 -9.754966309535e-02 -9.754966309535e-02
1.333819167803e-02
9.514259489692e-01 1.071999587676e-01 -2.886119063178e-01
1.412927479237e-02
9.435493257921e-01 1.242206253374e-01 -3.070568449620e-01
2.045879942230e-02
9.079183105646e-01 3.176943572541e-01 -2.734129417392e-01
2.135751097352e-02
8.754336959030e-01 3.626165098014e-01 -3.195701971352e-01
1.806461440905e-02
8.166418539992e-01 5.131300862176e-01 -2.641847779778e-01
1.314979558434e-02
7.500752876024e-01 5.755530111934e-01 -3.257695416003e-01
6.464425064414e-03
6.825802229792e-01 6.825802229792e-01 -2.610909389377e-01
4.570705266179e-03
5.755530111934e-01 7.500752876024e-01 -3.257695416003e-01
3.431898568377e-03
5.131300862176e-01 8.166418539992e-01 -2.641847779778e-01
5.885785620100e-03
3.626165098014e-01 8.754336959030e-01 -3.195701971352e-01
7.078378886788e-03
3.176943572541e-01 9.079183105646e-01 -2.734129417392e-01
2.750279325634e-02
1.242206253374e-01 9.435493257921e-01 -3.070568449620e-01
2.859971158942e-02
1.071999587676e-01 9.514259489692e-01 -2.886119063178e-01
7.533630985302e-02
-1.071999587676e-01 9.514259489692e-01 -2.886119063178e-01
8.747243519943e-02
-1.242206253374e-01 9.435493257921e-01 -3.070568449620e-01
1.055074291727e-01
-3.176943572541e-01 9.079183105646e-01 -2.734129417392e-01
1.464579859347e-01
-3.626165098014e-01 8.754336959030e-01 -3.195701971352e-01
1.325606385715e-01
-5.131300862176e-01 8.166418539992e-01 -2.641847779778e-01
2.182455039118e-01
-5.755530111934e-01 7.500752876024e-01 -3.257695416003e-01
1.410232342508e-01
-6.825802229792e-01 6.825802229792e-01 -2.610909389377e-01
1.471750894416e-01
-7.500752876024e-01 5.755530111934e-01 -3.257695416003e-01
6.351543104614e-02
-8.166418539992e-01 5.131300862176e-01 -2.641847779778e-01
2.802475355434e-02
-8.754336959030e-01 3.626165098014e-01 -3.195701971352e-01
1.394914090735e-02
-9.079183105646e-01 3.176943572541e-01 -2.734129417392e-01
6.377861692838e-03
-9.435493257921e-01 1.242206253374e-01 -3.070568449620e-01
5.147463129575e-03
-9.514259489692e-01 1.071999587676e-01 -2.886119063178e-01
5.931566894955e-03
-9.514259489692e-01 -1.071999587676e-01 -2.886119063178e-01
7.124573416061e-03
-9.435493257921e-01 -1.242206253374e-01 -3.070568449620e-01
1.078115781924e-02
-9.079183105646e-01 -3.176943572541e-01 -2.734129417392e-01
1.283839655790e-02
-8.754336959030e-01 -3.626165098014e-01 -3.195701971352e-01
1.206991205025e-02
-8.166418539992e-01 -5.131300862176e-01 -2.641847779778e-01
1.163063185759e-02
-7.500752876024e-01 -5.755530111934e-01 -3.257695416003e-01
1.164994807857e-02
-6.825802229792e-01 -6.825802229792e-01 -2.610909389377e-01
1.544985806416e-02
-5.755530111934e-01 -7.500752876024e-01 -3.257695416003e-01
2.656864817888e-02
-5.131300862176e-01 -8.166418539992e-01 -2.641847779778e-01
6.092896020188e-02
-3.626165098014e-01 -8.754336959030e-01 -3.195701971352e-01
9.532500915866e-02
-3.176943572541e-01 -9.079183105646e-01 -2.734129417392e-01
1.052033114229e-01
-1.242206253374e-01 -9.435493257921e-01 -3.070568449620e-01
9.917609437340e-02
-1.071999587676e-01 -9.514259489692e-01 -2.886119063178e-01
1.992703009032e-02
1.071999587676e-01 -9.514259489692e-01 -2.886119063178e-01
1.859641784980e-02
1.242206253374e-01 -9.435493257921e-01 -3.070568449620e-01
3.749958715727e-03
3.176943572541e-01 -9.079183105646e-01 -2.734129417392e-01
4.603155104710e-03
3.626165098014e-01 -8.754336959030e-01 -3.195701971352e-01
5.506473803039e-03
5.131300862176e-01 -8.166418539992e-01 -2.641847779778e-01
1.645865284659e-02
5.755530111934e-01 -7.500752876024e-01 -3.257695416003e-01
4.792782512975e-02
6.825802229792e-01 -6.825802229792e-01 -2.610909389377e-01
1.285907885853e-01
7.500752876024e-01 -5.755530111934e-01 -3.257695416003e-01
2.010625346634e-01
8.166418539992e-01 -5.131300862176e-01 -2.641847779778e-01
1.180804780940e-01
8.754336959030e-01 -3.626165098014e-01 -3.195701971352e-01
9.980317039551e-02
9.079183105646e-01 -3.176943572541e-01 -2.734129417392e-01
2.437924127726e-02
9.435493257921e-01 -1.242206253374e-01 -3.070568449620e-01
2.162466325332e-02
9.514259489692e-01 -1.071999587676e-01 -2.886119063178e-01
7.571612958517e-03
8.760361683356e-01 1.153323495383e-01 -4.682510874711e-01
7.899222418702e-03
8.601281586402e-01 1.362309170136e-01 -4.915492731800e-01
1.421869908364e-02
8.251449107228e-01 3.417862129445e-01 -4.497978000716e-01
1.502227025150e-02
7.686052897440e-01 3.916239557406e-01 -5.058424516267e-01
1.206602987200e-02
7.122991943291e-01 5.465663953244e-01 -4.403351374353e-01
9.915416157355e-03
6.080166031672e-01 6.080166031672e-01 -5.105209305662e-01
5.431718973345e-03
5.465663953244e-01 7.122991943291e-01 -4.403351374353e-01
6.310202310801e-03
3.916239557406e-01 7.686052897440e-01 -5.058424516267e-01
6.091046137513e-03
3.417862129445e-01 8.251449107228e-01 -4.497978000716e-01
1.634778517329e-02
1.362309170136e-01 8.601281586402e-01 -4.915492731800e-01
1.826316837735e-02
1.153323495383e-01 8.760361683356e-01 -4.682510874711e-01
5.635529735106e-02
-1.153323495383e-01 8.760361683356e-01 -4.682510874711e-01
5.888966926820e-02
-1.362309170136e-01 8.601281586402e-01 -4.915492731800e-01
1.317754241616e-01
-3.417862129445e-01 8.251449107228e-01 -4.497978000716e-01
1.282005396851e-01
-3.916239557406e-01 7.686052897440e-01 -5.058424516267e-01
2.154106507622e-01
-5.465663953244e-01 7.122991943291e-01 -4.403351374353e-01
1.583088476656e-01
-6.080166031672e-01 6.080166031672e-01 -5.105209305662e-01
1.469146389358e-01
-7.122991943291e-01 5.465663953244e-01 -4.403351374353e-01
5.449835907830e-02
-7.686052897440e-01 3.916239557406e-01 -5.058424516267e-01
3.500508161061e-02
-8.251449107228e-01 3.417862129445e-01 -4.497978000716e-01
1.324322734827e-02
-8.601281586402e-01 1.362309170136e-01 -4.915492731800e-01
1.082902388378e-02
-8.760361683356e-01 1.153323495383e-01 -4.682510874711e-01
9.978949788906e-03
-8.760361683356e-01 -1.153323495383e-01 -4.682510874711e-01
1.173160048643e-02
-8.601281586402e-01 -1.362309170136e-01 -4.915492731800e-01
1.236308856483e-02
-8.251449107228e-01 -3.417862129445e-01 -4.497978000716e-01
1.302634439958e-02
-7.686052897440e-01 -3.916239557406e-01 -5.058424516267e-01
9.577218846394e-03
-7.122991943291e-01 -5.465663953244e-01 -4.403351374353e-01
8.190800264031e-03
-6.080166031672e-01 -6.080166031672e-01 -5.105209305662e-01
9.785648679230e-03
-5.465663953244e-01 -7.122991943291e-01 -4.403351374353e-01
1.263720073898e-02
-3.916239557406e-01 -7.686052897440e-01 -5.058424516267e-01
2.277840535798e-02
-3.417862129445e-01 -8.251449107228e-01 -4.497978000716e-01
2.931402521957e-02
-1.362309170136e-01 -8.601281586402e-01 -4.915492731800e-01
3.249742748770e-02
-1.153323495383e-01 -8.760361683356e-01 -4.682510874711e-01
1.584159977552e-02
1.153323495383e-01 -8.760361683356e-01 -4.682510874711e-01
1.515166606474e-02
1.362309170136e-01 -8.601281586402e-01 -4.915492731800e-01
8.116952521988e-03
3.417862129445e-01 -8.251449107228e-01 -4.497978000716e-01
1.203484090652e-02
3.916239557406e-01 -7.686052897440e-01 -5.058424516267e-01
2.005340284084e-02
5.465663953244e-01 -7.122991943291e-01 -4.403351374353e-01
3.863436464345e-02
6.080166031672e-01 -6.080166031672e-01 -5.105209305662e-01
7.190623013564e-02
7.122991943291e-01 -5.465663953244e-01 -4.403351374353e-01
4.074772461666e-02
7.686052897440e-01 -3.916239557406e-01 -5.058424516267e-01
4.334066607143e-02
8.251449107228e-01 -3.417862129445e-01 -4.497978000716e-01
1.030503817766e-02
8.601281586402e-01 -1.362309170136e-01 -4.915492731800e-01
9.885596222032e-03
8.760361683356e-01 -1.153323495383e-01 -4.682510874711e-01
4.589235369392e-03
7.672811492985e-01 1.215253954032e-01 -6.296913658319e-01
5.114023143669e-03
7.391018449059e-01 1.470164977049e-01 -6.573542517237e-01
1.138756078032e-02
7.068204811699e-01 3.601430233799e-01 -6.088528640891e-01
1.327072365808e-02
6.161513066557e-01 4.116991408334e-01 -6.714621245786e-01
1.064829598015e-02
5.648368665729e-01 5.648368665729e-01 -6.015967323051e-01
9.612399342625e-03
4.116991408334e-01 6.161513066557e-01 -6.714621245786e-01
7.022023496277e-03
3.601430233799e-01 7.068204811699e-01 -6.088528640891e-01
8.235571951601e-03
1.470164977049e-01 7.391018449059e-01 -6.573542517237e-01
9.034966998751e-03
1.215253954032e-01 7.672811492985e-01 -6.296913658319e-01
1.709185539320e-02
-1.215253954032e-01 7.672811492985e-01 -6.296913658319e-01
1.460016686427e-02
-1.470164977049e-01 7.391018449059e-01 -6.573542517237e-01
4.131332389703e-02
-3.601430233799e-01 7.068204811699e-01 -6.088528640891e-01
2.135888169964e-02
-4.116991408334e-01 6.161513066557e-01 -6.714621245786e-01
5.698551834271e-02
-5.648368665729e-01 5.648368665729e-01 -6.015967323051e-01
1.967605129846e-02
-6.161513066557e-01 4.116991408334e-01 -6.714621245786e-01
2.704253126111e-02
-7.068204811699e-01 3.601430233799e-01 -6.088528640891e-01
1.237686467656e-02
-7.391018449059e-01 1.470164977049e-01 -6.573542517237e-01
1.209481799520e-02
-7.672811492985e-01 1.215253954032e-01 -6.296913658319e-01
1.255567258178e-02
-7.672811492985e-01 -1.215253954032e-01 -6.296913658319e-01
1.356890325111e-02
-7.391018449059e-01 -1.470164977049e-01 -6.573542517237e-01
1.144948081278e-02
-7.068204811699e-01 -3.601430233799e-01 -6.088528640891e-01
9.455133104610e-03
-6.161513066557e-01 -4.116991408334e-01 -6.714621245786e-01
6.248264522777e-03
-5.648368665729e-01 -5.648368665729e-01 -6.015967323051e-01
4.824648860485e-03
-4.116991408334e-01 -6.161513066557e-01 -6.714621245786e-01
6.096275612935e-03
-3.601430233799e-01 -7.068204811699e-01 -6.088528640891e-01
7.316861174686e-03
-1.470164977049e-01 -7.391018449059e-01 -6.573542517237e-01
8.771321739812e-03
-1.215253954032e-01 -7.672811492985e-01 -6.296913658319e-01
9.807261212418e-03
1.215253954032e-01 -7.672811492985e-01 -6.296913658319e-01
9.541567906935e-03
1.470164977049e-01 -7.391018449059e-01 -6.573542517237e-01
1.212700752361e-02
3.601430233799e-01 -7.068204811699e-01 -6.088528640891e-01
1.339057387890e-02
4.116991408334e-01 -6.161513066557e-01 -6.714621245786e-01
2.255361367580e-02
5.648368665729e-01 -5.648368665729e-01 -6.015967323051e-01
1.218303453264e-02
6.161513066557e-01 -4.116991408334e-01 -6.714621245786e-01
1.436904623087e-02
7.068204811699e-01 -3.601430233799e-01 -6.088528640891e-01
4.090191285268e-03
7.391018449059e-01 -1.470164977049e-01 -6.573542517237e-01
4.074937129972e-03
7.672811492985e-01 -1.215253954032e-01 -6.296913658319e-01
3.613189083399e-03
6.294019098545e-01 1.251958239224e-01 -7.669284461695e-01
4.450678005309e-03
5.826978829809e-01 1.561334271760e-01 -7.975497038354e-01
1.013322374009e-02
5.540975440982e-01 3.702361422900e-01 -7.455877618138e-01
1.012878481725e-02
4.167473548937e-01 4.167473548937e-01 -8.078634070053e-01
8.517525212455e-03
3.702361422900e-01 5.540975440982e-01 -7.455877618138e-01
4.643956252222e-03
1.561334271760e-01 5.826978829809e-01 -7.975497038354e-01
4.495422007935e-03
1.251958239224e-01 6.294019098545e-01 -7.669284461695e-01
3.443869454635e-03
-1.251958239224e-01 6.294019098545e-01 -7.669284461695e-01
2.535618309434e-03
-1.561334271760e-01 5.826978829809e-01 -7.975497038354e-01
5.433861053075e-03
-3.702361422900e-01 5.540975440982e-01 -7.455877618138e-01
2.519966548691e-03
-4.167473548937e-01 4.167473548937e-01 -8.078634070053e-01
6.168722033534e-03
-5.540975440982e-01 3.702361422900e-01 -7.455877618138e-01
4.641281705624e-03
-5.826978829809e-01 1.561334271760e-01 -7.975497038354e-01
5.937915331718e-03
-6.294019098545e-01 1.251958239224e-01 -7.669284461695e-01
9.147995674607e-03
-6.294019098545e-01 -1.251958239224e-01 -7.669284461695e-01
8.796445796548e-03
-5.826978829809e-01 -1.561334271760e-01 -7.975497038354e-01
7.242611252095e-03
-5.540975440982e-01 -3.702361422900e-01 -7.455877618138e-01
4.835140288276e-03
-4.167473548937e-01 -4.167473548937e-01 -8.078634070053e-01
3.493449329718e-03
-3.702361422900e-01 -5.540975440982e-01 -7.455877618138e-01
3.099111529632e-03
-1.561334271760e-01 -5.826978829809e-01 -7.975497038354e-01
3.372233871274e-03
-1.251958239224e-01 -6.294019098545e-01 -7.669284461695e-01
4.897498816436e-03
1.251958239224e-01 -6.294019098545e-01 -7.669284461695e-01
4.637040717187e-03
1.561334271760e-01 -5.826978829809e-01 -7.975497038354e-01
7.378697708640e-03
3.702361422900e-01 -5.540975440982e-01 -7.455877618138e-01
4.512130665466e-03
4.167473548937e-01 -4.167473548937e-01 -8.078634070053e-01
5.275991981151e-03
5.540975440982e-01 -3.702361422900e-01 -7.455877618138e-01
2.220327191199e-03
5.826978829809e-01 -1.561334271760e-01 -7.975497038354e-01
2.172655168146e-03
6.294019098545e-01 -1.251958239224e-01 -7.669284461695e-01
3.159259300856e-03
4.676807377994e-01 1.253146760089e-01 -8.749691191512e-01
3.899159462091e-03
3.919257715109e-01 1.623409700034e-01 -9.055603784861e-01
6.313094185466e-03
3.639082454411e-01 3.639082454411e-01 -8.574039758480e-01
3.168801244245e-03
1.623409700034e-01 3.919257715109e-01 -9.055603784861e-01
2.637153242009e-03
1.253146760089e-01 4.676807377994e-01 -8.749691191512e-01
1.017461052827e-03
-1.253146760089e-01 4.676807377994e-01 -8.749691191512e-01
8.596913951883e-04
-1.623409700034e-01 3.919257715109e-01 -9.055603784861e-01
1.083711262396e-03
-3.639082454411e-01 3.639082454411e-01 -8.574039758480e-01
1.435787094343e-03
-3.919257715109e-01 1.623409700034e-01 -9.055603784861e-01
2.034502995744e-03
-4.676807377994e-01 1.253146760089e-01 -8.749691191512e-01
4.489035835437e-03
-4.676807377994e-01 -1.253146760089e-01 -8.749691191512e-01
4.098289720575e-03
-3.919257715109e-01 -1.623409700034e-01 -9.055603784861e-01
3.496082248254e-03
-3.639082454411e-01 -3.639082454411e-01 -8.574039758480e-01
2.489996397345e-03
-1.623409700034e-01 -3.919257715109e-01 -9.055603784861e-01
2.190529416687e-03
-1.253146760089e-01 -4.676807377994e-01 -8.749691191512e-01
2.409268400111e-03
1.253146760089e-01 -4.676807377994e-01 -8.749691191512e-01
2.275946579942e-03
1.623409700034e-01 -3.919257715109e-01 -9.055603784861e-01
2.400236296726e-03
3.639082454411e-01 -3.639082454411e-01 -8.574039758480e-01
1.737375050723e-03
3.919257715109e-01 -1.623409700034e-01 -9.055603784861e-01
1.594939887304e-03
4.676807377994e-01 -1.253146760089e-01 -8.749691191512e-01
2.249984276330e-03
2.882087470797e-01 1.193799718350e-01 -9.500969110735e-01
2.250535322373e-03
1.601449967080e-01 1.601449967080e-01 -9.740159957921e-01
1.758126153776e-03
1.193799718350e-01 2.882087470797e-01 -9.500969110735e-01
6.839373983623e-04
-1.193799718350e-01 2.882087470797e-01 -9.500969110735e-01
9.921272365865e-04
-1.601449967080e-01 1.601449967080e-01 -9.740159957921e-01
9.521152715804e-04
-2.882087470797e-01 1.193799718350e-01 -9.500969110735e-01
2.116646900279e-03
-2.882087470797e-01 -1.193799718350e-01 -9.500969110735e-01
2.175182170541e-03
-1.601449967080e-01 -1.601449967080e-01 -9.740159957921e-01
1.796212946285e-03
-1.193799718350e-01 -2.882087470797e-01 -9.500969110735e-01
1.471940743104e-03
1.193799718350e-01 -2.882087470797e-01 -9.500969110735e-01
1.701860769705e-03
1.601449967080e-01 -1.601449967080e-01 -9.740159957921e-01
1.366585246999e-03
2.882087470797e-01 -1.193799718350e-01 -9.500969110735e-01
9.747445689275e-04
9.754966309535e-02 9.754966309535e-02 -9.904383506609e-01
6.680724945249e-04
-9.754966309535e-02 9.754966309535e-02 -9.904383506609e-01
9.883373440214e-04
-9.754966309535e-02 -9.754966309535e-02 -9.904383506609e-01
9.308934578629e-04
9.754966309535e-02 -9.754966309535e-02 -9.904383506609e-01
1.291734383939e+00
-4.346366172669e-01 4.900040081297e-01 7.556368724114e-01
