513
1.338764512678e-02
9.754966309535e-02 9.754966309535e-02 9.904383506609e-01
2.104105980771e-02
-9.754966309535e-02 9.754966309535e-02 9.904383506609e-01
1.208778131398e-02
-9.754966309535e-02 -9.754966309535e-02 9.904383506609e-01
1.696342609453e-02
9.754966309535e-02 -9.754966309535e-02 9.904383506609e-01
2.511209318874e-02
2.882087470797e-01 1.193799718350e-01 9.500969110735e-01
2.363979265800e-02
1.601449967080e-01 1.601449967080e-01 9.740159957921e-01
2.255491659897e-02
1.193799718350e-01 2.882087470797e-01 9.500969110735e-01
1.070415632064e-01
-1.193799718350e-01 2.882087470797e-01 9.500969110735e-01
7.219185175392e-02
-1.601449967080e-01 1.601449967080e-01 9.740159957921e-01
6.336680938538e-02
-2.882087470797e-01 1.193799718350e-01 9.500969110735e-01
2.558334453525e-02
-2.882087470797e-01 -1.193799718350e-01 9.500969110735e-01
2.398284801573e-02
-1.601449967080e-01 -1.601449967080e-01 9.740159957921e-01
2.406716199994e-02
-1.193799718350e-01 -2.882087470797e-01 9.500969110735e-01
4.966996584382e-02
1.193799718350e-01 -2.882087470797e-01 9.500969110735e-01
5.353696063800e-02
1.601449967080e-01 -1.601449967080e-01 9.740159957921e-01
8.299657319780e-02
2.882087470797e-01 -1.193799718350e-01 9.500969110735e-01
4.020070433134e-02
4.676807377994e-01 1.253146760089e-01 8.749691191512e-01
2.930464226903e-02
3.919257715109e-01 1.623409700034e-01 9.055603784861e-01
4.588367100126e-03
3.639082454411e-01 3.639082454411e-01 8.574039758480e-01
2.063343659866e-02
1.623409700034e-01 3.919257715109e-01 9.055603784861e-01
2.606436867000e-02
1.253146760089e-01 4.676807377994e-01 8.749691191512e-01
2.249073101497e-01
-1.253146760089e-01 4.676807377994e-01 8.749691191512e-01
2.455802546217e-01
-1.623409700034e-01 3.919257715109e-01 9.055603784861e-01
7.470627487258e-02
-3.639082454411e-01 3.639082454411e-01 8.574039758480e-01
7.692539076458e-02
-3.919257715109e-01 1.623409700034e-01 9.055603784861e-01
4.132023228329e-02
-4.676807377994e-01 1.253146760089e-01 8.749691191512e-01
2.944526495807e-02
-4.676807377994e-01 -1.253146760089e-01 8.749691191512e-01
3.378183871289e-02
-3.919257715109e-01 -1.623409700034e-01 9.055603784861e-01
2.581521165246e-02
-3.639082454411e-01 -3.639082454411e-01 8.574039758480e-01
4.003891052054e-02
-1.623409700034e-01 -3.919257715109e-01 9.055603784861e-01
4.566264070723e-02
-1.253146760089e-01 -4.676807377994e-01 8.749691191512e-01
6.102291812196e-02
1.253146760089e-01 -4.676807377994e-01 8.749691191512e-01
8.108873412402e-02
1.623409700034e-01 -3.919257715109e-01 9.055603784861e-01
7.837040309423e-02
3.639082454411e-01 -3.639082454411e-01 8.574039758480e-01
1.783009897810e-01
3.919257715109e-01 -1.623409700034e-01 9.055603784861e-01
1.551300035872e-01
4.676807377994e-01 -1.253146760089e-01 8.749691191512e-01
2.833130617176e-02
6.294019098545e-01 1.251958239224e-01 7.669284461695e-01
3.021545870346e-02
5.826978829809e-01 1.561334271760e-01 7.975497038354e-01
3.616736193582e-03
5.540975440982e-01 3.702361422900e-01 7.455877618138e-01
2.950682204871e-03
4.167473548937e-01 4.167473548937e-01 8.078634070053e-01
1.307701622841e-03
3.702361422900e-01 5.540975440982e-01 7.455877618138e-01
1.530490025776e-02
1.561334271760e-01 5.826978829809e-01 7.975497038354e-01
1.783679221459e-02
1.251958239224e-01 6.294019098545e-01 7.669284461695e-01
1.246154846590e-01
-1.251958239224e-01 6.294019098545e-01 7.669284461695e-01
1.788366037512e-01
-1.561334271760e-01 5.826978829809e-01 7.975497038354e-01
1.678649052333e-02
-3.702361422900e-01 5.540975440982e-01 7.455877618138e-01
3.123142534165e-02
-4.167473548937e-01 4.167473548937e-01 8.078634070053e-01
3.440127711720e-03
-5.540975440982e-01 3.702361422900e-01 7.455877618138e-01
1.354091167364e-02
-5.826978829809e-01 1.561334271760e-01 7.975497038354e-01
8.382192558960e-03
-6.294019098545e-01 1.251958239224e-01 7.669284461695e-01
1.315887889230e-02
-6.294019098545e-01 -1.251958239224e-01 7.669284461695e-01
1.910267993179e-02
-5.826978829809e-01 -1.561334271760e-01 7.975497038354e-01
1.270780738815e-02
-5.540975440982e-01 -3.702361422900e-01 7.455877618138e-01
2.690549689948e-02
-4.167473548937e-01 -4.167473548937e-01 8.078634070053e-01
2.617647656075e-02
-3.702361422900e-01 -5.540975440982e-01 7.455877618138e-01
5.576109620222e-02
-1.561334271760e-01 -5.826978829809e-01 7.975497038354e-01
4.960875322516e-02
-1.251958239224e-01 -6.294019098545e-01 7.669284461695e-01
2.966586550983e-02
1.251958239224e-01 -6.294019098545e-01 7.669284461695e-01
3.887361098550e-02
1.561334271760e-01 -5.826978829809e-01 7.975497038354e-01
1.096687805282e-02
3.702361422900e-01 -5.540975440982e-01 7.455877618138e-01
4.346744434369e-02
4.167473548937e-01 -4.167473548937e-01 8.078634070053e-01
1.514829719921e-02
5.540975440982e-01 -3.702361422900e-01 7.455877618138e-01
7.840639708889e-02
5.826978829809e-01 -1.561334271760e-01 7.975497038354e-01
4.463275033067e-02
6.294019098545e-01 -1.251958239224e-01 7.669284461695e-01
8.269413313453e-03
7.672811492985e-01 1.215253954032e-01 6.296913658319e-01
1.178247893287e-02
7.391018449059e-01 1.470164977049e-01 6.573542517237e-01
7.479984690837e-03
7.068204811699e-01 3.601430233799e-01 6.088528640891e-01
3.862086893655e-03
6.161513066557e-01 4.116991408334e-01 6.714621245786e-01
1.683969015667e-03
5.648368665729e-01 5.648368665729e-01 6.015967323051e-01
9.566979552745e-04
4.116991408334e-01 6.161513066557e-01 6.714621245786e-01
9.820769489014e-04
3.601430233799e-01 7.068204811699e-01 6.088528640891e-01
8.178368567857e-03
1.470164977049e-01 7.391018449059e-01 6.573542517237e-01
8.693339678248e-03
1.215253954032e-01 7.672811492985e-01 6.296913658319e-01
3.021679124286e-02
-1.215253954032e-01 7.672811492985e-01 6.296913658319e-01
4.059980388053e-02
-1.470164977049e-01 7.391018449059e-01 6.573542517237e-01
3.205775044930e-03
-3.601430233799e-01 7.068204811699e-01 6.088528640891e-01
3.778989276258e-03
-4.116991408334e-01 6.161513066557e-01 6.714621245786e-01
3.469498980882e-04
-5.648368665729e-01 5.648368665729e-01 6.015967323051e-01
8.902498298923e-04
-6.161513066557e-01 4.116991408334e-01 6.714621245786e-01
6.348276346987e-04
-7.068204811699e-01 3.601430233799e-01 6.088528640891e-01
3.006415825738e-03
-7.391018449059e-01 1.470164977049e-01 6.573542517237e-01
2.935241555412e-03
-7.672811492985e-01 1.215253954032e-01 6.296913658319e-01
4.994040091537e-03
-7.672811492985e-01 -1.215253954032e-01 6.296913658319e-01
6.218063360079e-03
-7.391018449059e-01 -1.470164977049e-01 6.573542517237e-01
4.535513469188e-03
-7.068204811699e-01 -3.601430233799e-01 6.088528640891e-01
8.335455358773e-03
-6.161513066557e-01 -4.116991408334e-01 6.714621245786e-01
7.510666389066e-03
-5.648368665729e-01 -5.648368665729e-01 6.015967323051e-01
2.104821909544e-02
-4.116991408334e-01 -6.161513066557e-01 6.714621245786e-01
1.965915294257e-02
-3.601430233799e-01 -7.068204811699e-01 6.088528640891e-01
3.567345261529e-02
-1.470164977049e-01 -7.391018449059e-01 6.573542517237e-01
2.810080646593e-02
-1.215253954032e-01 -7.672811492985e-01 6.296913658319e-01
1.085434456825e-02
1.215253954032e-01 -7.672811492985e-01 6.296913658319e-01
1.206144748297e-02
1.470164977049e-01 -7.391018449059e-01 6.573542517237e-01
2.709371230778e-03
3.601430233799e-01 -7.068204811699e-01 6.088528640891e-01
4.053039193539e-03
4.116991408334e-01 -6.161513066557e-01 6.714621245786e-01
1.614448038546e-03
5.648368665729e-01 -5.648368665729e-01 6.015967323051e-01
4.238638318935e-03
6.161513066557e-01 -4.116991408334e-01 6.714621245786e-01
1.769932364736e-03
7.068204811699e-01 -3.601430233799e-01 6.088528640891e-01
6.105454355600e-03
7.391018449059e-01 -1.470164977049e-01 6.573542517237e-01
3.774644056548e-03
7.672811492985e-01 -1.215253954032e-01 6.296913658319e-01
2.681359382178e-03
8.760361683356e-01 1.153323495383e-01 4.682510874711e-01
3.827855396681e-03
8.601281586402e-01 1.362309170136e-01 4.915492731800e-01
2.104517348613e-02
8.251449107228e-01 3.417862129445e-01 4.497978000716e-01
1.747464884675e-02
7.686052897440e-01 3.916239557406e-01 5.058424516267e-01
2.701104902103e-02
7.122991943291e-01 5.465663953244e-01 4.403351374353e-01
4.740296678628e-03
6.080166031672e-01 6.080166031672e-01 5.105209305662e-01
4.477179079096e-03
5.465663953244e-01 7.122991943291e-01 4.403351374353e-01
1.374061705381e-03
3.916239557406e-01 7.686052897440e-01 5.058424516267e-01
1.798583122154e-03
3.417862129445e-01 8.251449107228e-01 4.497978000716e-01
5.431843767355e-03
1.362309170136e-01 8.601281586402e-01 4.915492731800e-01
5.631621806132e-03
1.153323495383e-01 8.760361683356e-01 4.682510874711e-01
1.021223960465e-02
-1.153323495383e-01 8.760361683356e-01 4.682510874711e-01
1.143139205747e-02
-1.362309170136e-01 8.601281586402e-01 4.915492731800e-01
1.891123084574e-03
-3.417862129445e-01 8.251449107228e-01 4.497978000716e-01
1.263530271029e-03
-3.916239557406e-01 7.686052897440e-01 5.058424516267e-01
3.392082847336e-04
-5.465663953244e-01 7.122991943291e-01 4.403351374353e-01
2.452664252136e-04
-6.080166031672e-01 6.080166031672e-01 5.105209305662e-01
6.073079273843e-04
-7.122991943291e-01 5.465663953244e-01 4.403351374353e-01
1.041012194668e-03
-7.686052897440e-01 3.916239557406e-01 5.058424516267e-01
3.680019050468e-03
-8.251449107228e-01 3.417862129445e-01 4.497978000716e-01
6.250066557147e-03
-8.601281586402e-01 1.362309170136e-01 4.915492731800e-01
7.786880522107e-03
-8.760361683356e-01 1.153323495383e-01 4.682510874711e-01
5.539908148002e-03
-8.760361683356e-01 -1.153323495383e-01 4.682510874711e-01
5.179481308786e-03
-8.601281586402e-01 -1.362309170136e-01 4.915492731800e-01
3.337424337758e-03
-8.251449107228e-01 -3.417862129445e-01 4.497978000716e-01
3.539455848127e-03
-7.686052897440e-01 -3.916239557406e-01 5.058424516267e-01
3.872750200151e-03
-7.122991943291e-01 -5.465663953244e-01 4.403351374353e-01
6.021715505298e-03
-6.080166031672e-01 -6.080166031672e-01 5.105209305662e-01
7.234281891474e-03
-5.465663953244e-01 -7.122991943291e-01 4.403351374353e-01
1.448423005073e-02
-3.916239557406e-01 -7.686052897440e-01 5.058424516267e-01
1.306404026913e-02
-3.417862129445e-01 -8.251449107228e-01 4.497978000716e-01
1.728825399129e-02
-1.362309170136e-01 -8.601281586402e-01 4.915492731800e-01
1.438495193059e-02
-1.153323495383e-01 -8.760361683356e-01 4.682510874711e-01
7.372259335876e-03
1.153323495383e-01 -8.760361683356e-01 4.682510874711e-01
7.317627918460e-03
1.362309170136e-01 -8.601281586402e-01 4.915492731800e-01
3.792751182037e-03
3.417862129445e-01 -8.251449107228e-01 4.497978000716e-01
2.665616519681e-03
3.916239557406e-01 -7.686052897440e-01 5.058424516267e-01
3.454938648202e-03
5.465663953244e-01 -7.122991943291e-01 4.403351374353e-01
1.783300125177e-03
6.080166031672e-01 -6.080166031672e-01 5.105209305662e-01
2.534672643527e-03
7.122991943291e-01 -5.465663953244e-01 4.403351374353e-01
1.074738700082e-03
7.686052897440e-01 -3.916239557406e-01 5.058424516267e-01
8.794915588014e-04
8.251449107228e-01 -3.417862129445e-01 4.497978000716e-01
7.538523995664e-04
8.601281586402e-01 -1.362309170136e-01 4.915492731800e-01
6.334478765213e-04
8.760361683356e-01 -1.153323495383e-01 4.682510874711e-01
2.325557082103e-03
9.514259489692e-01 1.071999587676e-01 2.886119063178e-01
2.980637286661e-03
9.435493257921e-01 1.242206253374e-01 3.070568449620e-01
4.873229047351e-02
9.079183105646e-01 3.176943572541e-01 2.734129417392e-01
7.245765129503e-02
8.754336959030e-01 3.626165098014e-01 3.195701971352e-01
3.901005120791e-01
8.166418539992e-01 5.131300862176e-01 2.641847779778e-01
1.790194498608e-01
7.500752876024e-01 5.755530111934e-01 3.257695416003e-01
1.876779108605e-01
6.825802229792e-01 6.825802229792e-01 2.610909389377e-01
2.347898366668e-02
5.755530111934e-01 7.500752876024e-01 3.257695416003e-01
1.875715664327e-02
5.131300862176e-01 8.166418539992e-01 2.641847779778e-01
4.498698929410e-03
3.626165098014e-01 8.754336959030e-01 3.195701971352e-01
5.075185222723e-03
3.176943572541e-01 9.079183105646e-01 2.734129417392e-01
6.817479618533e-03
1.242206253374e-01 9.435493257921e-01 3.070568449620e-01
6.870076094097e-03
1.071999587676e-01 9.514259489692e-01 2.886119063178e-01
9.095734330915e-03
-1.071999587676e-01 9.514259489692e-01 2.886119063178e-01
9.402098652124e-03
-1.242206253374e-01 9.435493257921e-01 3.070568449620e-01
4.073535397050e-03
-3.176943572541e-01 9.079183105646e-01 2.734129417392e-01
2.588699775867e-03
-3.626165098014e-01 8.754336959030e-01 3.195701971352e-01
2.070619305680e-03
-5.131300862176e-01 8.166418539992e-01 2.641847779778e-01
1.100517522038e-03
-5.755530111934e-01 7.500752876024e-01 3.257695416003e-01
5.694635653012e-03
-6.825802229792e-01 6.825802229792e-01 2.610909389377e-01
5.402314074356e-03
-7.500752876024e-01 5.755530111934e-01 3.257695416003e-01
5.028036300080e-02
-8.166418539992e-01 5.131300862176e-01 2.641847779778e-01
5.775090322597e-02
-8.754336959030e-01 3.626165098014e-01 3.195701971352e-01
1.782917831089e-01
-9.079183105646e-01 3.176943572541e-01 2.734129417392e-01
8.219270813480e-02
-9.435493257921e-01 1.242206253374e-01 3.070568449620e-01
8.901980712074e-02
-9.514259489692e-01 1.071999587676e-01 2.886119063178e-01
1.955513017515e-02
-9.514259489692e-01 -1.071999587676e-01 2.886119063178e-01
1.661790101431e-02
-9.435493257921e-01 -1.242206253374e-01 3.070568449620e-01
6.916485170346e-03
-9.079183105646e-01 -3.176943572541e-01 2.734129417392e-01
5.385518299054e-03
-8.754336959030e-01 -3.626165098014e-01 3.195701971352e-01
6.152813048785e-03
-8.166418539992e-01 -5.131300862176e-01 2.641847779778e-01
5.589138465134e-03
-7.500752876024e-01 -5.755530111934e-01 3.257695416003e-01
7.999558338702e-03
-6.825802229792e-01 -6.825802229792e-01 2.610909389377e-01
8.386447018515e-03
-5.755530111934e-01 -7.500752876024e-01 3.257695416003e-01
9.140363898947e-03
-5.131300862176e-01 -8.166418539992e-01 2.641847779778e-01
1.100244711692e-02
-3.626165098014e-01 -8.754336959030e-01 3.195701971352e-01
9.787375560105e-03
-3.176943572541e-01 -9.079183105646e-01 2.734129417392e-01
1.175559083512e-02
-1.242206253374e-01 -9.435493257921e-01 3.070568449620e-01
1.059935394833e-02
-1.071999587676e-01 -9.514259489692e-01 2.886119063178e-01
1.118744278905e-02
1.071999587676e-01 -9.514259489692e-01 2.886119063178e-01
1.154299033117e-02
1.242206253374e-01 -9.435493257921e-01 3.070568449620e-01
1.777208126022e-02
3.176943572541e-01 -9.079183105646e-01 2.734129417392e-01
1.369318636264e-02
3.626165098014e-01 -8.754336959030e-01 3.195701971352e-01
4.705245640279e-02
5.131300862176e-01 -8.166418539992e-01 2.641847779778e-01
2.309164217053e-02
5.755530111934e-01 -7.500752876024e-01 3.257695416003e-01
8.822939142482e-02
6.825802229792e-01 -6.825802229792e-01 2.610909389377e-01
1.871318261368e-02
7.500752876024e-01 -5.755530111934e-01 3.257695416003e-01
3.373627334191e-02
8.166418539992e-01 -5.131300862176e-01 2.641847779778e-01
3.203833338957e-03
8.754336959030e-01 -3.626165098014e-01 3.195701971352e-01
3.234591587144e-03
9.079183105646e-01 -3.176943572541e-01 2.734129417392e-01
7.180281133969e-04
9.435493257921e-01 -1.242206253374e-01 3.070568449620e-01
7.061655419013e-04
9.514259489692e-01 -1.071999587676e-01 2.886119063178e-01
4.054172172450e-03
9.904383506609e-01 9.754966309535e-02 9.754966309535e-02
4.920391610577e-03
9.875415564011e-01 1.112692104332e-01 1.112692104332e-01
5.624673679627e-02
9.534076362023e-01 2.892130445679e-01 8.584692238504e-02
1.114832887663e-01
9.369320803932e-01 3.278467144100e-01 1.211396243213e-01
7.982826513208e-01
8.792329959207e-01 4.699598274150e-01 7.801986606203e-02
1.297767967100e+00
8.398628335694e-01 5.277207947278e-01 1.270479578768e-01
1.524088263649e+00
7.708853463782e-01 6.326492539332e-01 7.409928634720e-02
7.502663248787e-01
7.011972415210e-01 7.011972415210e-01 1.290149486172e-01
3.183941468517e-01
6.326492539332e-01 7.708853463782e-01 7.409928634720e-02
6.466994256685e-02
5.277207947278e-01 8.398628335694e-01 1.270479578768e-01
3.550670376436e-02
4.699598274150e-01 8.792329959207e-01 7.801986606203e-02
1.208985703257e-02
3.278467144100e-01 9.369320803932e-01 1.211396243213e-01
1.086332191980e-02
2.892130445679e-01 9.534076362023e-01 8.584692238504e-02
1.158616839614e-02
1.112692104332e-01 9.875415564011e-01 1.112692104332e-01
1.093060782641e-02
9.754966309535e-02 9.904383506609e-01 9.754966309535e-02
1.364890041298e-02
-9.754966309535e-02 9.904383506609e-01 9.754966309535e-02
1.476341492492e-02
-1.112692104332e-01 9.875415564011e-01 1.112692104332e-01
1.150240562919e-02
-2.892130445679e-01 9.534076362023e-01 8.584692238504e-02
1.016260571484e-02
-3.278467144100e-01 9.369320803932e-01 1.211396243213e-01
1.199020530727e-02
-4.699598274150e-01 8.792329959207e-01 7.801986606203e-02
1.085358041663e-02
-5.277207947278e-01 8.398628335694e-01 1.270479578768e-01
3.994521658058e-02
-6.326492539332e-01 7.708853463782e-01 7.409928634719e-02
6.231032844865e-02
-7.011972415210e-01 7.011972415210e-01 1.290149486172e-01
3.666296121531e-01
-7.708853463782e-01 6.326492539332e-01 7.409928634720e-02
7.997584075575e-01
-8.398628335694e-01 5.277207947278e-01 1.270479578768e-01
2.250904509309e+00
-8.792329959207e-01 4.699598274150e-01 7.801986606203e-02
2.245659991360e+00
-9.369320803932e-01 3.278467144100e-01 1.211396243213e-01
2.378175934868e+00
-9.534076362023e-01 2.892130445679e-01 8.584692238504e-02
5.451176415620e-01
-9.875415564011e-01 1.112692104332e-01 1.112692104332e-01
4.440719700399e-01
-9.904383506609e-01 9.754966309535e-02 9.754966309535e-02
5.512912673140e-02
-9.904383506609e-01 -9.754966309535e-02 9.754966309535e-02
5.281268870603e-02
-9.875415564011e-01 -1.112692104332e-01 1.112692104332e-01
1.622167737420e-02
-9.534076362023e-01 -2.892130445679e-01 8.584692238504e-02
1.454447697575e-02
-9.369320803932e-01 -3.278467144100e-01 1.211396243213e-01
1.411563575767e-02
-8.792329959207e-01 -4.699598274150e-01 7.801986606203e-02
1.348152376520e-02
-8.398628335694e-01 -5.277207947278e-01 1.270479578768e-01
1.707133645402e-02
-7.708853463782e-01 -6.326492539332e-01 7.409928634720e-02
1.506528719739e-02
-7.011972415210e-01 -7.011972415210e-01 1.290149486172e-01
1.464927209518e-02
-6.326492539332e-01 -7.708853463782e-01 7.409928634719e-02
1.175707681537e-02
-5.277207947278e-01 -8.398628335694e-01 1.270479578768e-01
9.622091974396e-03
-4.699598274150e-01 -8.792329959207e-01 7.801986606203e-02
9.039255199124e-03
-3.278467144100e-01 -9.369320803932e-01 1.211396243213e-01
7.743615476827e-03
-2.892130445679e-01 -9.534076362023e-01 8.584692238503e-02
1.058771693483e-02
-1.112692104332e-01 -9.875415564011e-01 1.112692104332e-01
9.672546917812e-03
-9.754966309535e-02 -9.904383506609e-01 9.754966309535e-02
1.808068792354e-02
9.754966309535e-02 -9.904383506609e-01 9.754966309535e-02
2.091478334978e-02
1.112692104332e-01 -9.875415564011e-01 1.112692104332e-01
5.527351293345e-02
2.892130445679e-01 -9.534076362023e-01 8.584692238504e-02
6.868280904408e-02
3.278467144100e-01 -9.369320803932e-01 1.211396243213e-01
2.676781329060e-01
4.699598274150e-01 -8.792329959207e-01 7.801986606203e-02
3.447523015110e-01
5.277207947278e-01 -8.398628335694e-01 1.270479578768e-01
1.201276087821e+00
6.326492539332e-01 -7.708853463782e-01 7.409928634719e-02
1.021459642952e+00
7.011972415210e-01 -7.011972415210e-01 1.290149486172e-01
1.691548289798e+00
7.708853463782e-01 -6.326492539332e-01 7.409928634719e-02
4.337760102138e-01
8.398628335694e-01 -5.277207947278e-01 1.270479578768e-01
3.489254003974e-01
8.792329959207e-01 -4.699598274150e-01 7.801986606203e-02
2.757554232339e-02
9.369320803932e-01 -3.278467144100e-01 1.211396243213e-01
2.045202399086e-02
9.534076362023e-01 -2.892130445679e-01 8.584692238504e-02
2.757692800845e-03
9.875415564011e-01 -1.112692104332e-01 1.112692104332e-01
2.552175975066e-03
9.904383506609e-01 -9.754966309535e-02 9.754966309535e-02
6.029663808671e-03
9.904383506609e-01 9.754966309535e-02 -9.754966309535e-02
7.279147684093e-03
9.875415564011e-01 1.112692104332e-01 -1.112692104332e-01
4.462588547199e-02
9.534076362023e-01 2.892130445679e-01 -8.584692238504e-02
6.971075077155e-02
9.369320803932e-01 3.278467144100e-01 -1.211396243213e-01
4.637511707020e-01
8.792329959207e-01 4.699598274150e-01 -7.801986606203e-02
5.225939241226e-01
8.398628335694e-01 5.277207947278e-01 -1.270479578768e-01
9.239125973791e-01
7.708853463782e-01 6.326492539332e-01 -7.409928634720e-02
3.942881697429e-01
7.011972415210e-01 7.011972415210e-01 -1.290149486172e-01
2.503008182435e-01
6.326492539332e-01 7.708853463782e-01 -7.409928634720e-02
5.997465025583e-02
5.277207947278e-01 8.398628335694e-01 -1.270479578768e-01
3.684070625664e-02
4.699598274150e-01 8.792329959207e-01 -7.801986606203e-02
1.523999225933e-02
3.278467144100e-01 9.369320803932e-01 -1.211396243213e-01
1.298028240050e-02
2.892130445679e-01 9.534076362023e-01 -8.584692238504e-02
1.411719235211e-02
1.112692104332e-01 9.875415564011e-01 -1.112692104332e-01
1.298745518840e-02
9.754966309535e-02 9.904383506609e-01 -9.754966309535e-02
1.617608543170e-02
-9.754966309535e-02 9.904383506609e-01 -9.754966309535e-02
1.794965890882e-02
-1.112692104332e-01 9.875415564011e-01 -1.112692104332e-01
1.586396945365e-02
-2.892130445679e-01 9.534076362023e-01 -8.584692238504e-02
1.695497862011e-02
-3.278467144100e-01 9.369320803932e-01 -1.211396243213e-01
2.085116117424e-02
-4.699598274150e-01 8.792329959207e-01 -7.801986606203e-02
2.920688486131e-02
-5.277207947278e-01 8.398628335694e-01 -1.270479578768e-01
7.815848443107e-02
-6.326492539332e-01 7.708853463782e-01 -7.409928634719e-02
1.837504420302e-01
-7.011972415210e-01 7.011972415210e-01 -1.290149486172e-01
6.249844071595e-01
-7.708853463782e-01 6.326492539332e-01 -7.409928634720e-02
1.307507653068e+00
-8.398628335694e-01 5.277207947278e-01 -1.270479578768e-01
2.574510914842e+00
-8.792329959207e-01 4.699598274150e-01 -7.801986606203e-02
1.555265884727e+00
-9.369320803932e-01 3.278467144100e-01 -1.211396243213e-01
1.648788143845e+00
-9.534076362023e-01 2.892130445679e-01 -8.584692238504e-02
2.527466130677e-01
-9.875415564011e-01 1.112692104332e-01 -1.112692104332e-01
2.239139926061e-01
-9.904383506609e-01 9.754966309535e-02 -9.754966309535e-02
3.351796284068e-02
-9.904383506609e-01 -9.754966309535e-02 -9.754966309535e-02
3.105506269781e-02
-9.875415564011e-01 -1.112692104332e-01 -1.112692104332e-01
1.589083483110e-02
-9.534076362023e-01 -2.892130445679e-01 -8.584692238504e-02
1.601083718105e-02
-9.369320803932e-01 -3.278467144100e-01 -1.211396243213e-01
1.924222608536e-02
-8.792329959207e-01 -4.699598274150e-01 -7.801986606203e-02
2.380283275438e-02
-8.398628335694e-01 -5.277207947278e-01 -1.270479578768e-01
2.430404030911e-02
-7.708853463782e-01 -6.326492539332e-01 -7.409928634720e-02
2.373430256120e-02
-7.011972415210e-01 -7.011972415210e-01 -1.290149486172e-01
1.729083469001e-02
-6.326492539332e-01 -7.708853463782e-01 -7.409928634719e-02
1.146023635312e-02
-5.277207947278e-01 -8.398628335694e-01 -1.270479578768e-01
8.779157671493e-03
-4.699598274150e-01 -8.792329959207e-01 -7.801986606203e-02
6.415990749363e-03
-3.278467144100e-01 -9.369320803932e-01 -1.211396243213e-01
6.007690147236e-03
-2.892130445679e-01 -9.534076362023e-01 -8.584692238503e-02
7.944847634646e-03
-1.112692104332e-01 -9.875415564011e-01 -1.112692104332e-01
7.592778281302e-03
-9.754966309535e-02 -9.904383506609e-01 -9.754966309535e-02
1.640330726148e-02
9.754966309535e-02 -9.904383506609e-01 -9.754966309535e-02
1.889372992814e-02
1.112692104332e-01 -9.875415564011e-01 -1.112692104332e-01
5.553034911890e-02
2.892130445679e-01 -9.534076362023e-01 -8.584692238504e-02
6.972905902996e-02
3.278467144100e-01 -9.369320803932e-01 -1.211396243213e-01
2.806885470906e-01
4.699598274150e-01 -8.792329959207e-01 -7.801986606203e-02
3.813889019497e-01
5.277207947278e-01 -8.398628335694e-01 -1.270479578768e-01
1.389066329739e+00
6.326492539332e-01 -7.708853463782e-01 -7.409928634719e-02
1.515478346773e+00
7.011972415210e-01 -7.011972415210e-01 -1.290149486172e-01
2.469985842219e+00
7.708853463782e-01 -6.326492539332e-01 -7.409928634719e-02
1.104738022479e+00
8.398628335694e-01 -5.277207947278e-01 -1.270479578768e-01
7.127602560437e-01
8.792329959207e-01 -4.699598274150e-01 -7.801986606203e-02
1.030805823949e-01
9.369320803932e-01 -3.278467144100e-01 -1.211396243213e-01
5.471509608768e-02
9.534076362023e-01 -2.892130445679e-01 -8.584692238504e-02
8.239697982063e-03
9.875415564011e-01 -1.112692104332e-01 -1.112692104332e-01
6.569793432873e-03
9.904383506609e-01 -9.754966309535e-02 -9.754966309535e-02
4.331492090221e-03
9.514259489692e-01 1.071999587676e-01 -2.886119063178e-01
4.700709415160e-03
9.435493257921e-01 1.242206253374e-01 -3.070568449620e-01
1.884981086153e-02
9.079183105646e-01 3.176943572541e-01 -2.734129417392e-01
1.883981397257e-02
8.754336959030e-01 3.626165098014e-01 -3.195701971352e-01
8.048538004397e-02
8.166418539992e-01 5.131300862176e-01 -2.641847779778e-01
3.726099908415e-02
7.500752876024e-01 5.755530111934e-01 -3.257695416003e-01
6.713623359651e-02
6.825802229792e-01 6.825802229792e-01 -2.610909389377e-01
1.565320954760e-02
5.755530111934e-01 7.500752876024e-01 -3.257695416003e-01
1.794563582821e-02
5.131300862176e-01 8.166418539992e-01 -2.641847779778e-01
7.084885552969e-03
3.626165098014e-01 8.754336959030e-01 -3.195701971352e-01
7.995307641328e-03
3.176943572541e-01 9.079183105646e-01 -2.734129417392e-01
9.140631997972e-03
1.242206253374e-01 9.435493257921e-01 -3.070568449620e-01
9.116835483176e-03
1.071999587676e-01 9.514259489692e-01 -2.886119063178e-01
1.070612051071e-02
-1.071999587676e-01 9.514259489692e-01 -2.886119063178e-01
1.079595858020e-02
-1.242206253374e-01 9.435493257921e-01 -3.070568449620e-01
8.654819100816e-03
-3.176943572541e-01 9.079183105646e-01 -2.734129417392e-01
6.565700341443e-03
-3.626165098014e-01 8.754336959030e-01 -3.195701971352e-01
1.059247636802e-02
-5.131300862176e-01 8.166418539992e-01 -2.641847779778e-01
7.801331226590e-03
-5.755530111934e-01 7.500752876024e-01 -3.257695416003e-01
3.619708742713e-02
-6.825802229792e-01 6.825802229792e-01 -2.610909389377e-01
2.632091657657e-02
-7.500752876024e-01 5.755530111934e-01 -3.257695416003e-01
1.254306370314e-01
-8.166418539992e-01 5.131300862176e-01 -2.641847779778e-01
4.609944107781e-02
-8.754336959030e-01 3.626165098014e-01 -3.195701971352e-01
9.632515559440e-02
-9.079183105646e-01 3.176943572541e-01 -2.734129417392e-01
1.741201323405e-02
-9.435493257921e-01 1.242206253374e-01 -3.070568449620e-01
1.896537604435e-02
-9.514259489692e-01 1.071999587676e-01 -2.886119063178e-01
6.410162015191e-03
-9.514259489692e-01 -1.071999587676e-01 -2.886119063178e-01
5.755181582444e-03
-9.435493257921e-01 -1.242206253374e-01 -3.070568449620e-01
7.709156653225e-03
-9.079183105646e-01 -3.176943572541e-01 -2.734129417392e-01
7.679207995275e-03
-8.754336959030e-01 -3.626165098014e-01 -3.195701971352e-01
1.479095731724e-02
-8.166418539992e-01 -5.131300862176e-01 -2.641847779778e-01
1.291232473922e-02
-7.500752876024e-01 -5.755530111934e-01 -3.257695416003e-01
1.473809208314e-02
-6.825802229792e-01 -6.825802229792e-01 -2.610909389377e-01
7.950354002700e-03
-5.755530111934e-01 -7.500752876024e-01 -3.257695416003e-01
7.062750518141e-03
-5.131300862176e-01 -8.166418539992e-01 -2.641847779778e-01
4.120603137483e-03
-3.626165098014e-01 -8.754336959030e-01 -3.195701971352e-01
4.092163507140e-03
-3.176943572541e-01 -9.079183105646e-01 -2.734129417392e-01
4.722906098188e-03
-1.242206253374e-01 -9.435493257921e-01 -3.070568449620e-01
4.688140266805e-03
-1.071999587676e-01 -9.514259489692e-01 -2.886119063178e-01
7.735019574608e-03
1.071999587676e-01 -9.514259489692e-01 -2.886119063178e-01
7.928738088838e-03
1.242206253374e-01 -9.435493257921e-01 -3.070568449620e-01
1.624413319310e-02
3.176943572541e-01 -9.079183105646e-01 -2.734129417392e-01
1.184136910721e-02
3.626165098014e-01 -8.754336959030e-01 -3.195701971352e-01
4.916452787607e-02
5.131300862176e-01 -8.166418539992e-01 -2.641847779778e-01
2.416588005735e-02
5.755530111934e-01 -7.500752876024e-01 -3.257695416003e-01
1.467061145703e-01
6.825802229792e-01 -6.825802229792e-01 -2.610909389377e-01
4.725374865114e-02
7.500752876024e-01 -5.755530111934e-01 -3.257695416003e-01
1.413956600048e-01
8.166418539992e-01 -5.131300862176e-01 -2.641847779778e-01
2.587547214535e-02
8.754336959030e-01 -3.626165098014e-01 -3.195701971352e-01
2.983675027423e-02
9.079183105646e-01 -3.176943572541e-01 -2.734129417392e-01
5.761629709713e-03
9.435493257921e-01 -1.242206253374e-01 -3.070568449620e-01
5.268601606174e-03
9.514259489692e-01 -1.071999587676e-01 -2.886119063178e-01
2.399223631061e-03
8.760361683356e-01 1.153323495383e-01 -4.682510874711e-01
2.562833089980e-03
8.601281586402e-01 1.362309170136e-01 -4.915492731800e-01
4.726455592803e-03
8.251449107228e-01 3.417862129445e-01 -4.497978000716e-01
3.542921701257e-03
7.686052897440e-01 3.916239557406e-01 -5.058424516267e-01
6.275488612726e-03
7.122991943291e-01 5.465663953244e-01 -4.403351374353e-01
2.412143156069e-03
6.080166031672e-01 6.080166031672e-01 -5.105209305662e-01
3.616574403781e-03
5.465663953244e-01 7.122991943291e-01 -4.403351374353e-01
2.086369922034e-03
3.916239557406e-01 7.686052897440e-01 -5.058424516267e-01
2.917342608234e-03
3.417862129445e-01 8.251449107228e-01 -4.497978000716e-01
4.676248744703e-03
1.362309170136e-01 8.601281586402e-01 -4.915492731800e-01
4.923555710549e-03
1.153323495383e-01 8.760361683356e-01 -4.682510874711e-01
5.367247310941e-03
-1.153323495383e-01 8.760361683356e-01 -4.682510874711e-01
5.117453694273e-03
-1.362309170136e-01 8.601281586402e-01 -4.915492731800e-01
2.569554477788e-03
-3.417862129445e-01 8.251449107228e-01 -4.497978000716e-01
1.608836976520e-03
-3.916239557406e-01 7.686052897440e-01 -5.058424516267e-01
1.748191092186e-03
-5.465663953244e-01 7.122991943291e-01 -4.403351374353e-01
9.879886830187e-04
-6.080166031672e-01 6.080166031672e-01 -5.105209305662e-01
2.786783676976e-03
-7.122991943291e-01 5.465663953244e-01 -4.403351374353e-01
1.493459468561e-03
-7.686052897440e-01 3.916239557406e-01 -5.058424516267e-01
3.183431044353e-03
-8.251449107228e-01 3.417862129445e-01 -4.497978000716e-01
1.603890385224e-03
-8.601281586402e-01 1.362309170136e-01 -4.915492731800e-01
1.780681611434e-03
-8.760361683356e-01 1.153323495383e-01 -4.682510874711e-01
1.726278154519e-03
-8.760361683356e-01 -1.153323495383e-01 -4.682510874711e-01
1.784603198324e-03
-8.601281586402e-01 -1.362309170136e-01 -4.915492731800e-01
3.549999310206e-03
-8.251449107228e-01 -3.417862129445e-01 -4.497978000716e-01
3.595399223567e-03
-7.686052897440e-01 -3.916239557406e-01 -5.058424516267e-01
5.751151970374e-03
-7.122991943291e-01 -5.465663953244e-01 -4.403351374353e-01
3.583036409654e-03
-6.080166031672e-01 -6.080166031672e-01 -5.105209305662e-01
3.877790215833e-03
-5.465663953244e-01 -7.122991943291e-01 -4.403351374353e-01
2.428297129060e-03
-3.916239557406e-01 -7.686052897440e-01 -5.058424516267e-01
2.559874916549e-03
-3.417862129445e-01 -8.251449107228e-01 -4.497978000716e-01
3.094169468357e-03
-1.362309170136e-01 -8.601281586402e-01 -4.915492731800e-01
3.038452452924e-03
-1.153323495383e-01 -8.760361683356e-01 -4.682510874711e-01
3.087900071078e-03
1.153323495383e-01 -8.760361683356e-01 -4.682510874711e-01
2.928417104451e-03
1.362309170136e-01 -8.601281586402e-01 -4.915492731800e-01
2.188759099091e-03
3.417862129445e-01 -8.251449107228e-01 -4.497978000716e-01
1.152691847342e-03
3.916239557406e-01 -7.686052897440e-01 -5.058424516267e-01
2.246140290304e-03
5.465663953244e-01 -7.122991943291e-01 -4.403351374353e-01
8.827972072970e-04
6.080166031672e-01 -6.080166031672e-01 -5.105209305662e-01
3.473026031890e-03
7.122991943291e-01 -5.465663953244e-01 -4.403351374353e-01
1.644520942545e-03
7.686052897440e-01 -3.916239557406e-01 -5.058424516267e-01
3.324775972416e-03
8.251449107228e-01 -3.417862129445e-01 -4.497978000716e-01
2.130951995156e-03
8.601281586402e-01 -1.362309170136e-01 -4.915492731800e-01
2.163709884519e-03
8.760361683356e-01 -1.153323495383e-01 -4.682510874711e-01
2.285339707733e-03
7.672811492985e-01 1.215253954032e-01 -6.296913658319e-01
2.581555729381e-03
7.391018449059e-01 1.470164977049e-01 -6.573542517237e-01
1.813665335334e-03
7.068204811699e-01 3.601430233799e-01 -6.088528640891e-01
1.381766313943e-03
6.161513066557e-01 4.116991408334e-01 -6.714621245786e-01
1.103597166435e-03
5.648368665729e-01 5.648368665729e-01 -6.015967323051e-01
9.799773854090e-04
4.116991408334e-01 6.161513066557e-01 -6.714621245786e-01
1.233779033068e-03
3.601430233799e-01 7.068204811699e-01 -6.088528640891e-01
2.891275605799e-03
1.470164977049e-01 7.391018449059e-01 -6.573542517237e-01
3.134778566495e-03
1.215253954032e-01 7.672811492985e-01 -6.296913658319e-01
3.684337539301e-03
-1.215253954032e-01 7.672811492985e-01 -6.296913658319e-01
3.628153986687e-03
-1.470164977049e-01 7.391018449059e-01 -6.573542517237e-01
1.203149440481e-03
-3.601430233799e-01 7.068204811699e-01 -6.088528640891e-01
1.036032034047e-03
-4.116991408334e-01 6.161513066557e-01 -6.714621245786e-01
5.529231252610e-04
-5.648368665729e-01 5.648368665729e-01 -6.015967323051e-01
6.891102842458e-04
-6.161513066557e-01 4.116991408334e-01 -6.714621245786e-01
6.427949869439e-04
-7.068204811699e-01 3.601430233799e-01 -6.088528640891e-01
1.053412619639e-03
-7.391018449059e-01 1.470164977049e-01 -6.573542517237e-01
9.499070686397e-04
-7.672811492985e-01 1.215253954032e-01 -6.296913658319e-01
1.528934910671e-03
-7.672811492985e-01 -1.215253954032e-01 -6.296913658319e-01
1.859469006053e-03
-7.391018449059e-01 -1.470164977049e-01 -6.573542517237e-01
2.267517140490e-03
-7.068204811699e-01 -3.601430233799e-01 -6.088528640891e-01
2.084456955561e-03
-6.161513066557e-01 -4.116991408334e-01 -6.714621245786e-01
2.018520400268e-03
-5.648368665729e-01 -5.648368665729e-01 -6.015967323051e-01
1.586001531598e-03
-4.116991408334e-01 -6.161513066557e-01 -6.714621245786e-01
1.716015406358e-03
-3.601430233799e-01 -7.068204811699e-01 -6.088528640891e-01
2.655451310135e-03
-1.470164977049e-01 -7.391018449059e-01 -6.573542517237e-01
2.607328046651e-03
-1.215253954032e-01 -7.672811492985e-01 -6.296913658319e-01
2.101600269436e-03
1.215253954032e-01 -7.672811492985e-01 -6.296913658319e-01
2.046188258153e-03
1.470164977049e-01 -7.391018449059e-01 -6.573542517237e-01
6.011815426158e-04
3.601430233799e-01 -7.068204811699e-01 -6.088528640891e-01
4.702915404917e-04
4.116991408334e-01 -6.161513066557e-01 -6.714621245786e-01
3.322190288949e-04
5.648368665729e-01 -5.648368665729e-01 -6.015967323051e-01
4.758478698716e-04
6.161513066557e-01 -4.116991408334e-01 -6.714621245786e-01
6.351293586896e-04
7.068204811699e-01 -3.601430233799e-01 -6.088528640891e-01
1.613669060035e-03
7.391018449059e-01 -1.470164977049e-01 -6.573542517237e-01
1.560689705724e-03
7.672811492985e-01 -1.215253954032e-01 -6.296913658319e-01
3.052586182472e-03
6.294019098545e-01 1.251958239224e-01 -7.669284461695e-01
3.133934313835e-03
5.826978829809e-01 1.561334271760e-01 -7.975497038354e-01
1.224602430295e-03
5.540975440982e-01 3.702361422900e-01 -7.455877618138e-01
1.063644349100e-03
4.167473548937e-01 4.167473548937e-01 -8.078634070053e-01
8.618377829241e-04
3.702361422900e-01 5.540975440982e-01 -7.455877618138e-01
1.898746631574e-03
1.561334271760e-01 5.826978829809e-01 -7.975497038354e-01
2.211993991437e-03
1.251958239224e-01 6.294019098545e-01 -7.669284461695e-01
3.374883814315e-03
-1.251958239224e-01 6.294019098545e-01 -7.669284461695e-01
3.441458362151e-03
-1.561334271760e-01 5.826978829809e-01 -7.975497038354e-01
1.421703619209e-03
-3.702361422900e-01 5.540975440982e-01 -7.455877618138e-01
2.059635433008e-03
-4.167473548937e-01 4.167473548937e-01 -8.078634070053e-01
1.025484578962e-03
-5.540975440982e-01 3.702361422900e-01 -7.455877618138e-01
2.390275278590e-03
-5.826978829809e-01 1.561334271760e-01 -7.975497038354e-01
1.890790160601e-03
-6.294019098545e-01 1.251958239224e-01 -7.669284461695e-01
2.291143516942e-03
-6.294019098545e-01 -1.251958239224e-01 -7.669284461695e-01
2.484935699056e-03
-5.826978829809e-01 -1.561334271760e-01 -7.975497038354e-01
1.573014382810e-03
-5.540975440982e-01 -3.702361422900e-01 -7.455877618138e-01
1.263510068847e-03
-4.167473548937e-01 -4.167473548937e-01 -8.078634070053e-01
1.227823896744e-03
-3.702361422900e-01 -5.540975440982e-01 -7.455877618138e-01
2.026572477010e-03
-1.561334271760e-01 -5.826978829809e-01 -7.975497038354e-01
2.233607561003e-03
-1.251958239224e-01 -6.294019098545e-01 -7.669284461695e-01
2.271144982452e-03
1.251958239224e-01 -6.294019098545e-01 -7.669284461695e-01
2.327643440223e-03
1.561334271760e-01 -5.826978829809e-01 -7.975497038354e-01
6.664373129524e-04
3.702361422900e-01 -5.540975440982e-01 -7.455877618138e-01
1.160279640150e-03
4.167473548937e-01 -4.167473548937e-01 -8.078634070053e-01
6.608441666686e-04
5.540975440982e-01 -3.702361422900e-01 -7.455877618138e-01
2.648251461878e-03
5.826978829809e-01 -1.561334271760e-01 -7.975497038354e-01
2.390609034560e-03
6.294019098545e-01 -1.251958239224e-01 -7.669284461695e-01
2.349876834631e-03
4.676807377994e-01 1.253146760089e-01 -8.749691191512e-01
1.688385940808e-03
3.919257715109e-01 1.623409700034e-01 -9.055603784861e-01
8.956102331978e-04
3.639082454411e-01 3.639082454411e-01 -8.574039758480e-01
9.620226523597e-04
1.623409700034e-01 3.919257715109e-01 -9.055603784861e-01
1.223768106739e-03
1.253146760089e-01 4.676807377994e-01 -8.749691191512e-01
2.345687396259e-03
-1.253146760089e-01 4.676807377994e-01 -8.749691191512e-01
2.177705949838e-03
-1.623409700034e-01 3.919257715109e-01 -9.055603784861e-01
2.244056659696e-03
-3.639082454411e-01 3.639082454411e-01 -8.574039758480e-01
2.585532262322e-03
-3.919257715109e-01 1.623409700034e-01 -9.055603784861e-01
2.649973399218e-03
-4.676807377994e-01 1.253146760089e-01 -8.749691191512e-01
1.786104121278e-03
-4.676807377994e-01 -1.253146760089e-01 -8.749691191512e-01
1.298446691152e-03
-3.919257715109e-01 -1.623409700034e-01 -9.055603784861e-01
8.977158821532e-04
-3.639082454411e-01 -3.639082454411e-01 -8.574039758480e-01
9.476422430845e-04
-1.623409700034e-01 -3.919257715109e-01 -9.055603784861e-01
1.252111070636e-03
-1.253146760089e-01 -4.676807377994e-01 -8.749691191512e-01
1.976877617821e-03
1.253146760089e-01 -4.676807377994e-01 -8.749691191512e-01
1.918850430977e-03
1.623409700034e-01 -3.919257715109e-01 -9.055603784861e-01
1.519249916118e-03
3.639082454411e-01 -3.639082454411e-01 -8.574039758480e-01
2.662668979400e-03
3.919257715109e-01 -1.623409700034e-01 -9.055603784861e-01
2.888158516348e-03
4.676807377994e-01 -1.253146760089e-01 -8.749691191512e-01
7.704430820796e-04
2.882087470797e-01 1.193799718350e-01 -9.500969110735e-01
4.847443367766e-04
1.601449967080e-01 1.601449967080e-01 -9.740159957921e-01
5.092395565321e-04
1.193799718350e-01 2.882087470797e-01 -9.500969110735e-01
8.846953250707e-04
-1.193799718350e-01 2.882087470797e-01 -9.500969110735e-01
7.087761659597e-04
-1.601449967080e-01 1.601449967080e-01 -9.740159957921e-01
1.069945373467e-03
-2.882087470797e-01 1.193799718350e-01 -9.500969110735e-01
5.925895189468e-04
-2.882087470797e-01 -1.193799718350e-01 -9.500969110735e-01
4.146455793328e-04
-1.601449967080e-01 -1.601449967080e-01 -9.740159957921e-01
4.792206997819e-04
-1.193799718350e-01 -2.882087470797e-01 -9.500969110735e-01
9.003272816305e-04
1.193799718350e-01 -2.882087470797e-01 -9.500969110735e-01
7.893282637127e-04
1.601449967080e-01 -1.601449967080e-01 -9.740159957921e-01
1.228477046661e-03
2.882087470797e-01 -1.193799718350e-01 -9.500969110735e-01
1.943222780288e-04
9.754966309535e-02 9.754966309535e-02 -9.904383506609e-01
2.173159889710e-04
-9.754966309535e-02 9.754966309535e-02 -9.904383506609e-01
1.748137082301e-04
-9.754966309535e-02 -9.754966309535e-02 -9.904383506609e-01
2.409689525477e-04
9.754966309535e-02 -9.754966309535e-02 -9.904383506609e-01
4.130134386592e+00
-3.496877273437e-02 -6.822005205119e-01 -7.303284430630e-01
