513
1.084770480636e-02
9.754966309535e-02 9.754966309535e-02 9.904383506609e-01
1.210178395191e-02
-9.754966309535e-02 9.754966309535e-02 9.904383506609e-01
8.926959443902e-03
-9.754966309535e-02 -9.754966309535e-02 9.904383506609e-01
1.550898076862e-02
9.754966309535e-02 -9.754966309535e-02 9.904383506609e-01
4.044466584376e-02
2.882087470797e-01 1.193799718350e-01 9.500969110735e-01
2.732815620010e-02
1.601449967080e-01 1.601449967080e-01 9.740159957921e-01
3.541265686623e-02
1.193799718350e-01 2.882087470797e-01 9.500969110735e-01
8.075461756928e-02
-1.193799718350e-01 2.882087470797e-01 9.500969110735e-01
4.450801520959e-02
-1.601449967080e-01 1.601449967080e-01 9.740159957921e-01
5.273938002177e-02
-2.882087470797e-01 1.193799718350e-01 9.500969110735e-01
2.643269164705e-02
-2.882087470797e-01 -1.193799718350e-01 9.500969110735e-01
2.182206776408e-02
-1.601449967080e-01 -1.601449967080e-01 9.740159957921e-01
3.202452052500e-02
-1.193799718350e-01 -2.882087470797e-01 9.500969110735e-01
9.207886670840e-02
1.193799718350e-01 -2.882087470797e-01 9.500969110735e-01
6.649941696881e-02
1.601449967080e-01 -1.601449967080e-01 9.740159957921e-01
1.176053183892e-01
2.882087470797e-01 -1.193799718350e-01 9.500969110735e-01
8.619192495194e-02
4.676807377994e-01 1.253146760089e-01 8.749691191512e-01
6.782176245738e-02
3.919257715109e-01 1.623409700034e-01 9.055603784861e-01
2.209221163875e-02
3.639082454411e-01 3.639082454411e-01 8.574039758480e-01
6.262673199953e-02
1.623409700034e-01 3.919257715109e-01 9.055603784861e-01
8.936294881691e-02
1.253146760089e-01 4.676807377994e-01 8.749691191512e-01
2.486935177548e-01
-1.253146760089e-01 4.676807377994e-01 8.749691191512e-01
2.241483581509e-01
-1.623409700034e-01 3.919257715109e-01 9.055603784861e-01
9.759665539978e-02
-3.639082454411e-01 3.639082454411e-01 8.574039758480e-01
1.002886958693e-01
-3.919257715109e-01 1.623409700034e-01 9.055603784861e-01
7.425292546775e-02
-4.676807377994e-01 1.253146760089e-01 8.749691191512e-01
4.865959489448e-02
-4.676807377994e-01 -1.253146760089e-01 8.749691191512e-01
4.736142439747e-02
-3.919257715109e-01 -1.623409700034e-01 9.055603784861e-01
3.545125128740e-02
-3.639082454411e-01 -3.639082454411e-01 8.574039758480e-01
6.398483388952e-02
-1.623409700034e-01 -3.919257715109e-01 9.055603784861e-01
8.243828337208e-02
-1.253146760089e-01 -4.676807377994e-01 8.749691191512e-01
1.983149978613e-01
1.253146760089e-01 -4.676807377994e-01 8.749691191512e-01
2.327098397369e-01
1.623409700034e-01 -3.919257715109e-01 9.055603784861e-01
2.018244373634e-01
3.639082454411e-01 -3.639082454411e-01 8.574039758480e-01
2.858622480883e-01
3.919257715109e-01 -1.623409700034e-01 9.055603784861e-01
2.259777469535e-01
4.676807377994e-01 -1.253146760089e-01 8.749691191512e-01
4.901325012614e-02
6.294019098545e-01 1.251958239224e-01 7.669284461695e-01
6.152092331835e-02
5.826978829809e-01 1.561334271760e-01 7.975497038354e-01
1.085162946433e-02
5.540975440982e-01 3.702361422900e-01 7.455877618138e-01
1.570893076014e-02
4.167473548937e-01 4.167473548937e-01 8.078634070053e-01
8.496931909720e-03
3.702361422900e-01 5.540975440982e-01 7.455877618138e-01
7.924915366164e-02
1.561334271760e-01 5.826978829809e-01 7.975497038354e-01
8.023492844683e-02
1.251958239224e-01 6.294019098545e-01 7.669284461695e-01
1.382428124965e-01
-1.251958239224e-01 6.294019098545e-01 7.669284461695e-01
1.895029424357e-01
-1.561334271760e-01 5.826978829809e-01 7.975497038354e-01
2.080624614905e-02
-3.702361422900e-01 5.540975440982e-01 7.455877618138e-01
5.276577507910e-02
-4.167473548937e-01 4.167473548937e-01 8.078634070053e-01
1.139920739058e-02
-5.540975440982e-01 3.702361422900e-01 7.455877618138e-01
3.671633899682e-02
-5.826978829809e-01 1.561334271760e-01 7.975497038354e-01
2.277052897558e-02
-6.294019098545e-01 1.251958239224e-01 7.669284461695e-01
2.416958296898e-02
-6.294019098545e-01 -1.251958239224e-01 7.669284461695e-01
3.468876886534e-02
-5.826978829809e-01 -1.561334271760e-01 7.975497038354e-01
1.622855666781e-02
-5.540975440982e-01 -3.702361422900e-01 7.455877618138e-01
3.345840148593e-02
-4.167473548937e-01 -4.167473548937e-01 8.078634070053e-01
2.377727724127e-02
-3.702361422900e-01 -5.540975440982e-01 7.455877618138e-01
7.846953599470e-02
-1.561334271760e-01 -5.826978829809e-01 7.975497038354e-01
6.641177113454e-02
-1.251958239224e-01 -6.294019098545e-01 7.669284461695e-01
8.687472966853e-02
1.251958239224e-01 -6.294019098545e-01 7.669284461695e-01
1.340930989129e-01
1.561334271760e-01 -5.826978829809e-01 7.975497038354e-01
3.439553658457e-02
3.702361422900e-01 -5.540975440982e-01 7.455877618138e-01
1.077375841341e-01
4.167473548937e-01 -4.167473548937e-01 8.078634070053e-01
1.902938139059e-02
5.540975440982e-01 -3.702361422900e-01 7.455877618138e-01
8.636958035373e-02
5.826978829809e-01 -1.561334271760e-01 7.975497038354e-01
4.451323291012e-02
6.294019098545e-01 -1.251958239224e-01 7.669284461695e-01
1.310178681171e-02
7.672811492985e-01 1.215253954032e-01 6.296913658319e-01
1.871541047706e-02
7.391018449059e-01 1.470164977049e-01 6.573542517237e-01
9.854089819854e-03
7.068204811699e-01 3.601430233799e-01 6.088528640891e-01
7.333204009346e-03
6.161513066557e-01 4.116991408334e-01 6.714621245786e-01
2.414559107702e-03
5.648368665729e-01 5.648368665729e-01 6.015967323051e-01
4.376720998955e-03
4.116991408334e-01 6.161513066557e-01 6.714621245786e-01
4.017004639853e-03
3.601430233799e-01 7.068204811699e-01 6.088528640891e-01
3.169364117989e-02
1.470164977049e-01 7.391018449059e-01 6.573542517237e-01
2.648881800564e-02
1.215253954032e-01 7.672811492985e-01 6.296913658319e-01
2.076113192932e-02
-1.215253954032e-01 7.672811492985e-01 6.296913658319e-01
2.847384381872e-02
-1.470164977049e-01 7.391018449059e-01 6.573542517237e-01
2.422126221069e-03
-3.601430233799e-01 7.068204811699e-01 6.088528640891e-01
4.947428468597e-03
-4.116991408334e-01 6.161513066557e-01 6.714621245786e-01
1.325828417108e-03
-5.648368665729e-01 5.648368665729e-01 6.015967323051e-01
3.988112457702e-03
-6.161513066557e-01 4.116991408334e-01 6.714621245786e-01
2.882932287552e-03
-7.068204811699e-01 3.601430233799e-01 6.088528640891e-01
6.751465590979e-03
-7.391018449059e-01 1.470164977049e-01 6.573542517237e-01
5.288489445358e-03
-7.672811492985e-01 1.215253954032e-01 6.296913658319e-01
6.012689504206e-03
-7.672811492985e-01 -1.215253954032e-01 6.296913658319e-01
8.259922052971e-03
-7.391018449059e-01 -1.470164977049e-01 6.573542517237e-01
5.265922959937e-03
-7.068204811699e-01 -3.601430233799e-01 6.088528640891e-01
9.354978897875e-03
-6.161513066557e-01 -4.116991408334e-01 6.714621245786e-01
6.052008039163e-03
-5.648368665729e-01 -5.648368665729e-01 6.015967323051e-01
1.471595360383e-02
-4.116991408334e-01 -6.161513066557e-01 6.714621245786e-01
1.103557969506e-02
-3.601430233799e-01 -7.068204811699e-01 6.088528640891e-01
2.740725468184e-02
-1.470164977049e-01 -7.391018449059e-01 6.573542517237e-01
2.046870214368e-02
-1.215253954032e-01 -7.672811492985e-01 6.296913658319e-01
1.604031199021e-02
1.215253954032e-01 -7.672811492985e-01 6.296913658319e-01
2.231173051315e-02
1.470164977049e-01 -7.391018449059e-01 6.573542517237e-01
5.911088943012e-03
3.601430233799e-01 -7.068204811699e-01 6.088528640891e-01
1.014488186466e-02
4.116991408334e-01 -6.161513066557e-01 6.714621245786e-01
1.987429623417e-03
5.648368665729e-01 -5.648368665729e-01 6.015967323051e-01
3.785929322889e-03
6.161513066557e-01 -4.116991408334e-01 6.714621245786e-01
1.004762753440e-03
7.068204811699e-01 -3.601430233799e-01 6.088528640891e-01
4.634141438891e-03
7.391018449059e-01 -1.470164977049e-01 6.573542517237e-01
3.089989253920e-03
7.672811492985e-01 -1.215253954032e-01 6.296913658319e-01
8.057964733360e-03
8.760361683356e-01 1.153323495383e-01 4.682510874711e-01
1.001804199284e-02
8.601281586402e-01 1.362309170136e-01 4.915492731800e-01
2.726481595133e-02
8.251449107228e-01 3.417862129445e-01 4.497978000716e-01
1.583543568825e-02
7.686052897440e-01 3.916239557406e-01 5.058424516267e-01
9.006725296378e-03
7.122991943291e-01 5.465663953244e-01 4.403351374353e-01
2.838230772942e-03
6.080166031672e-01 6.080166031672e-01 5.105209305662e-01
2.340175216818e-03
5.465663953244e-01 7.122991943291e-01 4.403351374353e-01
2.928498950196e-03
3.916239557406e-01 7.686052897440e-01 5.058424516267e-01
3.656513326947e-03
3.417862129445e-01 8.251449107228e-01 4.497978000716e-01
1.026744080866e-02
1.362309170136e-01 8.601281586402e-01 4.915492731800e-01
8.727471129219e-03
1.153323495383e-01 8.760361683356e-01 4.682510874711e-01
3.767211655613e-03
-1.153323495383e-01 8.760361683356e-01 4.682510874711e-01
4.193492183923e-03
-1.362309170136e-01 8.601281586402e-01 4.915492731800e-01
7.608661911222e-04
-3.417862129445e-01 8.251449107228e-01 4.497978000716e-01
8.534648832201e-04
-3.916239557406e-01 7.686052897440e-01 5.058424516267e-01
9.790586400312e-04
-5.465663953244e-01 7.122991943291e-01 4.403351374353e-01
1.263698702983e-03
-6.080166031672e-01 6.080166031672e-01 5.105209305662e-01
4.707076353522e-03
-7.122991943291e-01 5.465663953244e-01 4.403351374353e-01
4.465918118619e-03
-7.686052897440e-01 3.916239557406e-01 5.058424516267e-01
8.787347642726e-03
-8.251449107228e-01 3.417862129445e-01 4.497978000716e-01
5.210155233140e-03
-8.601281586402e-01 1.362309170136e-01 4.915492731800e-01
5.214158570053e-03
-8.760361683356e-01 1.153323495383e-01 4.682510874711e-01
3.648384959533e-03
-8.760361683356e-01 -1.153323495383e-01 4.682510874711e-01
3.826311668222e-03
-8.601281586402e-01 -1.362309170136e-01 4.915492731800e-01
3.944888734431e-03
-8.251449107228e-01 -3.417862129445e-01 4.497978000716e-01
4.186587121278e-03
-7.686052897440e-01 -3.916239557406e-01 5.058424516267e-01
4.683206350373e-03
-7.122991943291e-01 -5.465663953244e-01 4.403351374353e-01
5.109869285089e-03
-6.080166031672e-01 -6.080166031672e-01 5.105209305662e-01
5.585762410103e-03
-5.465663953244e-01 -7.122991943291e-01 4.403351374353e-01
7.844965427971e-03
-3.916239557406e-01 -7.686052897440e-01 5.058424516267e-01
7.336871452472e-03
-3.417862129445e-01 -8.251449107228e-01 4.497978000716e-01
9.186030799916e-03
-1.362309170136e-01 -8.601281586402e-01 4.915492731800e-01
7.714199690691e-03
-1.153323495383e-01 -8.760361683356e-01 4.682510874711e-01
5.483422744175e-03
1.153323495383e-01 -8.760361683356e-01 4.682510874711e-01
6.143656860244e-03
1.362309170136e-01 -8.601281586402e-01 4.915492731800e-01
4.495096402602e-03
3.417862129445e-01 -8.251449107228e-01 4.497978000716e-01
4.064459188457e-03
3.916239557406e-01 -7.686052897440e-01 5.058424516267e-01
4.130373209169e-03
5.465663953244e-01 -7.122991943291e-01 4.403351374353e-01
1.732183361941e-03
6.080166031672e-01 -6.080166031672e-01 5.105209305662e-01
1.546718740137e-03
7.122991943291e-01 -5.465663953244e-01 4.403351374353e-01
5.091796384345e-04
7.686052897440e-01 -3.916239557406e-01 5.058424516267e-01
4.553780568775e-04
8.251449107228e-01 -3.417862129445e-01 4.497978000716e-01
8.396009670754e-04
8.601281586402e-01 -1.362309170136e-01 4.915492731800e-01
8.807089394244e-04
8.760361683356e-01 -1.153323495383e-01 4.682510874711e-01
2.193988302817e-02
9.514259489692e-01 1.071999587676e-01 2.886119063178e-01
2.487873776982e-02
9.435493257921e-01 1.242206253374e-01 3.070568449620e-01
1.544659855053e-01
9.079183105646e-01 3.176943572541e-01 2.734129417392e-01
1.171659786605e-01
8.754336959030e-01 3.626165098014e-01 3.195701971352e-01
1.228937061143e-01
8.166418539992e-01 5.131300862176e-01 2.641847779778e-01
3.346112904906e-02
7.500752876024e-01 5.755530111934e-01 3.257695416003e-01
2.083518440641e-02
6.825802229792e-01 6.825802229792e-01 2.610909389377e-01
5.582745756874e-03
5.755530111934e-01 7.500752876024e-01 3.257695416003e-01
6.272189725012e-03
5.131300862176e-01 8.166418539992e-01 2.641847779778e-01
5.377806427894e-03
3.626165098014e-01 8.754336959030e-01 3.195701971352e-01
6.549028851784e-03
3.176943572541e-01 9.079183105646e-01 2.734129417392e-01
7.135061100383e-03
1.242206253374e-01 9.435493257921e-01 3.070568449620e-01
6.350604976626e-03
1.071999587676e-01 9.514259489692e-01 2.886119063178e-01
2.316952597546e-03
-1.071999587676e-01 9.514259489692e-01 2.886119063178e-01
2.283229403835e-03
-1.242206253374e-01 9.435493257921e-01 3.070568449620e-01
1.073401652275e-03
-3.176943572541e-01 9.079183105646e-01 2.734129417392e-01
9.592946227022e-04
-3.626165098014e-01 8.754336959030e-01 3.195701971352e-01
3.636700335129e-03
-5.131300862176e-01 8.166418539992e-01 2.641847779778e-01
4.095637167209e-03
-5.755530111934e-01 7.500752876024e-01 3.257695416003e-01
5.037044719583e-02
-6.825802229792e-01 6.825802229792e-01 2.610909389377e-01
4.598827756734e-02
-7.500752876024e-01 5.755530111934e-01 3.257695416003e-01
2.525370273676e-01
-8.166418539992e-01 5.131300862176e-01 2.641847779778e-01
8.379171169658e-02
-8.754336959030e-01 3.626165098014e-01 3.195701971352e-01
1.321970398938e-01
-9.079183105646e-01 3.176943572541e-01 2.734129417392e-01
2.411243716174e-02
-9.435493257921e-01 1.242206253374e-01 3.070568449620e-01
2.369140014056e-02
-9.514259489692e-01 1.071999587676e-01 2.886119063178e-01
9.227499804623e-03
-9.514259489692e-01 -1.071999587676e-01 2.886119063178e-01
8.631313026620e-03
-9.435493257921e-01 -1.242206253374e-01 3.070568449620e-01
1.009277915382e-02
-9.079183105646e-01 -3.176943572541e-01 2.734129417392e-01
8.346694461276e-03
-8.754336959030e-01 -3.626165098014e-01 3.195701971352e-01
1.320077326201e-02
-8.166418539992e-01 -5.131300862176e-01 2.641847779778e-01
9.258716153552e-03
-7.500752876024e-01 -5.755530111934e-01 3.257695416003e-01
1.268417303150e-02
-6.825802229792e-01 -6.825802229792e-01 2.610909389377e-01
9.073766565361e-03
-5.755530111934e-01 -7.500752876024e-01 3.257695416003e-01
1.105397356477e-02
-5.131300862176e-01 -8.166418539992e-01 2.641847779778e-01
9.533982540940e-03
-3.626165098014e-01 -8.754336959030e-01 3.195701971352e-01
9.860656671079e-03
-3.176943572541e-01 -9.079183105646e-01 2.734129417392e-01
8.151463879501e-03
-1.242206253374e-01 -9.435493257921e-01 3.070568449620e-01
7.567528785372e-03
-1.071999587676e-01 -9.514259489692e-01 2.886119063178e-01
6.616094042455e-03
1.071999587676e-01 -9.514259489692e-01 2.886119063178e-01
6.871186433659e-03
1.242206253374e-01 -9.435493257921e-01 3.070568449620e-01
1.332248805641e-02
3.176943572541e-01 -9.079183105646e-01 2.734129417392e-01
1.222517795872e-02
3.626165098014e-01 -8.754336959030e-01 3.195701971352e-01
5.139877999674e-02
5.131300862176e-01 -8.166418539992e-01 2.641847779778e-01
2.559389974235e-02
5.755530111934e-01 -7.500752876024e-01 3.257695416003e-01
8.502326985284e-02
6.825802229792e-01 -6.825802229792e-01 2.610909389377e-01
1.233571406696e-02
7.500752876024e-01 -5.755530111934e-01 3.257695416003e-01
2.182358159722e-02
8.166418539992e-01 -5.131300862176e-01 2.641847779778e-01
2.207050986572e-03
8.754336959030e-01 -3.626165098014e-01 3.195701971352e-01
3.221356283724e-03
9.079183105646e-01 -3.176943572541e-01 2.734129417392e-01
2.307660297283e-03
9.435493257921e-01 -1.242206253374e-01 3.070568449620e-01
2.824433559130e-03
9.514259489692e-01 -1.071999587676e-01 2.886119063178e-01
7.615084877871e-02
9.904383506609e-01 9.754966309535e-02 9.754966309535e-02
9.111415219823e-02
9.875415564011e-01 1.112692104332e-01 1.112692104332e-01
4.261601875599e-01
9.534076362023e-01 2.892130445679e-01 8.584692238504e-02
5.302925382155e-01
9.369320803932e-01 3.278467144100e-01 1.211396243213e-01
6.112153546191e-01
8.792329959207e-01 4.699598274150e-01 7.801986606203e-02
4.166242324557e-01
8.398628335694e-01 5.277207947278e-01 1.270479578768e-01
1.759686208834e-01
7.708853463782e-01 6.326492539332e-01 7.409928634720e-02
6.458943068514e-02
7.011972415210e-01 7.011972415210e-01 1.290149486172e-01
3.434813021836e-02
6.326492539332e-01 7.708853463782e-01 7.409928634720e-02
1.591936338642e-02
5.277207947278e-01 8.398628335694e-01 1.270479578768e-01
1.458451233798e-02
4.699598274150e-01 8.792329959207e-01 7.801986606203e-02
1.247466517843e-02
3.278467144100e-01 9.369320803932e-01 1.211396243213e-01
1.211249161769e-02
2.892130445679e-01 9.534076362023e-01 8.584692238504e-02
9.128581863830e-03
1.112692104332e-01 9.875415564011e-01 1.112692104332e-01
7.969427350928e-03
9.754966309535e-02 9.904383506609e-01 9.754966309535e-02
3.385805469740e-03
-9.754966309535e-02 9.904383506609e-01 9.754966309535e-02
3.454503215469e-03
-1.112692104332e-01 9.875415564011e-01 1.112692104332e-01
2.715586499619e-03
-2.892130445679e-01 9.534076362023e-01 8.584692238504e-02
2.869492540157e-03
-3.278467144100e-01 9.369320803932e-01 1.211396243213e-01
1.261269367212e-02
-4.699598274150e-01 8.792329959207e-01 7.801986606203e-02
2.219440577116e-02
-5.277207947278e-01 8.398628335694e-01 1.270479578768e-01
2.312890904404e-01
-6.326492539332e-01 7.708853463782e-01 7.409928634719e-02
5.507571395387e-01
-7.011972415210e-01 7.011972415210e-01 1.290149486172e-01
2.590612364086e+00
-7.708853463782e-01 6.326492539332e-01 7.409928634720e-02
2.839019863156e+00
-8.398628335694e-01 5.277207947278e-01 1.270479578768e-01
3.484279565632e+00
-8.792329959207e-01 4.699598274150e-01 7.801986606203e-02
9.188675915873e-01
-9.369320803932e-01 3.278467144100e-01 1.211396243213e-01
6.402016213684e-01
-9.534076362023e-01 2.892130445679e-01 8.584692238504e-02
9.512031712291e-02
-9.875415564011e-01 1.112692104332e-01 1.112692104332e-01
7.831570131303e-02
-9.904383506609e-01 9.754966309535e-02 9.754966309535e-02
2.691775016564e-02
-9.904383506609e-01 -9.754966309535e-02 9.754966309535e-02
2.801778387829e-02
-9.875415564011e-01 -1.112692104332e-01 1.112692104332e-01
2.951272771723e-02
-9.534076362023e-01 -2.892130445679e-01 8.584692238504e-02
3.015014320920e-02
-9.369320803932e-01 -3.278467144100e-01 1.211396243213e-01
4.202167443863e-02
-8.792329959207e-01 -4.699598274150e-01 7.801986606203e-02
3.749722373879e-02
-8.398628335694e-01 -5.277207947278e-01 1.270479578768e-01
3.939246922939e-02
-7.708853463782e-01 -6.326492539332e-01 7.409928634720e-02
2.958041989008e-02
-7.011972415210e-01 -7.011972415210e-01 1.290149486172e-01
2.705706788731e-02
-6.326492539332e-01 -7.708853463782e-01 7.409928634719e-02
2.110972571029e-02
-5.277207947278e-01 -8.398628335694e-01 1.270479578768e-01
1.984210030774e-02
-4.699598274150e-01 -8.792329959207e-01 7.801986606203e-02
1.707146255408e-02
-3.278467144100e-01 -9.369320803932e-01 1.211396243213e-01
1.585246789807e-02
-2.892130445679e-01 -9.534076362023e-01 8.584692238503e-02
1.331418458710e-02
-1.112692104332e-01 -9.875415564011e-01 1.112692104332e-01
1.211302400268e-02
-9.754966309535e-02 -9.904383506609e-01 9.754966309535e-02
1.255215104570e-02
9.754966309535e-02 -9.904383506609e-01 9.754966309535e-02
1.392634852106e-02
1.112692104332e-01 -9.875415564011e-01 1.112692104332e-01
3.385197272194e-02
2.892130445679e-01 -9.534076362023e-01 8.584692238504e-02
4.535448403882e-02
3.278467144100e-01 -9.369320803932e-01 1.211396243213e-01
2.438280792491e-01
4.699598274150e-01 -8.792329959207e-01 7.801986606203e-02
3.718406581727e-01
5.277207947278e-01 -8.398628335694e-01 1.270479578768e-01
1.547162319365e+00
6.326492539332e-01 -7.708853463782e-01 7.409928634719e-02
1.206000095559e+00
7.011972415210e-01 -7.011972415210e-01 1.290149486172e-01
1.935535120848e+00
7.708853463782e-01 -6.326492539332e-01 7.409928634719e-02
3.897365153006e-01
8.398628335694e-01 -5.277207947278e-01 1.270479578768e-01
3.528240641695e-01
8.792329959207e-01 -4.699598274150e-01 7.801986606203e-02
4.128913887318e-02
9.369320803932e-01 -3.278467144100e-01 1.211396243213e-01
4.086472196993e-02
9.534076362023e-01 -2.892130445679e-01 8.584692238504e-02
1.993431029829e-02
9.875415564011e-01 -1.112692104332e-01 1.112692104332e-01
2.068025171372e-02
9.904383506609e-01 -9.754966309535e-02 9.754966309535e-02
6.860226521566e-02
9.904383506609e-01 9.754966309535e-02 -9.754966309535e-02
7.687842705367e-02
9.875415564011e-01 1.112692104332e-01 -1.112692104332e-01
2.621921500744e-01
9.534076362023e-01 2.892130445679e-01 -8.584692238504e-02
2.542124211256e-01
9.369320803932e-01 3.278467144100e-01 -1.211396243213e-01
3.771024787326e-01
8.792329959207e-01 4.699598274150e-01 -7.801986606203e-02
2.109444320443e-01
8.398628335694e-01 5.277207947278e-01 -1.270479578768e-01
1.362242729097e-01
7.708853463782e-01 6.326492539332e-01 -7.409928634720e-02
5.188561400533e-02
7.011972415210e-01 7.011972415210e-01 -1.290149486172e-01
3.381401990282e-02
6.326492539332e-01 7.708853463782e-01 -7.409928634720e-02
1.792506153869e-02
5.277207947278e-01 8.398628335694e-01 -1.270479578768e-01
1.615405324791e-02
4.699598274150e-01 8.792329959207e-01 -7.801986606203e-02
1.432829492947e-02
3.278467144100e-01 9.369320803932e-01 -1.211396243213e-01
1.336813232705e-02
2.892130445679e-01 9.534076362023e-01 -8.584692238504e-02
1.024744892785e-02
1.112692104332e-01 9.875415564011e-01 -1.112692104332e-01
8.905466767430e-03
9.754966309535e-02 9.904383506609e-01 -9.754966309535e-02
4.472231793646e-03
-9.754966309535e-02 9.904383506609e-01 -9.754966309535e-02
4.807023096542e-03
-1.112692104332e-01 9.875415564011e-01 -1.112692104332e-01
4.461581873023e-03
-2.892130445679e-01 9.534076362023e-01 -8.584692238504e-02
6.008852368150e-03
-3.278467144100e-01 9.369320803932e-01 -1.211396243213e-01
2.257891747029e-02
-4.699598274150e-01 8.792329959207e-01 -7.801986606203e-02
5.385344939928e-02
-5.277207947278e-01 8.398628335694e-01 -1.270479578768e-01
3.530379462232e-01
-6.326492539332e-01 7.708853463782e-01 -7.409928634719e-02
8.439738535388e-01
-7.011972415210e-01 7.011972415210e-01 -1.290149486172e-01
2.723067195956e+00
-7.708853463782e-01 6.326492539332e-01 -7.409928634720e-02
1.933726663225e+00
-8.398628335694e-01 5.277207947278e-01 -1.270479578768e-01
2.373372456356e+00
-8.792329959207e-01 4.699598274150e-01 -7.801986606203e-02
3.768998490284e-01
-9.369320803932e-01 3.278467144100e-01 -1.211396243213e-01
3.286147994663e-01
-9.534076362023e-01 2.892130445679e-01 -8.584692238504e-02
4.535499977886e-02
-9.875415564011e-01 1.112692104332e-01 -1.112692104332e-01
4.155633269680e-02
-9.904383506609e-01 9.754966309535e-02 -9.754966309535e-02
2.083841679811e-02
-9.904383506609e-01 -9.754966309535e-02 -9.754966309535e-02
2.164455912575e-02
-9.875415564011e-01 -1.112692104332e-01 -1.112692104332e-01
3.205422001062e-02
-9.534076362023e-01 -2.892130445679e-01 -8.584692238504e-02
3.555151828589e-02
-9.369320803932e-01 -3.278467144100e-01 -1.211396243213e-01
4.974363211156e-02
-8.792329959207e-01 -4.699598274150e-01 -7.801986606203e-02
4.710863833132e-02
-8.398628335694e-01 -5.277207947278e-01 -1.270479578768e-01
4.281733637250e-02
-7.708853463782e-01 -6.326492539332e-01 -7.409928634720e-02
3.022323390613e-02
-7.011972415210e-01 -7.011972415210e-01 -1.290149486172e-01
2.646452536452e-02
-6.326492539332e-01 -7.708853463782e-01 -7.409928634719e-02
1.920106302621e-02
-5.277207947278e-01 -8.398628335694e-01 -1.270479578768e-01
1.904351780767e-02
-4.699598274150e-01 -8.792329959207e-01 -7.801986606203e-02
1.710349118303e-02
-3.278467144100e-01 -9.369320803932e-01 -1.211396243213e-01
1.630931805434e-02
-2.892130445679e-01 -9.534076362023e-01 -8.584692238503e-02
1.459607204465e-02
-1.112692104332e-01 -9.875415564011e-01 -1.112692104332e-01
1.318644959696e-02
-9.754966309535e-02 -9.904383506609e-01 -9.754966309535e-02
1.276602443806e-02
9.754966309535e-02 -9.904383506609e-01 -9.754966309535e-02
1.399753291823e-02
1.112692104332e-01 -9.875415564011e-01 -1.112692104332e-01
3.101748072090e-02
2.892130445679e-01 -9.534076362023e-01 -8.584692238504e-02
3.901456129326e-02
3.278467144100e-01 -9.369320803932e-01 -1.211396243213e-01
2.301096879010e-01
4.699598274150e-01 -8.792329959207e-01 -7.801986606203e-02
3.649129191796e-01
5.277207947278e-01 -8.398628335694e-01 -1.270479578768e-01
1.839620451699e+00
6.326492539332e-01 -7.708853463782e-01 -7.409928634719e-02
2.115619877217e+00
7.011972415210e-01 -7.011972415210e-01 -1.290149486172e-01
3.302591731293e+00
7.708853463782e-01 -6.326492539332e-01 -7.409928634719e-02
1.289948802314e+00
8.398628335694e-01 -5.277207947278e-01 -1.270479578768e-01
8.215153124216e-01
8.792329959207e-01 -4.699598274150e-01 -7.801986606203e-02
1.472494196284e-01
9.369320803932e-01 -3.278467144100e-01 -1.211396243213e-01
9.935126653132e-02
9.534076362023e-01 -2.892130445679e-01 -8.584692238504e-02
3.807306876213e-02
9.875415564011e-01 -1.112692104332e-01 -1.112692104332e-01
3.524415357587e-02
9.904383506609e-01 -9.754966309535e-02 -9.754966309535e-02
1.194142747119e-02
9.514259489692e-01 1.071999587676e-01 -2.886119063178e-01
1.119407983273e-02
9.435493257921e-01 1.242206253374e-01 -3.070568449620e-01
3.334434135341e-02
9.079183105646e-01 3.176943572541e-01 -2.734129417392e-01
1.977574187868e-02
8.754336959030e-01 3.626165098014e-01 -3.195701971352e-01
3.412188180617e-02
8.166418539992e-01 5.131300862176e-01 -2.641847779778e-01
1.107689278506e-02
7.500752876024e-01 5.755530111934e-01 -3.257695416003e-01
1.356596919013e-02
6.825802229792e-01 6.825802229792e-01 -2.610909389377e-01
5.093647602683e-03
5.755530111934e-01 7.500752876024e-01 -3.257695416003e-01
7.174334636833e-03
5.131300862176e-01 8.166418539992e-01 -2.641847779778e-01
5.764504062949e-03
3.626165098014e-01 8.754336959030e-01 -3.195701971352e-01
7.251227026113e-03
3.176943572541e-01 9.079183105646e-01 -2.734129417392e-01
6.435576139321e-03
1.242206253374e-01 9.435493257921e-01 -3.070568449620e-01
6.087776895904e-03
1.071999587676e-01 9.514259489692e-01 -2.886119063178e-01
3.374513681204e-03
-1.071999587676e-01 9.514259489692e-01 -2.886119063178e-01
3.365999522126e-03
-1.242206253374e-01 9.435493257921e-01 -3.070568449620e-01
3.457808580715e-03
-3.176943572541e-01 9.079183105646e-01 -2.734129417392e-01
3.475660520624e-03
-3.626165098014e-01 8.754336959030e-01 -3.195701971352e-01
1.527496167271e-02
-5.131300862176e-01 8.166418539992e-01 -2.641847779778e-01
1.437838868478e-02
-5.755530111934e-01 7.500752876024e-01 -3.257695416003e-01
9.801663007806e-02
-6.825802229792e-01 6.825802229792e-01 -2.610909389377e-01
3.729081783084e-02
-7.500752876024e-01 5.755530111934e-01 -3.257695416003e-01
1.221522335564e-01
-8.166418539992e-01 5.131300862176e-01 -2.641847779778e-01
1.497007856767e-02
-8.754336959030e-01 3.626165098014e-01 -3.195701971352e-01
2.356984520678e-02
-9.079183105646e-01 3.176943572541e-01 -2.734129417392e-01
4.237400115117e-03
-9.435493257921e-01 1.242206253374e-01 -3.070568449620e-01
4.681695398299e-03
-9.514259489692e-01 1.071999587676e-01 -2.886119063178e-01
4.839655275154e-03
-9.514259489692e-01 -1.071999587676e-01 -2.886119063178e-01
4.758765827688e-03
-9.435493257921e-01 -1.242206253374e-01 -3.070568449620e-01
1.209719797845e-02
-9.079183105646e-01 -3.176943572541e-01 -2.734129417392e-01
1.020330733223e-02
-8.754336959030e-01 -3.626165098014e-01 -3.195701971352e-01
1.689551377428e-02
-8.166418539992e-01 -5.131300862176e-01 -2.641847779778e-01
8.819049837760e-03
-7.500752876024e-01 -5.755530111934e-01 -3.257695416003e-01
1.098584731359e-02
-6.825802229792e-01 -6.825802229792e-01 -2.610909389377e-01
5.293159720740e-03
-5.755530111934e-01 -7.500752876024e-01 -3.257695416003e-01
7.669834565557e-03
-5.131300862176e-01 -8.166418539992e-01 -2.641847779778e-01
6.226637063016e-03
-3.626165098014e-01 -8.754336959030e-01 -3.195701971352e-01
8.002686030701e-03
-3.176943572541e-01 -9.079183105646e-01 -2.734129417392e-01
7.343514767855e-03
-1.242206253374e-01 -9.435493257921e-01 -3.070568449620e-01
7.184900627587e-03
-1.071999587676e-01 -9.514259489692e-01 -2.886119063178e-01
5.178306747057e-03
1.071999587676e-01 -9.514259489692e-01 -2.886119063178e-01
4.922156817883e-03
1.242206253374e-01 -9.435493257921e-01 -3.070568449620e-01
7.894587567083e-03
3.176943572541e-01 -9.079183105646e-01 -2.734129417392e-01
5.891034476986e-03
3.626165098014e-01 -8.754336959030e-01 -3.195701971352e-01
3.917218564057e-02
5.131300862176e-01 -8.166418539992e-01 -2.641847779778e-01
2.204938655525e-02
5.755530111934e-01 -7.500752876024e-01 -3.257695416003e-01
1.771261172067e-01
6.825802229792e-01 -6.825802229792e-01 -2.610909389377e-01
4.822931744494e-02
7.500752876024e-01 -5.755530111934e-01 -3.257695416003e-01
1.415790634038e-01
8.166418539992e-01 -5.131300862176e-01 -2.641847779778e-01
1.966928774732e-02
8.754336959030e-01 -3.626165098014e-01 -3.195701971352e-01
2.700794097466e-02
9.079183105646e-01 -3.176943572541e-01 -2.734129417392e-01
7.354091890033e-03
9.435493257921e-01 -1.242206253374e-01 -3.070568449620e-01
8.106108946201e-03
9.514259489692e-01 -1.071999587676e-01 -2.886119063178e-01
1.750060539532e-03
8.760361683356e-01 1.153323495383e-01 -4.682510874711e-01
1.677094032589e-03
8.601281586402e-01 1.362309170136e-01 -4.915492731800e-01
3.067587992301e-03
8.251449107228e-01 3.417862129445e-01 -4.497978000716e-01
1.820837737490e-03
7.686052897440e-01 3.916239557406e-01 -5.058424516267e-01
2.366256617502e-03
7.122991943291e-01 5.465663953244e-01 -4.403351374353e-01
1.125001650433e-03
6.080166031672e-01 6.080166031672e-01 -5.105209305662e-01
1.680894306534e-03
5.465663953244e-01 7.122991943291e-01 -4.403351374353e-01
1.657035937443e-03
3.916239557406e-01 7.686052897440e-01 -5.058424516267e-01
2.461956018300e-03
3.417862129445e-01 8.251449107228e-01 -4.497978000716e-01
3.314895326065e-03
1.362309170136e-01 8.601281586402e-01 -4.915492731800e-01
3.294288082120e-03
1.153323495383e-01 8.760361683356e-01 -4.682510874711e-01
2.078632898476e-03
-1.153323495383e-01 8.760361683356e-01 -4.682510874711e-01
2.028252179357e-03
-1.362309170136e-01 8.601281586402e-01 -4.915492731800e-01
1.412484716798e-03
-3.417862129445e-01 8.251449107228e-01 -4.497978000716e-01
1.147830130743e-03
-3.916239557406e-01 7.686052897440e-01 -5.058424516267e-01
2.309743987635e-03
-5.465663953244e-01 7.122991943291e-01 -4.403351374353e-01
1.175435419992e-03
-6.080166031672e-01 6.080166031672e-01 -5.105209305662e-01
2.959418802323e-03
-7.122991943291e-01 5.465663953244e-01 -4.403351374353e-01
8.290516559058e-04
-7.686052897440e-01 3.916239557406e-01 -5.058424516267e-01
1.261029823458e-03
-8.251449107228e-01 3.417862129445e-01 -4.497978000716e-01
6.451053621897e-04
-8.601281586402e-01 1.362309170136e-01 -4.915492731800e-01
6.943921133453e-04
-8.760361683356e-01 1.153323495383e-01 -4.682510874711e-01
1.375361821874e-03
-8.760361683356e-01 -1.153323495383e-01 -4.682510874711e-01
1.487267434091e-03
-8.601281586402e-01 -1.362309170136e-01 -4.915492731800e-01
3.109851932810e-03
-8.251449107228e-01 -3.417862129445e-01 -4.497978000716e-01
2.321377063769e-03
-7.686052897440e-01 -3.916239557406e-01 -5.058424516267e-01
2.683541376185e-03
-7.122991943291e-01 -5.465663953244e-01 -4.403351374353e-01
1.321334491234e-03
-6.080166031672e-01 -6.080166031672e-01 -5.105209305662e-01
1.833318856193e-03
-5.465663953244e-01 -7.122991943291e-01 -4.403351374353e-01
1.683785437744e-03
-3.916239557406e-01 -7.686052897440e-01 -5.058424516267e-01
2.520935734507e-03
-3.417862129445e-01 -8.251449107228e-01 -4.497978000716e-01
3.236572493983e-03
-1.362309170136e-01 -8.601281586402e-01 -4.915492731800e-01
3.232957709234e-03
-1.153323495383e-01 -8.760361683356e-01 -4.682510874711e-01
1.753411401981e-03
1.153323495383e-01 -8.760361683356e-01 -4.682510874711e-01
1.576765667533e-03
1.362309170136e-01 -8.601281586402e-01 -4.915492731800e-01
1.028807925404e-03
3.417862129445e-01 -8.251449107228e-01 -4.497978000716e-01
6.081743781519e-04
3.916239557406e-01 -7.686052897440e-01 -5.058424516267e-01
1.716990862258e-03
5.465663953244e-01 -7.122991943291e-01 -4.403351374353e-01
7.049564406764e-04
6.080166031672e-01 -6.080166031672e-01 -5.105209305662e-01
2.884794390053e-03
7.122991943291e-01 -5.465663953244e-01 -4.403351374353e-01
9.317263561445e-04
7.686052897440e-01 -3.916239557406e-01 -5.058424516267e-01
1.812901370224e-03
8.251449107228e-01 -3.417862129445e-01 -4.497978000716e-01
9.977156584246e-04
8.601281586402e-01 -1.362309170136e-01 -4.915492731800e-01
1.129024130261e-03
8.760361683356e-01 -1.153323495383e-01 -4.682510874711e-01
1.034135905344e-03
7.672811492985e-01 1.215253954032e-01 -6.296913658319e-01
1.207444843430e-03
7.391018449059e-01 1.470164977049e-01 -6.573542517237e-01
9.535207269622e-04
7.068204811699e-01 3.601430233799e-01 -6.088528640891e-01
8.658780988178e-04
6.161513066557e-01 4.116991408334e-01 -6.714621245786e-01
6.806940710744e-04
5.648368665729e-01 5.648368665729e-01 -6.015967323051e-01
8.657826320255e-04
4.116991408334e-01 6.161513066557e-01 -6.714621245786e-01
1.090955734711e-03
3.601430233799e-01 7.068204811699e-01 -6.088528640891e-01
2.251093934638e-03
1.470164977049e-01 7.391018449059e-01 -6.573542517237e-01
2.288948534433e-03
1.215253954032e-01 7.672811492985e-01 -6.296913658319e-01
1.861141899980e-03
-1.215253954032e-01 7.672811492985e-01 -6.296913658319e-01
1.917201951781e-03
-1.470164977049e-01 7.391018449059e-01 -6.573542517237e-01
8.449994476158e-04
-3.601430233799e-01 7.068204811699e-01 -6.088528640891e-01
8.515742331380e-04
-4.116991408334e-01 6.161513066557e-01 -6.714621245786e-01
5.605754229162e-04
-5.648368665729e-01 5.648368665729e-01 -6.015967323051e-01
5.799660976095e-04
-6.161513066557e-01 4.116991408334e-01 -6.714621245786e-01
4.326752702163e-04
-7.068204811699e-01 3.601430233799e-01 -6.088528640891e-01
7.209757678552e-04
-7.391018449059e-01 1.470164977049e-01 -6.573542517237e-01
6.124004857310e-04
-7.672811492985e-01 1.215253954032e-01 -6.296913658319e-01
1.287891005489e-03
-7.672811492985e-01 -1.215253954032e-01 -6.296913658319e-01
1.577414383636e-03
-7.391018449059e-01 -1.470164977049e-01 -6.573542517237e-01
1.342458091367e-03
-7.068204811699e-01 -3.601430233799e-01 -6.088528640891e-01
1.062934257985e-03
-6.161513066557e-01 -4.116991408334e-01 -6.714621245786e-01
7.739761345290e-04
-5.648368665729e-01 -5.648368665729e-01 -6.015967323051e-01
8.352169445999e-04
-4.116991408334e-01 -6.161513066557e-01 -6.714621245786e-01
1.070301614262e-03
-3.601430233799e-01 -7.068204811699e-01 -6.088528640891e-01
2.247503805700e-03
-1.470164977049e-01 -7.391018449059e-01 -6.573542517237e-01
2.229147686591e-03
-1.215253954032e-01 -7.672811492985e-01 -6.296913658319e-01
1.279993511767e-03
1.215253954032e-01 -7.672811492985e-01 -6.296913658319e-01
1.261148631470e-03
1.470164977049e-01 -7.391018449059e-01 -6.573542517237e-01
3.463867875273e-04
3.601430233799e-01 -7.068204811699e-01 -6.088528640891e-01
3.288869752082e-04
4.116991408334e-01 -6.161513066557e-01 -6.714621245786e-01
2.503219350133e-04
5.648368665729e-01 -5.648368665729e-01 -6.015967323051e-01
3.252053801407e-04
6.161513066557e-01 -4.116991408334e-01 -6.714621245786e-01
3.503096110169e-04
7.068204811699e-01 -3.601430233799e-01 -6.088528640891e-01
6.740789248170e-04
7.391018449059e-01 -1.470164977049e-01 -6.573542517237e-01
6.192729108786e-04
7.672811492985e-01 -1.215253954032e-01 -6.296913658319e-01
1.757492802723e-03
6.294019098545e-01 1.251958239224e-01 -7.669284461695e-01
2.032709341804e-03
5.826978829809e-01 1.561334271760e-01 -7.975497038354e-01
9.058469116059e-04
5.540975440982e-01 3.702361422900e-01 -7.455877618138e-01
9.517302223209e-04
4.167473548937e-01 4.167473548937e-01 -8.078634070053e-01
8.128908840832e-04
3.702361422900e-01 5.540975440982e-01 -7.455877618138e-01
1.515401178567e-03
1.561334271760e-01 5.826978829809e-01 -7.975497038354e-01
1.712463910094e-03
1.251958239224e-01 6.294019098545e-01 -7.669284461695e-01
2.005779606440e-03
-1.251958239224e-01 6.294019098545e-01 -7.669284461695e-01
2.054316178010e-03
-1.561334271760e-01 5.826978829809e-01 -7.975497038354e-01
1.084058136831e-03
-3.702361422900e-01 5.540975440982e-01 -7.455877618138e-01
1.567682386835e-03
-4.167473548937e-01 4.167473548937e-01 -8.078634070053e-01
8.719722181148e-04
-5.540975440982e-01 3.702361422900e-01 -7.455877618138e-01
2.022511681992e-03
-5.826978829809e-01 1.561334271760e-01 -7.975497038354e-01
1.613741508620e-03
-6.294019098545e-01 1.251958239224e-01 -7.669284461695e-01
2.005830862610e-03
-6.294019098545e-01 -1.251958239224e-01 -7.669284461695e-01
2.089336947723e-03
-5.826978829809e-01 -1.561334271760e-01 -7.975497038354e-01
9.439948888494e-04
-5.540975440982e-01 -3.702361422900e-01 -7.455877618138e-01
8.191285185081e-04
-4.167473548937e-01 -4.167473548937e-01 -8.078634070053e-01
7.538812337397e-04
-3.702361422900e-01 -5.540975440982e-01 -7.455877618138e-01
1.692916456054e-03
-1.561334271760e-01 -5.826978829809e-01 -7.975497038354e-01
1.891309519734e-03
-1.251958239224e-01 -6.294019098545e-01 -7.669284461695e-01
1.738188354868e-03
1.251958239224e-01 -6.294019098545e-01 -7.669284461695e-01
1.852036347516e-03
1.561334271760e-01 -5.826978829809e-01 -7.975497038354e-01
5.193111733204e-04
3.702361422900e-01 -5.540975440982e-01 -7.455877618138e-01
9.981633880408e-04
4.167473548937e-01 -4.167473548937e-01 -8.078634070053e-01
4.942030275233e-04
5.540975440982e-01 -3.702361422900e-01 -7.455877618138e-01
1.691218985083e-03
5.826978829809e-01 -1.561334271760e-01 -7.975497038354e-01
1.336061605127e-03
6.294019098545e-01 -1.251958239224e-01 -7.669284461695e-01
1.720933778059e-03
4.676807377994e-01 1.253146760089e-01 -8.749691191512e-01
1.218397360007e-03
3.919257715109e-01 1.623409700034e-01 -9.055603784861e-01
7.595795671389e-04
3.639082454411e-01 3.639082454411e-01 -8.574039758480e-01
6.075287592682e-04
1.623409700034e-01 3.919257715109e-01 -9.055603784861e-01
8.175167785585e-04
1.253146760089e-01 4.676807377994e-01 -8.749691191512e-01
1.250071782693e-03
-1.253146760089e-01 4.676807377994e-01 -8.749691191512e-01
1.052970295555e-03
-1.623409700034e-01 3.919257715109e-01 -9.055603784861e-01
1.474902389412e-03
-3.639082454411e-01 3.639082454411e-01 -8.574039758480e-01
1.559707381661e-03
-3.919257715109e-01 1.623409700034e-01 -9.055603784861e-01
1.918298951588e-03
-4.676807377994e-01 1.253146760089e-01 -8.749691191512e-01
1.338244472025e-03
-4.676807377994e-01 -1.253146760089e-01 -8.749691191512e-01
8.608087761612e-04
-3.919257715109e-01 -1.623409700034e-01 -9.055603784861e-01
6.218640156553e-04
-3.639082454411e-01 -3.639082454411e-01 -8.574039758480e-01
6.766238369889e-04
-1.623409700034e-01 -3.919257715109e-01 -9.055603784861e-01
9.930262296912e-04
-1.253146760089e-01 -4.676807377994e-01 -8.749691191512e-01
1.621241055249e-03
1.253146760089e-01 -4.676807377994e-01 -8.749691191512e-01
1.497888244687e-03
1.623409700034e-01 -3.919257715109e-01 -9.055603784861e-01
1.311228180625e-03
3.639082454411e-01 -3.639082454411e-01 -8.574039758480e-01
2.011766017328e-03
3.919257715109e-01 -1.623409700034e-01 -9.055603784861e-01
2.149870978458e-03
4.676807377994e-01 -1.253146760089e-01 -8.749691191512e-01
4.518123739440e-04
2.882087470797e-01 1.193799718350e-01 -9.500969110735e-01
2.135739314834e-04
1.601449967080e-01 1.601449967080e-01 -9.740159957921e-01
2.439432602885e-04
1.193799718350e-01 2.882087470797e-01 -9.500969110735e-01
3.456902567912e-04
-1.193799718350e-01 2.882087470797e-01 -9.500969110735e-01
2.464834895452e-04
-1.601449967080e-01 1.601449967080e-01 -9.740159957921e-01
4.782707305464e-04
-2.882087470797e-01 1.193799718350e-01 -9.500969110735e-01
3.059144986339e-04
-2.882087470797e-01 -1.193799718350e-01 -9.500969110735e-01
1.854498754441e-04
-1.601449967080e-01 -1.601449967080e-01 -9.740159957921e-01
2.761238335446e-04
-1.193799718350e-01 -2.882087470797e-01 -9.500969110735e-01
5.701869154369e-04
1.193799718350e-01 -2.882087470797e-01 -9.500969110735e-01
4.134596960872e-04
1.601449967080e-01 -1.601449967080e-01 -9.740159957921e-01
7.783983364207e-04
2.882087470797e-01 -1.193799718350e-01 -9.500969110735e-01
7.171723831735e-05
9.754966309535e-02 9.754966309535e-02 -9.904383506609e-01
6.901816502018e-05
-9.754966309535e-02 9.754966309535e-02 -9.904383506609e-01
6.569071627762e-05
-9.754966309535e-02 -9.754966309535e-02 -9.904383506609e-01
1.017501190280e-04
9.754966309535e-02 -9.754966309535e-02 -9.904383506609e-01
4.833004851070e+00
3.308758036145e-01 -2.704658687857e-01 -9.040848502239e-01
