513
4.371576796226e-02
9.754966309535e-02 9.754966309535e-02 9.904383506609e-01
1.870144882976e-02
-9.754966309535e-02 9.754966309535e-02 9.904383506609e-01
2.113914811921e-02
-9.754966309535e-02 -9.754966309535e-02 9.904383506609e-01
3.828117072141e-02
9.754966309535e-02 -9.754966309535e-02 9.904383506609e-01
5.360716010857e-02
2.882087470797e-01 1.193799718350e-01 9.500969110735e-01
6.917641374082e-02
1.601449967080e-01 1.601449967080e-01 9.740159957921e-01
2.125964856060e-02
1.193799718350e-01 2.882087470797e-01 9.500969110735e-01
6.902713444869e-03
-1.193799718350e-01 2.882087470797e-01 9.500969110735e-01
1.779787232546e-02
-1.601449967080e-01 1.601449967080e-01 9.740159957921e-01
9.290796587165e-03
-2.882087470797e-01 1.193799718350e-01 9.500969110735e-01
1.195355344699e-02
-2.882087470797e-01 -1.193799718350e-01 9.500969110735e-01
2.408297708930e-02
-1.601449967080e-01 -1.601449967080e-01 9.740159957921e-01
1.123258548286e-02
-1.193799718350e-01 -2.882087470797e-01 9.500969110735e-01
1.394058516543e-02
1.193799718350e-01 -2.882087470797e-01 9.500969110735e-01
4.988180193746e-02
1.601449967080e-01 -1.601449967080e-01 9.740159957921e-01
3.887006215794e-02
2.882087470797e-01 -1.193799718350e-01 9.500969110735e-01
1.606707493098e-02
4.676807377994e-01 1.253146760089e-01 8.749691191512e-01
3.191885884809e-02
3.919257715109e-01 1.623409700034e-01 9.055603784861e-01
1.233895281467e-02
3.639082454411e-01 3.639082454411e-01 8.574039758480e-01
1.336478892372e-02
1.623409700034e-01 3.919257715109e-01 9.055603784861e-01
6.137990246273e-03
1.253146760089e-01 4.676807377994e-01 8.749691191512e-01
1.862270189260e-03
-1.253146760089e-01 4.676807377994e-01 8.749691191512e-01
3.132699489386e-03
-1.623409700034e-01 3.919257715109e-01 9.055603784861e-01
2.554158614844e-03
-3.639082454411e-01 3.639082454411e-01 8.574039758480e-01
7.252116522780e-03
-3.919257715109e-01 1.623409700034e-01 9.055603784861e-01
6.448669699424e-03
-4.676807377994e-01 1.253146760089e-01 8.749691191512e-01
6.623980437753e-03
-4.676807377994e-01 -1.253146760089e-01 8.749691191512e-01
9.070674166960e-03
-3.919257715109e-01 -1.623409700034e-01 9.055603784861e-01
5.731493146605e-03
-3.639082454411e-01 -3.639082454411e-01 8.574039758480e-01
7.453579955847e-03
-1.623409700034e-01 -3.919257715109e-01 9.055603784861e-01
4.564692377476e-03
-1.253146760089e-01 -4.676807377994e-01 8.749691191512e-01
3.191447996840e-03
1.253146760089e-01 -4.676807377994e-01 8.749691191512e-01
6.514589406309e-03
1.623409700034e-01 -3.919257715109e-01 9.055603784861e-01
5.794015965414e-03
3.639082454411e-01 -3.639082454411e-01 8.574039758480e-01
2.328543720704e-02
3.919257715109e-01 -1.623409700034e-01 9.055603784861e-01
1.476597179208e-02
4.676807377994e-01 -1.253146760089e-01 8.749691191512e-01
2.973791452315e-03
6.294019098545e-01 1.251958239224e-01 7.669284461695e-01
4.881184608286e-03
5.826978829809e-01 1.561334271760e-01 7.975497038354e-01
3.364545242953e-03
5.540975440982e-01 3.702361422900e-01 7.455877618138e-01
9.511517942450e-03
4.167473548937e-01 4.167473548937e-01 8.078634070053e-01
8.390694076350e-03
3.702361422900e-01 5.540975440982e-01 7.455877618138e-01
5.300723691299e-03
1.561334271760e-01 5.826978829809e-01 7.975497038354e-01
4.041916804256e-03
1.251958239224e-01 6.294019098545e-01 7.669284461695e-01
1.182326229192e-03
-1.251958239224e-01 6.294019098545e-01 7.669284461695e-01
1.251015231468e-03
-1.561334271760e-01 5.826978829809e-01 7.975497038354e-01
1.763760567286e-03
-3.702361422900e-01 5.540975440982e-01 7.455877618138e-01
2.961713679374e-03
-4.167473548937e-01 4.167473548937e-01 8.078634070053e-01
5.143703256987e-03
-5.540975440982e-01 3.702361422900e-01 7.455877618138e-01
7.492305861753e-03
-5.826978829809e-01 1.561334271760e-01 7.975497038354e-01
7.320878972672e-03
-6.294019098545e-01 1.251958239224e-01 7.669284461695e-01
5.381249415947e-03
-6.294019098545e-01 -1.251958239224e-01 7.669284461695e-01
5.776416904015e-03
-5.826978829809e-01 -1.561334271760e-01 7.975497038354e-01
4.735514908043e-03
-5.540975440982e-01 -3.702361422900e-01 7.455877618138e-01
6.484871511883e-03
-4.167473548937e-01 -4.167473548937e-01 8.078634070053e-01
7.293776975367e-03
-3.702361422900e-01 -5.540975440982e-01 7.455877618138e-01
4.470371674713e-03
-1.561334271760e-01 -5.826978829809e-01 7.975497038354e-01
3.684937805925e-03
-1.251958239224e-01 -6.294019098545e-01 7.669284461695e-01
1.616362016632e-03
1.251958239224e-01 -6.294019098545e-01 7.669284461695e-01
1.919838058039e-03
1.561334271760e-01 -5.826978829809e-01 7.975497038354e-01
2.754787837682e-03
3.702361422900e-01 -5.540975440982e-01 7.455877618138e-01
5.204823143288e-03
4.167473548937e-01 -4.167473548937e-01 8.078634070053e-01
5.422391697995e-03
5.540975440982e-01 -3.702361422900e-01 7.455877618138e-01
6.933785424525e-03
5.826978829809e-01 -1.561334271760e-01 7.975497038354e-01
4.660628939310e-03
6.294019098545e-01 -1.251958239224e-01 7.669284461695e-01
1.250185649143e-03
7.672811492985e-01 1.215253954032e-01 6.296913658319e-01
1.350321807612e-03
7.391018449059e-01 1.470164977049e-01 6.573542517237e-01
1.157069605899e-03
7.068204811699e-01 3.601430233799e-01 6.088528640891e-01
2.298289623943e-03
6.161513066557e-01 4.116991408334e-01 6.714621245786e-01
4.776405295577e-03
5.648368665729e-01 5.648368665729e-01 6.015967323051e-01
1.110590620795e-02
4.116991408334e-01 6.161513066557e-01 6.714621245786e-01
1.646265852845e-02
3.601430233799e-01 7.068204811699e-01 6.088528640891e-01
7.248329473350e-03
1.470164977049e-01 7.391018449059e-01 6.573542517237e-01
6.526573449418e-03
1.215253954032e-01 7.672811492985e-01 6.296913658319e-01
1.876836032447e-03
-1.215253954032e-01 7.672811492985e-01 6.296913658319e-01
1.704628781421e-03
-1.470164977049e-01 7.391018449059e-01 6.573542517237e-01
2.812313662301e-03
-3.601430233799e-01 7.068204811699e-01 6.088528640891e-01
2.948345666989e-03
-4.116991408334e-01 6.161513066557e-01 6.714621245786e-01
7.162295808741e-03
-5.648368665729e-01 5.648368665729e-01 6.015967323051e-01
7.764548377002e-03
-6.161513066557e-01 4.116991408334e-01 6.714621245786e-01
8.853207132400e-03
-7.068204811699e-01 3.601430233799e-01 6.088528640891e-01
9.285448042576e-03
-7.391018449059e-01 1.470164977049e-01 6.573542517237e-01
8.554738665323e-03
-7.672811492985e-01 1.215253954032e-01 6.296913658319e-01
6.058070968031e-03
-7.672811492985e-01 -1.215253954032e-01 6.296913658319e-01
5.993556211340e-03
-7.391018449059e-01 -1.470164977049e-01 6.573542517237e-01
4.500117880717e-03
-7.068204811699e-01 -3.601430233799e-01 6.088528640891e-01
5.407894088208e-03
-6.161513066557e-01 -4.116991408334e-01 6.714621245786e-01
8.547581452808e-03
-5.648368665729e-01 -5.648368665729e-01 6.015967323051e-01
1.173479818818e-02
-4.116991408334e-01 -6.161513066557e-01 6.714621245786e-01
1.544983009669e-02
-3.601430233799e-01 -7.068204811699e-01 6.088528640891e-01
6.279943044863e-03
-1.470164977049e-01 -7.391018449059e-01 6.573542517237e-01
5.605315471253e-03
-1.215253954032e-01 -7.672811492985e-01 6.296913658319e-01
1.995665640448e-03
1.215253954032e-01 -7.672811492985e-01 6.296913658319e-01
1.939700990349e-03
1.470164977049e-01 -7.391018449059e-01 6.573542517237e-01
3.384396102048e-03
3.601430233799e-01 -7.068204811699e-01 6.088528640891e-01
3.942257112823e-03
4.116991408334e-01 -6.161513066557e-01 6.714621245786e-01
7.617597227116e-03
5.648368665729e-01 -5.648368665729e-01 6.015967323051e-01
6.704367594229e-03
6.161513066557e-01 -4.116991408334e-01 6.714621245786e-01
5.896385386414e-03
7.068204811699e-01 -3.601430233799e-01 6.088528640891e-01
3.277324537150e-03
7.391018449059e-01 -1.470164977049e-01 6.573542517237e-01
2.716488618912e-03
7.672811492985e-01 -1.215253954032e-01 6.296913658319e-01
2.742279796169e-03
8.760361683356e-01 1.153323495383e-01 4.682510874711e-01
2.270001622182e-03
8.601281586402e-01 1.362309170136e-01 4.915492731800e-01
1.681631137943e-03
8.251449107228e-01 3.417862129445e-01 4.497978000716e-01
1.394139519759e-03
7.686052897440e-01 3.916239557406e-01 5.058424516267e-01
2.872215902214e-03
7.122991943291e-01 5.465663953244e-01 4.403351374353e-01
6.039204251519e-03
6.080166031672e-01 6.080166031672e-01 5.105209305662e-01
1.609909358425e-02
5.465663953244e-01 7.122991943291e-01 4.403351374353e-01
3.021908634206e-02
3.916239557406e-01 7.686052897440e-01 5.058424516267e-01
3.439367778528e-02
3.417862129445e-01 8.251449107228e-01 4.497978000716e-01
1.266799106929e-02
1.362309170136e-01 8.601281586402e-01 4.915492731800e-01
1.051996154497e-02
1.153323495383e-01 8.760361683356e-01 4.682510874711e-01
3.367383478903e-03
-1.153323495383e-01 8.760361683356e-01 4.682510874711e-01
3.352072845443e-03
-1.362309170136e-01 8.601281586402e-01 4.915492731800e-01
5.951472313828e-03
-3.417862129445e-01 8.251449107228e-01 4.497978000716e-01
6.295718021559e-03
-3.916239557406e-01 7.686052897440e-01 5.058424516267e-01
1.677823290601e-02
-5.465663953244e-01 7.122991943291e-01 4.403351374353e-01
1.324565902234e-02
-6.080166031672e-01 6.080166031672e-01 5.105209305662e-01
1.348489457741e-02
-7.122991943291e-01 5.465663953244e-01 4.403351374353e-01
9.621782487530e-03
-7.686052897440e-01 3.916239557406e-01 5.058424516267e-01
7.096895920137e-03
-8.251449107228e-01 3.417862129445e-01 4.497978000716e-01
8.340569532093e-03
-8.601281586402e-01 1.362309170136e-01 4.915492731800e-01
7.537583656829e-03
-8.760361683356e-01 1.153323495383e-01 4.682510874711e-01
7.858555149913e-03
-8.760361683356e-01 -1.153323495383e-01 4.682510874711e-01
7.982948849120e-03
-8.601281586402e-01 -1.362309170136e-01 4.915492731800e-01
5.557991858830e-03
-8.251449107228e-01 -3.417862129445e-01 4.497978000716e-01
5.346897437368e-03
-7.686052897440e-01 -3.916239557406e-01 5.058424516267e-01
6.364140020497e-03
-7.122991943291e-01 -5.465663953244e-01 4.403351374353e-01
1.080127665913e-02
-6.080166031672e-01 -6.080166031672e-01 5.105209305662e-01
1.823468728822e-02
-5.465663953244e-01 -7.122991943291e-01 4.403351374353e-01
2.671029810572e-02
-3.916239557406e-01 -7.686052897440e-01 5.058424516267e-01
2.766736220410e-02
-3.417862129445e-01 -8.251449107228e-01 4.497978000716e-01
1.056927681206e-02
-1.362309170136e-01 -8.601281586402e-01 4.915492731800e-01
9.129766185521e-03
-1.153323495383e-01 -8.760361683356e-01 4.682510874711e-01
3.385302572746e-03
1.153323495383e-01 -8.760361683356e-01 4.682510874711e-01
3.337430384785e-03
1.362309170136e-01 -8.601281586402e-01 4.915492731800e-01
5.447482161896e-03
3.417862129445e-01 -8.251449107228e-01 4.497978000716e-01
6.208221642850e-03
3.916239557406e-01 -7.686052897440e-01 5.058424516267e-01
1.261526761426e-02
5.465663953244e-01 -7.122991943291e-01 4.403351374353e-01
1.223989575751e-02
6.080166031672e-01 -6.080166031672e-01 5.105209305662e-01
1.107518452399e-02
7.122991943291e-01 -5.465663953244e-01 4.403351374353e-01
7.732863764806e-03
7.686052897440e-01 -3.916239557406e-01 5.058424516267e-01
6.570514668978e-03
8.251449107228e-01 -3.417862129445e-01 4.497978000716e-01
4.531446179463e-03
8.601281586402e-01 -1.362309170136e-01 4.915492731800e-01
4.617464823875e-03
8.760361683356e-01 -1.153323495383e-01 4.682510874711e-01
2.187076385356e-02
9.514259489692e-01 1.071999587676e-01 2.886119063178e-01
1.825049637242e-02
9.435493257921e-01 1.242206253374e-01 3.070568449620e-01
1.025224538972e-02
9.079183105646e-01 3.176943572541e-01 2.734129417392e-01
5.443941392028e-03
8.754336959030e-01 3.626165098014e-01 3.195701971352e-01
4.980701054951e-03
8.166418539992e-01 5.131300862176e-01 2.641847779778e-01
4.681708301057e-03
7.500752876024e-01 5.755530111934e-01 3.257695416003e-01
9.444264370578e-03
6.825802229792e-01 6.825802229792e-01 2.610909389377e-01
2.151313120848e-02
5.755530111934e-01 7.500752876024e-01 3.257695416003e-01
3.233107472272e-02
5.131300862176e-01 8.166418539992e-01 2.641847779778e-01
4.302267009994e-02
3.626165098014e-01 8.754336959030e-01 3.195701971352e-01
3.133714385006e-02
3.176943572541e-01 9.079183105646e-01 2.734129417392e-01
1.045418695265e-02
1.242206253374e-01 9.435493257921e-01 3.070568449620e-01
8.014865877354e-03
1.071999587676e-01 9.514259489692e-01 2.886119063178e-01
3.464493253458e-03
-1.071999587676e-01 9.514259489692e-01 2.886119063178e-01
3.905322542263e-03
-1.242206253374e-01 9.435493257921e-01 3.070568449620e-01
9.187152743964e-03
-3.176943572541e-01 9.079183105646e-01 2.734129417392e-01
1.245234832950e-02
-3.626165098014e-01 8.754336959030e-01 3.195701971352e-01
4.361560329512e-02
-5.131300862176e-01 8.166418539992e-01 2.641847779778e-01
3.997528676114e-02
-5.755530111934e-01 7.500752876024e-01 3.257695416003e-01
4.413309952131e-02
-6.825802229792e-01 6.825802229792e-01 2.610909389377e-01
1.864009900873e-02
-7.500752876024e-01 5.755530111934e-01 3.257695416003e-01
1.023043076706e-02
-8.166418539992e-01 5.131300862176e-01 2.641847779778e-01
5.301938666033e-03
-8.754336959030e-01 3.626165098014e-01 3.195701971352e-01
3.867485842297e-03
-9.079183105646e-01 3.176943572541e-01 2.734129417392e-01
6.054076904870e-03
-9.435493257921e-01 1.242206253374e-01 3.070568449620e-01
5.671174023589e-03
-9.514259489692e-01 1.071999587676e-01 2.886119063178e-01
1.009390851049e-02
-9.514259489692e-01 -1.071999587676e-01 2.886119063178e-01
1.092290301246e-02
-9.435493257921e-01 -1.242206253374e-01 3.070568449620e-01
8.432424875123e-03
-9.079183105646e-01 -3.176943572541e-01 2.734129417392e-01
7.434661140396e-03
-8.754336959030e-01 -3.626165098014e-01 3.195701971352e-01
5.550911024666e-03
-8.166418539992e-01 -5.131300862176e-01 2.641847779778e-01
6.678872006476e-03
-7.500752876024e-01 -5.755530111934e-01 3.257695416003e-01
8.916147976455e-03
-6.825802229792e-01 -6.825802229792e-01 2.610909389377e-01
1.968254987361e-02
-5.755530111934e-01 -7.500752876024e-01 3.257695416003e-01
2.583553995663e-02
-5.131300862176e-01 -8.166418539992e-01 2.641847779778e-01
3.695760842892e-02
-3.626165098014e-01 -8.754336959030e-01 3.195701971352e-01
3.201468413694e-02
-3.176943572541e-01 -9.079183105646e-01 2.734129417392e-01
1.415920463701e-02
-1.242206253374e-01 -9.435493257921e-01 3.070568449620e-01
1.213122617521e-02
-1.071999587676e-01 -9.514259489692e-01 2.886119063178e-01
5.465767341871e-03
1.071999587676e-01 -9.514259489692e-01 2.886119063178e-01
5.608886266915e-03
1.242206253374e-01 -9.435493257921e-01 3.070568449620e-01
7.720804372100e-03
3.176943572541e-01 -9.079183105646e-01 2.734129417392e-01
9.009051743882e-03
3.626165098014e-01 -8.754336959030e-01 3.195701971352e-01
1.453846026168e-02
5.131300862176e-01 -8.166418539992e-01 2.641847779778e-01
1.651437360184e-02
5.755530111934e-01 -7.500752876024e-01 3.257695416003e-01
1.190391418040e-02
6.825802229792e-01 -6.825802229792e-01 2.610909389377e-01
1.064396120134e-02
7.500752876024e-01 -5.755530111934e-01 3.257695416003e-01
6.647270701123e-03
8.166418539992e-01 -5.131300862176e-01 2.641847779778e-01
7.850081336105e-03
8.754336959030e-01 -3.626165098014e-01 3.195701971352e-01
8.306423267365e-03
9.079183105646e-01 -3.176943572541e-01 2.734129417392e-01
1.632517125201e-02
9.435493257921e-01 -1.242206253374e-01 3.070568449620e-01
1.827115002392e-02
9.514259489692e-01 -1.071999587676e-01 2.886119063178e-01
1.686303243446e-01
9.904383506609e-01 9.754966309535e-02 9.754966309535e-02
1.658290032040e-01
9.875415564011e-01 1.112692104332e-01 1.112692104332e-01
7.607627332726e-02
9.534076362023e-01 2.892130445679e-01 8.584692238504e-02
4.677589080484e-02
9.369320803932e-01 3.278467144100e-01 1.211396243213e-01
1.664233002598e-02
8.792329959207e-01 4.699598274150e-01 7.801986606203e-02
1.044067249698e-02
8.398628335694e-01 5.277207947278e-01 1.270479578768e-01
8.670366545558e-03
7.708853463782e-01 6.326492539332e-01 7.409928634720e-02
1.141639710527e-02
7.011972415210e-01 7.011972415210e-01 1.290149486172e-01
1.512102705349e-02
6.326492539332e-01 7.708853463782e-01 7.409928634720e-02
2.896001947123e-02
5.277207947278e-01 8.398628335694e-01 1.270479578768e-01
2.592185014738e-02
4.699598274150e-01 8.792329959207e-01 7.801986606203e-02
2.189071341299e-02
3.278467144100e-01 9.369320803932e-01 1.211396243213e-01
1.377492733923e-02
2.892130445679e-01 9.534076362023e-01 8.584692238504e-02
4.649158600363e-03
1.112692104332e-01 9.875415564011e-01 1.112692104332e-01
3.645489736298e-03
9.754966309535e-02 9.904383506609e-01 9.754966309535e-02
2.363687220132e-03
-9.754966309535e-02 9.904383506609e-01 9.754966309535e-02
2.795305335999e-03
-1.112692104332e-01 9.875415564011e-01 1.112692104332e-01
9.423139725236e-03
-2.892130445679e-01 9.534076362023e-01 8.584692238504e-02
1.509070623754e-02
-3.278467144100e-01 9.369320803932e-01 1.211396243213e-01
7.958697170689e-02
-4.699598274150e-01 8.792329959207e-01 7.801986606203e-02
1.115430594858e-01
-5.277207947278e-01 8.398628335694e-01 1.270479578768e-01
1.839888560321e-01
-6.326492539332e-01 7.708853463782e-01 7.409928634719e-02
9.918214024051e-02
-7.011972415210e-01 7.011972415210e-01 1.290149486172e-01
5.401452143722e-02
-7.708853463782e-01 6.326492539332e-01 7.409928634720e-02
1.361564485324e-02
-8.398628335694e-01 5.277207947278e-01 1.270479578768e-01
7.310278879725e-03
-8.792329959207e-01 4.699598274150e-01 7.801986606203e-02
3.345255108296e-03
-9.369320803932e-01 3.278467144100e-01 1.211396243213e-01
2.878109179774e-03
-9.534076362023e-01 2.892130445679e-01 8.584692238504e-02
5.221334264887e-03
-9.875415564011e-01 1.112692104332e-01 1.112692104332e-01
5.004453757236e-03
-9.904383506609e-01 9.754966309535e-02 9.754966309535e-02
1.189747685531e-02
-9.904383506609e-01 -9.754966309535e-02 9.754966309535e-02
1.357185674636e-02
-9.875415564011e-01 -1.112692104332e-01 1.112692104332e-01
1.248482619632e-02
-9.534076362023e-01 -2.892130445679e-01 8.584692238504e-02
1.177899358631e-02
-9.369320803932e-01 -3.278467144100e-01 1.211396243213e-01
6.656724649142e-03
-8.792329959207e-01 -4.699598274150e-01 7.801986606203e-02
6.062619610868e-03
-8.398628335694e-01 -5.277207947278e-01 1.270479578768e-01
5.297839459296e-03
-7.708853463782e-01 -6.326492539332e-01 7.409928634720e-02
8.005294444282e-03
-7.011972415210e-01 -7.011972415210e-01 1.290149486172e-01
1.070337656616e-02
-6.326492539332e-01 -7.708853463782e-01 7.409928634719e-02
2.390560011270e-02
-5.277207947278e-01 -8.398628335694e-01 1.270479578768e-01
2.739061780167e-02
-4.699598274150e-01 -8.792329959207e-01 7.801986606203e-02
3.710347263779e-02
-3.278467144100e-01 -9.369320803932e-01 1.211396243213e-01
3.251662643635e-02
-2.892130445679e-01 -9.534076362023e-01 8.584692238503e-02
1.920795370781e-02
-1.112692104332e-01 -9.875415564011e-01 1.112692104332e-01
1.692542233172e-02
-9.754966309535e-02 -9.904383506609e-01 9.754966309535e-02
9.893112451199e-03
9.754966309535e-02 -9.904383506609e-01 9.754966309535e-02
1.032188379506e-02
1.112692104332e-01 -9.875415564011e-01 1.112692104332e-01
1.173106148341e-02
2.892130445679e-01 -9.534076362023e-01 8.584692238504e-02
1.258969728035e-02
3.278467144100e-01 -9.369320803932e-01 1.211396243213e-01
1.555128603139e-02
4.699598274150e-01 -8.792329959207e-01 7.801986606203e-02
1.621060821461e-02
5.277207947278e-01 -8.398628335694e-01 1.270479578768e-01
1.046364360253e-02
6.326492539332e-01 -7.708853463782e-01 7.409928634719e-02
8.701588879818e-03
7.011972415210e-01 -7.011972415210e-01 1.290149486172e-01
4.417374848312e-03
7.708853463782e-01 -6.326492539332e-01 7.409928634719e-02
4.434165330106e-03
8.398628335694e-01 -5.277207947278e-01 1.270479578768e-01
3.774979714530e-03
8.792329959207e-01 -4.699598274150e-01 7.801986606203e-02
9.897502739497e-03
9.369320803932e-01 -3.278467144100e-01 1.211396243213e-01
1.301584155346e-02
9.534076362023e-01 -2.892130445679e-01 8.584692238504e-02
7.058492307456e-02
9.875415564011e-01 -1.112692104332e-01 1.112692104332e-01
7.638906638112e-02
9.904383506609e-01 -9.754966309535e-02 9.754966309535e-02
3.966554046675e-01
9.904383506609e-01 9.754966309535e-02 -9.754966309535e-02
4.381330814665e-01
9.875415564011e-01 1.112692104332e-01 -1.112692104332e-01
1.464780218910e-01
9.534076362023e-01 2.892130445679e-01 -8.584692238504e-02
1.086157158367e-01
9.369320803932e-01 3.278467144100e-01 -1.211396243213e-01
2.351663064481e-02
8.792329959207e-01 4.699598274150e-01 -7.801986606203e-02
1.539101057534e-02
8.398628335694e-01 5.277207947278e-01 -1.270479578768e-01
9.182645111997e-03
7.708853463782e-01 6.326492539332e-01 -7.409928634720e-02
1.038410872847e-02
7.011972415210e-01 7.011972415210e-01 -1.290149486172e-01
1.289763089991e-02
6.326492539332e-01 7.708853463782e-01 -7.409928634720e-02
1.926009292524e-02
5.277207947278e-01 8.398628335694e-01 -1.270479578768e-01
1.919535629011e-02
4.699598274150e-01 8.792329959207e-01 -7.801986606203e-02
1.340269856378e-02
3.278467144100e-01 9.369320803932e-01 -1.211396243213e-01
9.637762812561e-03
2.892130445679e-01 9.534076362023e-01 -8.584692238504e-02
3.359125753232e-03
1.112692104332e-01 9.875415564011e-01 -1.112692104332e-01
2.766983536338e-03
9.754966309535e-02 9.904383506609e-01 -9.754966309535e-02
2.416607667347e-03
-9.754966309535e-02 9.904383506609e-01 -9.754966309535e-02
2.964008797259e-03
-1.112692104332e-01 9.875415564011e-01 -1.112692104332e-01
1.390882664610e-02
-2.892130445679e-01 9.534076362023e-01 -8.584692238504e-02
2.907642047601e-02
-3.278467144100e-01 9.369320803932e-01 -1.211396243213e-01
1.567428418646e-01
-4.699598274150e-01 8.792329959207e-01 -7.801986606203e-02
3.712437430806e-01
-5.277207947278e-01 8.398628335694e-01 -1.270479578768e-01
4.119595446828e-01
-6.326492539332e-01 7.708853463782e-01 -7.409928634719e-02
3.819375682496e-01
-7.011972415210e-01 7.011972415210e-01 -1.290149486172e-01
1.147783565761e-01
-7.708853463782e-01 6.326492539332e-01 -7.409928634720e-02
3.807113848990e-02
-8.398628335694e-01 5.277207947278e-01 -1.270479578768e-01
1.288358579645e-02
-8.792329959207e-01 4.699598274150e-01 -7.801986606203e-02
5.764559939248e-03
-9.369320803932e-01 3.278467144100e-01 -1.211396243213e-01
4.073847008880e-03
-9.534076362023e-01 2.892130445679e-01 -8.584692238504e-02
6.721701345762e-03
-9.875415564011e-01 1.112692104332e-01 -1.112692104332e-01
6.223030477044e-03
-9.904383506609e-01 9.754966309535e-02 -9.754966309535e-02
1.462913747759e-02
-9.904383506609e-01 -9.754966309535e-02 -9.754966309535e-02
1.721798855754e-02
-9.875415564011e-01 -1.112692104332e-01 -1.112692104332e-01
1.549033979882e-02
-9.534076362023e-01 -2.892130445679e-01 -8.584692238504e-02
1.596011828853e-02
-9.369320803932e-01 -3.278467144100e-01 -1.211396243213e-01
7.800059636476e-03
-8.792329959207e-01 -4.699598274150e-01 -7.801986606203e-02
7.402784232162e-03
-8.398628335694e-01 -5.277207947278e-01 -1.270479578768e-01
5.492361618061e-03
-7.708853463782e-01 -6.326492539332e-01 -7.409928634720e-02
7.730659958139e-03
-7.011972415210e-01 -7.011972415210e-01 -1.290149486172e-01
1.010295437256e-02
-6.326492539332e-01 -7.708853463782e-01 -7.409928634719e-02
2.218369996197e-02
-5.277207947278e-01 -8.398628335694e-01 -1.270479578768e-01
2.737616023769e-02
-4.699598274150e-01 -8.792329959207e-01 -7.801986606203e-02
4.931794601502e-02
-3.278467144100e-01 -9.369320803932e-01 -1.211396243213e-01
4.309258021411e-02
-2.892130445679e-01 -9.534076362023e-01 -8.584692238503e-02
4.262201929153e-02
-1.112692104332e-01 -9.875415564011e-01 -1.112692104332e-01
3.515724329510e-02
-9.754966309535e-02 -9.904383506609e-01 -9.754966309535e-02
2.621455215561e-02
9.754966309535e-02 -9.904383506609e-01 -9.754966309535e-02
3.133340463070e-02
1.112692104332e-01 -9.875415564011e-01 -1.112692104332e-01
2.515012655371e-02
2.892130445679e-01 -9.534076362023e-01 -8.584692238504e-02
3.351906131523e-02
3.278467144100e-01 -9.369320803932e-01 -1.211396243213e-01
2.215304884290e-02
4.699598274150e-01 -8.792329959207e-01 -7.801986606203e-02
2.300103527637e-02
5.277207947278e-01 -8.398628335694e-01 -1.270479578768e-01
1.016339229303e-02
6.326492539332e-01 -7.708853463782e-01 -7.409928634719e-02
6.884019171377e-03
7.011972415210e-01 -7.011972415210e-01 -1.290149486172e-01
3.583830656741e-03
7.708853463782e-01 -6.326492539332e-01 -7.409928634719e-02
3.400381451769e-03
8.398628335694e-01 -5.277207947278e-01 -1.270479578768e-01
3.390820999509e-03
8.792329959207e-01 -4.699598274150e-01 -7.801986606203e-02
1.239585903871e-02
9.369320803932e-01 -3.278467144100e-01 -1.211396243213e-01
1.653319412771e-02
9.534076362023e-01 -2.892130445679e-01 -8.584692238504e-02
1.483833739549e-01
9.875415564011e-01 -1.112692104332e-01 -1.112692104332e-01
1.503298030380e-01
9.904383506609e-01 -9.754966309535e-02 -9.754966309535e-02
1.922179947989e-01
9.514259489692e-01 1.071999587676e-01 -2.886119063178e-01
1.728452932163e-01
9.435493257921e-01 1.242206253374e-01 -3.070568449620e-01
5.412231855155e-02
9.079183105646e-01 3.176943572541e-01 -2.734129417392e-01
2.690341474730e-02
8.754336959030e-01 3.626165098014e-01 -3.195701971352e-01
1.044873089365e-02
8.166418539992e-01 5.131300862176e-01 -2.641847779778e-01
7.288818817272e-03
7.500752876024e-01 5.755530111934e-01 -3.257695416003e-01
8.557048119254e-03
6.825802229792e-01 6.825802229792e-01 -2.610909389377e-01
1.417473800047e-02
5.755530111934e-01 7.500752876024e-01 -3.257695416003e-01
1.742863828317e-02
5.131300862176e-01 8.166418539992e-01 -2.641847779778e-01
2.055024965041e-02
3.626165098014e-01 8.754336959030e-01 -3.195701971352e-01
1.456602269814e-02
3.176943572541e-01 9.079183105646e-01 -2.734129417392e-01
6.382582756570e-03
1.242206253374e-01 9.435493257921e-01 -3.070568449620e-01
4.989547477673e-03
1.071999587676e-01 9.514259489692e-01 -2.886119063178e-01
4.626406779695e-03
-1.071999587676e-01 9.514259489692e-01 -2.886119063178e-01
5.884335125543e-03
-1.242206253374e-01 9.435493257921e-01 -3.070568449620e-01
3.365106979784e-02
-3.176943572541e-01 9.079183105646e-01 -2.734129417392e-01
6.698312638508e-02
-3.626165098014e-01 8.754336959030e-01 -3.195701971352e-01
3.564960006894e-01
-5.131300862176e-01 8.166418539992e-01 -2.641847779778e-01
4.564037537449e-01
-5.755530111934e-01 7.500752876024e-01 -3.257695416003e-01
4.153637685351e-01
-6.825802229792e-01 6.825802229792e-01 -2.610909389377e-01
1.484785650310e-01
-7.500752876024e-01 5.755530111934e-01 -3.257695416003e-01
5.514790523483e-02
-8.166418539992e-01 5.131300862176e-01 -2.641847779778e-01
1.557672473649e-02
-8.754336959030e-01 3.626165098014e-01 -3.195701971352e-01
9.455578140537e-03
-9.079183105646e-01 3.176943572541e-01 -2.734129417392e-01
9.763516327575e-03
-9.435493257921e-01 1.242206253374e-01 -3.070568449620e-01
9.023958098618e-03
-9.514259489692e-01 1.071999587676e-01 -2.886119063178e-01
1.744036962182e-02
-9.514259489692e-01 -1.071999587676e-01 -2.886119063178e-01
1.972357123059e-02
-9.435493257921e-01 -1.242206253374e-01 -3.070568449620e-01
1.643460757111e-02
-9.079183105646e-01 -3.176943572541e-01 -2.734129417392e-01
1.582218833837e-02
-8.754336959030e-01 -3.626165098014e-01 -3.195701971352e-01
8.522479793853e-03
-8.166418539992e-01 -5.131300862176e-01 -2.641847779778e-01
9.109163050038e-03
-7.500752876024e-01 -5.755530111934e-01 -3.257695416003e-01
8.606849435713e-03
-6.825802229792e-01 -6.825802229792e-01 -2.610909389377e-01
1.600686264866e-02
-5.755530111934e-01 -7.500752876024e-01 -3.257695416003e-01
2.218801988614e-02
-5.131300862176e-01 -8.166418539992e-01 -2.641847779778e-01
4.854881034380e-02
-3.626165098014e-01 -8.754336959030e-01 -3.195701971352e-01
5.328981388050e-02
-3.176943572541e-01 -9.079183105646e-01 -2.734129417392e-01
7.426675483201e-02
-1.242206253374e-01 -9.435493257921e-01 -3.070568449620e-01
6.675993950365e-02
-1.071999587676e-01 -9.514259489692e-01 -2.886119063178e-01
6.457773767276e-02
1.071999587676e-01 -9.514259489692e-01 -2.886119063178e-01
7.411033185958e-02
1.242206253374e-01 -9.435493257921e-01 -3.070568449620e-01
5.939687675078e-02
3.176943572541e-01 -9.079183105646e-01 -2.734129417392e-01
6.879085211456e-02
3.626165098014e-01 -8.754336959030e-01 -3.195701971352e-01
3.317371497736e-02
5.131300862176e-01 -8.166418539992e-01 -2.641847779778e-01
2.785054538717e-02
5.755530111934e-01 -7.500752876024e-01 -3.257695416003e-01
9.675156080481e-03
6.825802229792e-01 -6.825802229792e-01 -2.610909389377e-01
8.222785391092e-03
7.500752876024e-01 -5.755530111934e-01 -3.257695416003e-01
5.042442646251e-03
8.166418539992e-01 -5.131300862176e-01 -2.641847779778e-01
1.259773824960e-02
8.754336959030e-01 -3.626165098014e-01 -3.195701971352e-01
1.540816107516e-02
9.079183105646e-01 -3.176943572541e-01 -2.734129417392e-01
9.415422976872e-02
9.435493257921e-01 -1.242206253374e-01 -3.070568449620e-01
1.048714954336e-01
9.514259489692e-01 -1.071999587676e-01 -2.886119063178e-01
3.193808617731e-02
8.760361683356e-01 1.153323495383e-01 -4.682510874711e-01
2.408758248694e-02
8.601281586402e-01 1.362309170136e-01 -4.915492731800e-01
9.194586857509e-03
8.251449107228e-01 3.417862129445e-01 -4.497978000716e-01
4.917291086857e-03
7.686052897440e-01 3.916239557406e-01 -5.058424516267e-01
4.951691480026e-03
7.122991943291e-01 5.465663953244e-01 -4.403351374353e-01
7.226546146625e-03
6.080166031672e-01 6.080166031672e-01 -5.105209305662e-01
1.293260279763e-02
5.465663953244e-01 7.122991943291e-01 -4.403351374353e-01
2.605987354384e-02
3.916239557406e-01 7.686052897440e-01 -5.058424516267e-01
2.364117110871e-02
3.417862129445e-01 8.251449107228e-01 -4.497978000716e-01
1.380801033788e-02
1.362309170136e-01 8.601281586402e-01 -4.915492731800e-01
1.080869490806e-02
1.153323495383e-01 8.760361683356e-01 -4.682510874711e-01
7.509164358061e-03
-1.153323495383e-01 8.760361683356e-01 -4.682510874711e-01
8.628597830654e-03
-1.362309170136e-01 8.601281586402e-01 -4.915492731800e-01
3.485388297819e-02
-3.417862129445e-01 8.251449107228e-01 -4.497978000716e-01
3.924674098967e-02
-3.916239557406e-01 7.686052897440e-01 -5.058424516267e-01
1.631311603268e-01
-5.465663953244e-01 7.122991943291e-01 -4.403351374353e-01
7.071366926575e-02
-6.080166031672e-01 6.080166031672e-01 -5.105209305662e-01
7.766711623862e-02
-7.122991943291e-01 5.465663953244e-01 -4.403351374353e-01
1.853105159452e-02
-7.686052897440e-01 3.916239557406e-01 -5.058424516267e-01
1.449714119339e-02
-8.251449107228e-01 3.417862129445e-01 -4.497978000716e-01
1.033203890246e-02
-8.601281586402e-01 1.362309170136e-01 -4.915492731800e-01
1.000808990740e-02
-8.760361683356e-01 1.153323495383e-01 -4.682510874711e-01
1.623004077856e-02
-8.760361683356e-01 -1.153323495383e-01 -4.682510874711e-01
1.755791438295e-02
-8.601281586402e-01 -1.362309170136e-01 -4.915492731800e-01
1.509648600288e-02
-8.251449107228e-01 -3.417862129445e-01 -4.497978000716e-01
1.451544353871e-02
-7.686052897440e-01 -3.916239557406e-01 -5.058424516267e-01
1.005701703791e-02
-7.122991943291e-01 -5.465663953244e-01 -4.403351374353e-01
1.204078223245e-02
-6.080166031672e-01 -6.080166031672e-01 -5.105209305662e-01
1.470870840588e-02
-5.465663953244e-01 -7.122991943291e-01 -4.403351374353e-01
2.323013903473e-02
-3.916239557406e-01 -7.686052897440e-01 -5.058424516267e-01
3.326946316671e-02
-3.417862129445e-01 -8.251449107228e-01 -4.497978000716e-01
4.491629681861e-02
-1.362309170136e-01 -8.601281586402e-01 -4.915492731800e-01
4.866060367440e-02
-1.153323495383e-01 -8.760361683356e-01 -4.682510874711e-01
6.002832742628e-02
1.153323495383e-01 -8.760361683356e-01 -4.682510874711e-01
5.925485662185e-02
1.362309170136e-01 -8.601281586402e-01 -4.915492731800e-01
6.531745473565e-02
3.417862129445e-01 -8.251449107228e-01 -4.497978000716e-01
5.527630965578e-02
3.916239557406e-01 -7.686052897440e-01 -5.058424516267e-01
3.386101983420e-02
5.465663953244e-01 -7.122991943291e-01 -4.403351374353e-01
2.523598070610e-02
6.080166031672e-01 -6.080166031672e-01 -5.105209305662e-01
1.325358169656e-02
7.122991943291e-01 -5.465663953244e-01 -4.403351374353e-01
1.644920923303e-02
7.686052897440e-01 -3.916239557406e-01 -5.058424516267e-01
1.599082505170e-02
8.251449107228e-01 -3.417862129445e-01 -4.497978000716e-01
3.384007138975e-02
8.601281586402e-01 -1.362309170136e-01 -4.915492731800e-01
3.820147292396e-02
8.760361683356e-01 -1.153323495383e-01 -4.682510874711e-01
5.633470780065e-03
7.672811492985e-01 1.215253954032e-01 -6.296913658319e-01
4.296737996861e-03
7.391018449059e-01 1.470164977049e-01 -6.573542517237e-01
2.729132708590e-03
7.068204811699e-01 3.601430233799e-01 -6.088528640891e-01
2.950334084540e-03
6.161513066557e-01 4.116991408334e-01 -6.714621245786e-01
5.987382017766e-03
5.648368665729e-01 5.648368665729e-01 -6.015967323051e-01
1.468515452653e-02
4.116991408334e-01 6.161513066557e-01 -6.714621245786e-01
2.163911763283e-02
3.601430233799e-01 7.068204811699e-01 -6.088528640891e-01
1.568929556554e-02
1.470164977049e-01 7.391018449059e-01 -6.573542517237e-01
1.356856222675e-02
1.215253954032e-01 7.672811492985e-01 -6.296913658319e-01
5.570240973118e-03
-1.215253954032e-01 7.672811492985e-01 -6.296913658319e-01
5.024491611332e-03
-1.470164977049e-01 7.391018449059e-01 -6.573542517237e-01
1.026639851005e-02
-3.601430233799e-01 7.068204811699e-01 -6.088528640891e-01
5.705435040872e-03
-4.116991408334e-01 6.161513066557e-01 -6.714621245786e-01
1.688548077416e-02
-5.648368665729e-01 5.648368665729e-01 -6.015967323051e-01
5.481389548437e-03
-6.161513066557e-01 4.116991408334e-01 -6.714621245786e-01
8.039958809263e-03
-7.068204811699e-01 3.601430233799e-01 -6.088528640891e-01
6.286932641751e-03
-7.391018449059e-01 1.470164977049e-01 -6.573542517237e-01
6.898261813819e-03
-7.672811492985e-01 1.215253954032e-01 -6.296913658319e-01
1.239519468218e-02
-7.672811492985e-01 -1.215253954032e-01 -6.296913658319e-01
1.306287655702e-02
-7.391018449059e-01 -1.470164977049e-01 -6.573542517237e-01
1.281873104699e-02
-7.068204811699e-01 -3.601430233799e-01 -6.088528640891e-01
1.162516966014e-02
-6.161513066557e-01 -4.116991408334e-01 -6.714621245786e-01
1.007776906567e-02
-5.648368665729e-01 -5.648368665729e-01 -6.015967323051e-01
8.541806908990e-03
-4.116991408334e-01 -6.161513066557e-01 -6.714621245786e-01
1.188342417262e-02
-3.601430233799e-01 -7.068204811699e-01 -6.088528640891e-01
9.862705541454e-03
-1.470164977049e-01 -7.391018449059e-01 -6.573542517237e-01
1.262136533814e-02
-1.215253954032e-01 -7.672811492985e-01 -6.296913658319e-01
1.697232415580e-02
1.215253954032e-01 -7.672811492985e-01 -6.296913658319e-01
1.388582329828e-02
1.470164977049e-01 -7.391018449059e-01 -6.573542517237e-01
2.704062578478e-02
3.601430233799e-01 -7.068204811699e-01 -6.088528640891e-01
1.718659143499e-02
4.116991408334e-01 -6.161513066557e-01 -6.714621245786e-01
2.087420642439e-02
5.648368665729e-01 -5.648368665729e-01 -6.015967323051e-01
1.439876635682e-02
6.161513066557e-01 -4.116991408334e-01 -6.714621245786e-01
1.490499863861e-02
7.068204811699e-01 -3.601430233799e-01 -6.088528640891e-01
1.146777565323e-02
7.391018449059e-01 -1.470164977049e-01 -6.573542517237e-01
1.234446030357e-02
7.672811492985e-01 -1.215253954032e-01 -6.296913658319e-01
2.275588363559e-03
6.294019098545e-01 1.251958239224e-01 -7.669284461695e-01
2.207743534901e-03
5.826978829809e-01 1.561334271760e-01 -7.975497038354e-01
2.544930546484e-03
5.540975440982e-01 3.702361422900e-01 -7.455877618138e-01
5.184786651477e-03
4.167473548937e-01 4.167473548937e-01 -8.078634070053e-01
9.979068069386e-03
3.702361422900e-01 5.540975440982e-01 -7.455877618138e-01
8.887111044072e-03
1.561334271760e-01 5.826978829809e-01 -7.975497038354e-01
8.553719510618e-03
1.251958239224e-01 6.294019098545e-01 -7.669284461695e-01
2.303420718387e-03
-1.251958239224e-01 6.294019098545e-01 -7.669284461695e-01
1.770451808865e-03
-1.561334271760e-01 5.826978829809e-01 -7.975497038354e-01
1.787680027201e-03
-3.702361422900e-01 5.540975440982e-01 -7.455877618138e-01
1.136647091480e-03
-4.167473548937e-01 4.167473548937e-01 -8.078634070053e-01
2.074875924290e-03
-5.540975440982e-01 3.702361422900e-01 -7.455877618138e-01
2.780771478682e-03
-5.826978829809e-01 1.561334271760e-01 -7.975497038354e-01
3.458409005508e-03
-6.294019098545e-01 1.251958239224e-01 -7.669284461695e-01
8.314047671136e-03
-6.294019098545e-01 -1.251958239224e-01 -7.669284461695e-01
8.565990518446e-03
-5.826978829809e-01 -1.561334271760e-01 -7.975497038354e-01
8.536263503546e-03
-5.540975440982e-01 -3.702361422900e-01 -7.455877618138e-01
5.508161917527e-03
-4.167473548937e-01 -4.167473548937e-01 -8.078634070053e-01
4.791967422225e-03
-3.702361422900e-01 -5.540975440982e-01 -7.455877618138e-01
2.261735983409e-03
-1.561334271760e-01 -5.826978829809e-01 -7.975497038354e-01
2.646701690792e-03
-1.251958239224e-01 -6.294019098545e-01 -7.669284461695e-01
3.046189472835e-03
1.251958239224e-01 -6.294019098545e-01 -7.669284461695e-01
2.449555985074e-03
1.561334271760e-01 -5.826978829809e-01 -7.975497038354e-01
6.752618854175e-03
3.702361422900e-01 -5.540975440982e-01 -7.455877618138e-01
4.514024352828e-03
4.167473548937e-01 -4.167473548937e-01 -8.078634070053e-01
7.797607024332e-03
5.540975440982e-01 -3.702361422900e-01 -7.455877618138e-01
4.545799589468e-03
5.826978829809e-01 -1.561334271760e-01 -7.975497038354e-01
4.755307156212e-03
6.294019098545e-01 -1.251958239224e-01 -7.669284461695e-01
2.067909181938e-03
4.676807377994e-01 1.253146760089e-01 -8.749691191512e-01
2.730332255494e-03
3.919257715109e-01 1.623409700034e-01 -9.055603784861e-01
3.920346967288e-03
3.639082454411e-01 3.639082454411e-01 -8.574039758480e-01
4.730007172298e-03
1.623409700034e-01 3.919257715109e-01 -9.055603784861e-01
4.442142015474e-03
1.253146760089e-01 4.676807377994e-01 -8.749691191512e-01
1.207087027846e-03
-1.253146760089e-01 4.676807377994e-01 -8.749691191512e-01
1.139721338878e-03
-1.623409700034e-01 3.919257715109e-01 -9.055603784861e-01
7.412617635634e-04
-3.639082454411e-01 3.639082454411e-01 -8.574039758480e-01
1.634704810982e-03
-3.919257715109e-01 1.623409700034e-01 -9.055603784861e-01
1.912741000280e-03
-4.676807377994e-01 1.253146760089e-01 -8.749691191512e-01
5.044197007168e-03
-4.676807377994e-01 -1.253146760089e-01 -8.749691191512e-01
4.873888934409e-03
-3.919257715109e-01 -1.623409700034e-01 -9.055603784861e-01
3.517374787423e-03
-3.639082454411e-01 -3.639082454411e-01 -8.574039758480e-01
1.549461538773e-03
-1.623409700034e-01 -3.919257715109e-01 -9.055603784861e-01
1.183866435009e-03
-1.253146760089e-01 -4.676807377994e-01 -8.749691191512e-01
1.003359120243e-03
1.253146760089e-01 -4.676807377994e-01 -8.749691191512e-01
1.095045501246e-03
1.623409700034e-01 -3.919257715109e-01 -9.055603784861e-01
2.156714888164e-03
3.639082454411e-01 -3.639082454411e-01 -8.574039758480e-01
2.237892325090e-03
3.919257715109e-01 -1.623409700034e-01 -9.055603784861e-01
2.366986845724e-03
4.676807377994e-01 -1.253146760089e-01 -8.749691191512e-01
2.379910973443e-03
2.882087470797e-01 1.193799718350e-01 -9.500969110735e-01
3.399225387806e-03
1.601449967080e-01 1.601449967080e-01 -9.740159957921e-01
2.901790537739e-03
1.193799718350e-01 2.882087470797e-01 -9.500969110735e-01
1.276278947034e-03
-1.193799718350e-01 2.882087470797e-01 -9.500969110735e-01
2.029948332440e-03
-1.601449967080e-01 1.601449967080e-01 -9.740159957921e-01
1.575668973169e-03
-2.882087470797e-01 1.193799718350e-01 -9.500969110735e-01
2.849517015430e-03
-2.882087470797e-01 -1.193799718350e-01 -9.500969110735e-01
2.547778795201e-03
-1.601449967080e-01 -1.601449967080e-01 -9.740159957921e-01
1.302143529257e-03
-1.193799718350e-01 -2.882087470797e-01 -9.500969110735e-01
9.088330630449e-04
1.193799718350e-01 -2.882087470797e-01 -9.500969110735e-01
1.660673217346e-03
1.601449967080e-01 -1.601449967080e-01 -9.740159957921e-01
1.552611950705e-03
2.882087470797e-01 -1.193799718350e-01 -9.500969110735e-01
1.675658228207e-03
9.754966309535e-02 9.754966309535e-02 -9.904383506609e-01
1.400892111492e-03
-9.754966309535e-02 9.754966309535e-02 -9.904383506609e-01
1.369850398503e-03
-9.754966309535e-02 -9.754966309535e-02 -9.904383506609e-01
1.115733520802e-03
9.754966309535e-02 -9.754966309535e-02 -9.904383506609e-01
2.217670050844e+00
-1.312554918413e-01 -9.083954461945e-01 3.969757035318e-01
