513
8.500446232211e-02
9.754966309535e-02 9.754966309535e-02 9.904383506609e-01
1.564534895087e-01
-9.754966309535e-02 9.754966309535e-02 9.904383506609e-01
6.495392654693e-02
-9.754966309535e-02 -9.754966309535e-02 9.904383506609e-01
4.172995098160e-02
9.754966309535e-02 -9.754966309535e-02 9.904383506609e-01
1.554498618373e-02
2.882087470797e-01 1.193799718350e-01 9.500969110735e-01
8.079415977374e-02
1.601449967080e-01 1.601449967080e-01 9.740159957921e-01
4.752090747427e-02
1.193799718350e-01 2.882087470797e-01 9.500969110735e-01
7.484667612100e-02
-1.193799718350e-01 2.882087470797e-01 9.500969110735e-01
2.008313794007e-01
-1.601449967080e-01 1.601449967080e-01 9.740159957921e-01
6.404695874216e-02
-2.882087470797e-01 1.193799718350e-01 9.500969110735e-01
1.501032132932e-02
-2.882087470797e-01 -1.193799718350e-01 9.500969110735e-01
4.701916251328e-02
-1.601449967080e-01 -1.601449967080e-01 9.740159957921e-01
1.581173207678e-02
-1.193799718350e-01 -2.882087470797e-01 9.500969110735e-01
1.334085885767e-02
1.193799718350e-01 -2.882087470797e-01 9.500969110735e-01
2.783050097076e-02
1.601449967080e-01 -1.601449967080e-01 9.740159957921e-01
6.133484663685e-03
2.882087470797e-01 -1.193799718350e-01 9.500969110735e-01
3.628054967100e-03
4.676807377994e-01 1.253146760089e-01 8.749691191512e-01
7.104106377732e-03
3.919257715109e-01 1.623409700034e-01 9.055603784861e-01
5.980659168269e-03
3.639082454411e-01 3.639082454411e-01 8.574039758480e-01
1.936486718917e-02
1.623409700034e-01 3.919257715109e-01 9.055603784861e-01
9.938587609357e-03
1.253146760089e-01 4.676807377994e-01 8.749691191512e-01
7.808844117132e-03
-1.253146760089e-01 4.676807377994e-01 8.749691191512e-01
2.143533575935e-02
-1.623409700034e-01 3.919257715109e-01 9.055603784861e-01
6.951642380403e-03
-3.639082454411e-01 3.639082454411e-01 8.574039758480e-01
2.944845474682e-02
-3.919257715109e-01 1.623409700034e-01 9.055603784861e-01
1.447511011024e-02
-4.676807377994e-01 1.253146760089e-01 8.749691191512e-01
2.303901180081e-03
-4.676807377994e-01 -1.253146760089e-01 8.749691191512e-01
3.570242195857e-03
-3.919257715109e-01 -1.623409700034e-01 9.055603784861e-01
8.755533454307e-04
-3.639082454411e-01 -3.639082454411e-01 8.574039758480e-01
7.694952746489e-03
-1.623409700034e-01 -3.919257715109e-01 9.055603784861e-01
7.760120099105e-03
-1.253146760089e-01 -4.676807377994e-01 8.749691191512e-01
7.392375220061e-03
1.253146760089e-01 -4.676807377994e-01 8.749691191512e-01
7.242089354758e-03
1.623409700034e-01 -3.919257715109e-01 9.055603784861e-01
9.233397967350e-04
3.639082454411e-01 -3.639082454411e-01 8.574039758480e-01
1.867823199388e-03
3.919257715109e-01 -1.623409700034e-01 9.055603784861e-01
1.179231279892e-03
4.676807377994e-01 -1.253146760089e-01 8.749691191512e-01
4.821990341569e-03
6.294019098545e-01 1.251958239224e-01 7.669284461695e-01
4.480566828727e-03
5.826978829809e-01 1.561334271760e-01 7.975497038354e-01
5.258051493600e-03
5.540975440982e-01 3.702361422900e-01 7.455877618138e-01
5.548602336174e-03
4.167473548937e-01 4.167473548937e-01 8.078634070053e-01
4.343800557742e-03
3.702361422900e-01 5.540975440982e-01 7.455877618138e-01
4.685864607487e-03
1.561334271760e-01 5.826978829809e-01 7.975497038354e-01
3.415505062942e-03
1.251958239224e-01 6.294019098545e-01 7.669284461695e-01
1.449106516052e-03
-1.251958239224e-01 6.294019098545e-01 7.669284461695e-01
1.916888191678e-03
-1.561334271760e-01 5.826978829809e-01 7.975497038354e-01
7.771638641706e-04
-3.702361422900e-01 5.540975440982e-01 7.455877618138e-01
3.302130165837e-03
-4.167473548937e-01 4.167473548937e-01 8.078634070053e-01
3.460702142409e-03
-5.540975440982e-01 3.702361422900e-01 7.455877618138e-01
1.146345430576e-02
-5.826978829809e-01 1.561334271760e-01 7.975497038354e-01
1.066485057465e-02
-6.294019098545e-01 1.251958239224e-01 7.669284461695e-01
1.817995257855e-03
-6.294019098545e-01 -1.251958239224e-01 7.669284461695e-01
1.299371928347e-03
-5.826978829809e-01 -1.561334271760e-01 7.975497038354e-01
3.951453511000e-04
-5.540975440982e-01 -3.702361422900e-01 7.455877618138e-01
6.676469549562e-04
-4.167473548937e-01 -4.167473548937e-01 8.078634070053e-01
1.896492345197e-03
-3.702361422900e-01 -5.540975440982e-01 7.455877618138e-01
1.018250752772e-02
-1.561334271760e-01 -5.826978829809e-01 7.975497038354e-01
1.392326717640e-02
-1.251958239224e-01 -6.294019098545e-01 7.669284461695e-01
1.035941943898e-02
1.251958239224e-01 -6.294019098545e-01 7.669284461695e-01
8.051175599969e-03
1.561334271760e-01 -5.826978829809e-01 7.975497038354e-01
1.379700070817e-03
3.702361422900e-01 -5.540975440982e-01 7.455877618138e-01
7.805897517142e-04
4.167473548937e-01 -4.167473548937e-01 8.078634070053e-01
6.366636746182e-04
5.540975440982e-01 -3.702361422900e-01 7.455877618138e-01
1.204564855855e-03
5.826978829809e-01 -1.561334271760e-01 7.975497038354e-01
1.764005582861e-03
6.294019098545e-01 -1.251958239224e-01 7.669284461695e-01
1.741399401023e-02
7.672811492985e-01 1.215253954032e-01 6.296913658319e-01
1.480065317077e-02
7.391018449059e-01 1.470164977049e-01 6.573542517237e-01
1.121439836105e-02
7.068204811699e-01 3.601430233799e-01 6.088528640891e-01
7.895425888586e-03
6.161513066557e-01 4.116991408334e-01 6.714621245786e-01
6.515733031121e-03
5.648368665729e-01 5.648368665729e-01 6.015967323051e-01
5.311519215901e-03
4.116991408334e-01 6.161513066557e-01 6.714621245786e-01
5.195336195717e-03
3.601430233799e-01 7.068204811699e-01 6.088528640891e-01
3.969356448921e-03
1.470164977049e-01 7.391018449059e-01 6.573542517237e-01
3.870810906609e-03
1.215253954032e-01 7.672811492985e-01 6.296913658319e-01
1.788084431059e-03
-1.215253954032e-01 7.672811492985e-01 6.296913658319e-01
1.429466787558e-03
-1.470164977049e-01 7.391018449059e-01 6.573542517237e-01
7.237712568259e-04
-3.601430233799e-01 7.068204811699e-01 6.088528640891e-01
5.954622308366e-04
-4.116991408334e-01 6.161513066557e-01 6.714621245786e-01
8.636482838996e-04
-5.648368665729e-01 5.648368665729e-01 6.015967323051e-01
3.072068937924e-03
-6.161513066557e-01 4.116991408334e-01 6.714621245786e-01
6.371150586083e-03
-7.068204811699e-01 3.601430233799e-01 6.088528640891e-01
2.080755067151e-02
-7.391018449059e-01 1.470164977049e-01 6.573542517237e-01
2.275109274422e-02
-7.672811492985e-01 1.215253954032e-01 6.296913658319e-01
6.561333439750e-03
-7.672811492985e-01 -1.215253954032e-01 6.296913658319e-01
4.292366891644e-03
-7.391018449059e-01 -1.470164977049e-01 6.573542517237e-01
1.655473644499e-03
-7.068204811699e-01 -3.601430233799e-01 6.088528640891e-01
8.015387983465e-04
-6.161513066557e-01 -4.116991408334e-01 6.714621245786e-01
3.275258567617e-03
-5.648368665729e-01 -5.648368665729e-01 6.015967323051e-01
4.349132486871e-03
-4.116991408334e-01 -6.161513066557e-01 6.714621245786e-01
1.435271240616e-02
-3.601430233799e-01 -7.068204811699e-01 6.088528640891e-01
2.529535014226e-02
-1.470164977049e-01 -7.391018449059e-01 6.573542517237e-01
2.473301540514e-02
-1.215253954032e-01 -7.672811492985e-01 6.296913658319e-01
1.292144936598e-02
1.215253954032e-01 -7.672811492985e-01 6.296913658319e-01
1.261040695296e-02
1.470164977049e-01 -7.391018449059e-01 6.573542517237e-01
3.829208676301e-03
3.601430233799e-01 -7.068204811699e-01 6.088528640891e-01
2.046748024850e-03
4.116991408334e-01 -6.161513066557e-01 6.714621245786e-01
2.193070146945e-03
5.648368665729e-01 -5.648368665729e-01 6.015967323051e-01
1.388703991201e-03
6.161513066557e-01 -4.116991408334e-01 6.714621245786e-01
3.944500791553e-03
7.068204811699e-01 -3.601430233799e-01 6.088528640891e-01
7.360292344909e-03
7.391018449059e-01 -1.470164977049e-01 6.573542517237e-01
1.104842005366e-02
7.672811492985e-01 -1.215253954032e-01 6.296913658319e-01
2.759282543656e-02
8.760361683356e-01 1.153323495383e-01 4.682510874711e-01
2.944488355963e-02
8.601281586402e-01 1.362309170136e-01 4.915492731800e-01
1.337071702768e-02
8.251449107228e-01 3.417862129445e-01 4.497978000716e-01
1.372210566156e-02
7.686052897440e-01 3.916239557406e-01 5.058424516267e-01
8.468126807919e-03
7.122991943291e-01 5.465663953244e-01 4.403351374353e-01
8.158444932035e-03
6.080166031672e-01 6.080166031672e-01 5.105209305662e-01
6.924800365420e-03
5.465663953244e-01 7.122991943291e-01 4.403351374353e-01
6.937160170929e-03
3.916239557406e-01 7.686052897440e-01 5.058424516267e-01
6.777703305083e-03
3.417862129445e-01 8.251449107228e-01 4.497978000716e-01
8.232620617091e-03
1.362309170136e-01 8.601281586402e-01 4.915492731800e-01
8.642583486638e-03
1.153323495383e-01 8.760361683356e-01 4.682510874711e-01
9.684273878643e-03
-1.153323495383e-01 8.760361683356e-01 4.682510874711e-01
7.747110438444e-03
-1.362309170136e-01 8.601281586402e-01 4.915492731800e-01
6.347895039069e-03
-3.417862129445e-01 8.251449107228e-01 4.497978000716e-01
2.264591689970e-03
-3.916239557406e-01 7.686052897440e-01 5.058424516267e-01
2.461875758762e-03
-5.465663953244e-01 7.122991943291e-01 4.403351374353e-01
1.370728690329e-03
-6.080166031672e-01 6.080166031672e-01 5.105209305662e-01
2.526953549491e-03
-7.122991943291e-01 5.465663953244e-01 4.403351374353e-01
7.363573506255e-03
-7.686052897440e-01 3.916239557406e-01 5.058424516267e-01
1.086797508145e-02
-8.251449107228e-01 3.417862129445e-01 4.497978000716e-01
3.496102203587e-02
-8.601281586402e-01 1.362309170136e-01 4.915492731800e-01
3.219147369425e-02
-8.760361683356e-01 1.153323495383e-01 4.682510874711e-01
1.812850428134e-02
-8.760361683356e-01 -1.153323495383e-01 4.682510874711e-01
1.667672293237e-02
-8.601281586402e-01 -1.362309170136e-01 4.915492731800e-01
9.142512635305e-03
-8.251449107228e-01 -3.417862129445e-01 4.497978000716e-01
6.011266713307e-03
-7.686052897440e-01 -3.916239557406e-01 5.058424516267e-01
1.859130982061e-02
-7.122991943291e-01 -5.465663953244e-01 4.403351374353e-01
1.399165322149e-02
-6.080166031672e-01 -6.080166031672e-01 5.105209305662e-01
4.868794078838e-02
-5.465663953244e-01 -7.122991943291e-01 4.403351374353e-01
3.454581819559e-02
-3.916239557406e-01 -7.686052897440e-01 5.058424516267e-01
3.214626077706e-02
-3.417862129445e-01 -8.251449107228e-01 4.497978000716e-01
1.525223866163e-02
-1.362309170136e-01 -8.601281586402e-01 4.915492731800e-01
1.035281564359e-02
-1.153323495383e-01 -8.760361683356e-01 4.682510874711e-01
4.980237441123e-03
1.153323495383e-01 -8.760361683356e-01 4.682510874711e-01
6.430679943927e-03
1.362309170136e-01 -8.601281586402e-01 4.915492731800e-01
5.619168562643e-03
3.417862129445e-01 -8.251449107228e-01 4.497978000716e-01
6.032341275894e-03
3.916239557406e-01 -7.686052897440e-01 5.058424516267e-01
1.097000605409e-02
5.465663953244e-01 -7.122991943291e-01 4.403351374353e-01
6.882584822990e-03
6.080166031672e-01 -6.080166031672e-01 5.105209305662e-01
1.852211192537e-02
7.122991943291e-01 -5.465663953244e-01 4.403351374353e-01
1.514202681055e-02
7.686052897440e-01 -3.916239557406e-01 5.058424516267e-01
2.856480042489e-02
8.251449107228e-01 -3.417862129445e-01 4.497978000716e-01
3.654204540356e-02
8.601281586402e-01 -1.362309170136e-01 4.915492731800e-01
3.675560664784e-02
8.760361683356e-01 -1.153323495383e-01 4.682510874711e-01
9.080849855552e-03
9.514259489692e-01 1.071999587676e-01 2.886119063178e-01
1.106084800228e-02
9.435493257921e-01 1.242206253374e-01 3.070568449620e-01
5.239627421994e-03
9.079183105646e-01 3.176943572541e-01 2.734129417392e-01
7.458256849708e-03
8.754336959030e-01 3.626165098014e-01 3.195701971352e-01
5.551614617191e-03
8.166418539992e-01 5.131300862176e-01 2.641847779778e-01
7.470290008464e-03
7.500752876024e-01 5.755530111934e-01 3.257695416003e-01
6.422862445150e-03
6.825802229792e-01 6.825802229792e-01 2.610909389377e-01
6.983755569820e-03
5.755530111934e-01 7.500752876024e-01 3.257695416003e-01
5.492057964152e-03
5.131300862176e-01 8.166418539992e-01 2.641847779778e-01
6.538948542553e-03
3.626165098014e-01 8.754336959030e-01 3.195701971352e-01
5.800214386842e-03
3.176943572541e-01 9.079183105646e-01 2.734129417392e-01
1.397025462684e-02
1.242206253374e-01 9.435493257921e-01 3.070568449620e-01
1.415273740014e-02
1.071999587676e-01 9.514259489692e-01 2.886119063178e-01
5.075827341882e-02
-1.071999587676e-01 9.514259489692e-01 2.886119063178e-01
5.255003165320e-02
-1.242206253374e-01 9.435493257921e-01 3.070568449620e-01
9.432920626650e-02
-3.176943572541e-01 9.079183105646e-01 2.734129417392e-01
4.861781913474e-02
-3.626165098014e-01 8.754336959030e-01 3.195701971352e-01
3.886710835061e-02
-5.131300862176e-01 8.166418539992e-01 2.641847779778e-01
1.043231129851e-02
-5.755530111934e-01 7.500752876024e-01 3.257695416003e-01
8.215296032000e-03
-6.825802229792e-01 6.825802229792e-01 2.610909389377e-01
4.094274818413e-03
-7.500752876024e-01 5.755530111934e-01 3.257695416003e-01
4.184951841537e-03
-8.166418539992e-01 5.131300862176e-01 2.641847779778e-01
7.702269724815e-03
-8.754336959030e-01 3.626165098014e-01 3.195701971352e-01
6.854813734754e-03
-9.079183105646e-01 3.176943572541e-01 2.734129417392e-01
1.524830164211e-02
-9.435493257921e-01 1.242206253374e-01 3.070568449620e-01
1.225820285867e-02
-9.514259489692e-01 1.071999587676e-01 2.886119063178e-01
1.081879915148e-02
-9.514259489692e-01 -1.071999587676e-01 2.886119063178e-01
1.299907178514e-02
-9.435493257921e-01 -1.242206253374e-01 3.070568449620e-01
1.171545628218e-02
-9.079183105646e-01 -3.176943572541e-01 2.734129417392e-01
1.582151068518e-02
-8.754336959030e-01 -3.626165098014e-01 3.195701971352e-01
4.032426243125e-02
-8.166418539992e-01 -5.131300862176e-01 2.641847779778e-01
5.997509838315e-02
-7.500752876024e-01 -5.755530111934e-01 3.257695416003e-01
1.553693403288e-01
-6.825802229792e-01 -6.825802229792e-01 2.610909389377e-01
1.333039855163e-01
-5.755530111934e-01 -7.500752876024e-01 3.257695416003e-01
1.051480639800e-01
-5.131300862176e-01 -8.166418539992e-01 2.641847779778e-01
2.724808576936e-02
-3.626165098014e-01 -8.754336959030e-01 3.195701971352e-01
1.068756751114e-02
-3.176943572541e-01 -9.079183105646e-01 2.734129417392e-01
1.875511925231e-03
-1.242206253374e-01 -9.435493257921e-01 3.070568449620e-01
1.209984967161e-03
-1.071999587676e-01 -9.514259489692e-01 2.886119063178e-01
7.778941881414e-04
1.071999587676e-01 -9.514259489692e-01 2.886119063178e-01
1.078926897172e-03
1.242206253374e-01 -9.435493257921e-01 3.070568449620e-01
3.379533554939e-03
3.176943572541e-01 -9.079183105646e-01 2.734129417392e-01
6.185854639346e-03
3.626165098014e-01 -8.754336959030e-01 3.195701971352e-01
2.791863639489e-02
5.131300862176e-01 -8.166418539992e-01 2.641847779778e-01
3.418024067632e-02
5.755530111934e-01 -7.500752876024e-01 3.257695416003e-01
8.973909368757e-02
6.825802229792e-01 -6.825802229792e-01 2.610909389377e-01
6.474482643668e-02
7.500752876024e-01 -5.755530111934e-01 3.257695416003e-01
8.606243243272e-02
8.166418539992e-01 -5.131300862176e-01 2.641847779778e-01
5.550106449956e-02
8.754336959030e-01 -3.626165098014e-01 3.195701971352e-01
4.439575278172e-02
9.079183105646e-01 -3.176943572541e-01 2.734129417392e-01
2.683859597571e-02
9.435493257921e-01 -1.242206253374e-01 3.070568449620e-01
2.039814969229e-02
9.514259489692e-01 -1.071999587676e-01 2.886119063178e-01
1.979138159281e-03
9.904383506609e-01 9.754966309535e-02 9.754966309535e-02
2.313183998629e-03
9.875415564011e-01 1.112692104332e-01 1.112692104332e-01
1.787620305518e-03
9.534076362023e-01 2.892130445679e-01 8.584692238504e-02
2.404748869362e-03
9.369320803932e-01 3.278467144100e-01 1.211396243213e-01
3.300102402115e-03
8.792329959207e-01 4.699598274150e-01 7.801986606203e-02
4.654697276186e-03
8.398628335694e-01 5.277207947278e-01 1.270479578768e-01
6.166990285114e-03
7.708853463782e-01 6.326492539332e-01 7.409928634720e-02
6.853163200010e-03
7.011972415210e-01 7.011972415210e-01 1.290149486172e-01
6.047055320270e-03
6.326492539332e-01 7.708853463782e-01 7.409928634720e-02
4.931909839708e-03
5.277207947278e-01 8.398628335694e-01 1.270479578768e-01
3.639994573779e-03
4.699598274150e-01 8.792329959207e-01 7.801986606203e-02
3.968663523486e-03
3.278467144100e-01 9.369320803932e-01 1.211396243213e-01
3.524508673306e-03
2.892130445679e-01 9.534076362023e-01 8.584692238504e-02
1.199179901585e-02
1.112692104332e-01 9.875415564011e-01 1.112692104332e-01
1.173519245769e-02
9.754966309535e-02 9.904383506609e-01 9.754966309535e-02
8.653485384207e-02
-9.754966309535e-02 9.904383506609e-01 9.754966309535e-02
1.097711048865e-01
-1.112692104332e-01 9.875415564011e-01 1.112692104332e-01
3.958845347430e-01
-2.892130445679e-01 9.534076362023e-01 8.584692238504e-02
4.147615989446e-01
-3.278467144100e-01 9.369320803932e-01 1.211396243213e-01
3.576397548326e-01
-4.699598274150e-01 8.792329959207e-01 7.801986606203e-02
1.761879540420e-01
-5.277207947278e-01 8.398628335694e-01 1.270479578768e-01
7.043264963632e-02
-6.326492539332e-01 7.708853463782e-01 7.409928634719e-02
2.137866498213e-02
-7.011972415210e-01 7.011972415210e-01 1.290149486172e-01
1.036299839109e-02
-7.708853463782e-01 6.326492539332e-01 7.409928634720e-02
4.774225359731e-03
-8.398628335694e-01 5.277207947278e-01 1.270479578768e-01
3.457531179432e-03
-8.792329959207e-01 4.699598274150e-01 7.801986606203e-02
3.473202745516e-03
-9.369320803932e-01 3.278467144100e-01 1.211396243213e-01
2.771854746397e-03
-9.534076362023e-01 2.892130445679e-01 8.584692238504e-02
3.478629371778e-03
-9.875415564011e-01 1.112692104332e-01 1.112692104332e-01
2.872030578054e-03
-9.904383506609e-01 9.754966309535e-02 9.754966309535e-02
2.786052156357e-03
-9.904383506609e-01 -9.754966309535e-02 9.754966309535e-02
3.403727395493e-03
-9.875415564011e-01 -1.112692104332e-01 1.112692104332e-01
4.364760313054e-03
-9.534076362023e-01 -2.892130445679e-01 8.584692238504e-02
7.151804782936e-03
-9.369320803932e-01 -3.278467144100e-01 1.211396243213e-01
1.905023397296e-02
-8.792329959207e-01 -4.699598274150e-01 7.801986606203e-02
4.580947018072e-02
-8.398628335694e-01 -5.277207947278e-01 1.270479578768e-01
1.157846859807e-01
-7.708853463782e-01 -6.326492539332e-01 7.409928634720e-02
2.254591493084e-01
-7.011972415210e-01 -7.011972415210e-01 1.290149486172e-01
2.052977059032e-01
-6.326492539332e-01 -7.708853463782e-01 7.409928634719e-02
1.103071097965e-01
-5.277207947278e-01 -8.398628335694e-01 1.270479578768e-01
4.117253325323e-02
-4.699598274150e-01 -8.792329959207e-01 7.801986606203e-02
5.111212899692e-03
-3.278467144100e-01 -9.369320803932e-01 1.211396243213e-01
2.110246447993e-03
-2.892130445679e-01 -9.534076362023e-01 8.584692238503e-02
2.861905871926e-04
-1.112692104332e-01 -9.875415564011e-01 1.112692104332e-01
2.189430395577e-04
-9.754966309535e-02 -9.904383506609e-01 9.754966309535e-02
2.141843495745e-04
9.754966309535e-02 -9.904383506609e-01 9.754966309535e-02
2.704489288904e-04
1.112692104332e-01 -9.875415564011e-01 1.112692104332e-01
1.889675111776e-03
2.892130445679e-01 -9.534076362023e-01 8.584692238504e-02
3.630470055856e-03
3.278467144100e-01 -9.369320803932e-01 1.211396243213e-01
3.296961696267e-02
4.699598274150e-01 -8.792329959207e-01 7.801986606203e-02
6.570561328901e-02
5.277207947278e-01 -8.398628335694e-01 1.270479578768e-01
2.087518706248e-01
6.326492539332e-01 -7.708853463782e-01 7.409928634719e-02
2.394779795474e-01
7.011972415210e-01 -7.011972415210e-01 1.290149486172e-01
2.504184118544e-01
7.708853463782e-01 -6.326492539332e-01 7.409928634719e-02
1.439214110161e-01
8.398628335694e-01 -5.277207947278e-01 1.270479578768e-01
8.608258903961e-02
8.792329959207e-01 -4.699598274150e-01 7.801986606203e-02
3.224665414909e-02
9.369320803932e-01 -3.278467144100e-01 1.211396243213e-01
1.854997492019e-02
9.534076362023e-01 -2.892130445679e-01 8.584692238504e-02
6.257110206692e-03
9.875415564011e-01 -1.112692104332e-01 1.112692104332e-01
4.731844365116e-03
9.904383506609e-01 -9.754966309535e-02 9.754966309535e-02
1.665643605304e-03
9.904383506609e-01 9.754966309535e-02 -9.754966309535e-02
1.958539525184e-03
9.875415564011e-01 1.112692104332e-01 -1.112692104332e-01
2.180273687485e-03
9.534076362023e-01 2.892130445679e-01 -8.584692238504e-02
3.516345643485e-03
9.369320803932e-01 3.278467144100e-01 -1.211396243213e-01
5.286447923905e-03
8.792329959207e-01 4.699598274150e-01 -7.801986606203e-02
1.081544231160e-02
8.398628335694e-01 5.277207947278e-01 -1.270479578768e-01
1.062788070868e-02
7.708853463782e-01 6.326492539332e-01 -7.409928634720e-02
1.596737034420e-02
7.011972415210e-01 7.011972415210e-01 -1.290149486172e-01
9.051453481942e-03
6.326492539332e-01 7.708853463782e-01 -7.409928634720e-02
7.141902456467e-03
5.277207947278e-01 8.398628335694e-01 -1.270479578768e-01
4.056900755557e-03
4.699598274150e-01 8.792329959207e-01 -7.801986606203e-02
3.240537885650e-03
3.278467144100e-01 9.369320803932e-01 -1.211396243213e-01
2.846827342853e-03
2.892130445679e-01 9.534076362023e-01 -8.584692238504e-02
7.773778882137e-03
1.112692104332e-01 9.875415564011e-01 -1.112692104332e-01
7.955143566063e-03
9.754966309535e-02 9.904383506609e-01 -9.754966309535e-02
6.811924730962e-02
-9.754966309535e-02 9.904383506609e-01 -9.754966309535e-02
8.630895842137e-02
-1.112692104332e-01 9.875415564011e-01 -1.112692104332e-01
4.347467037280e-01
-2.892130445679e-01 9.534076362023e-01 -8.584692238504e-02
5.327111119145e-01
-3.278467144100e-01 9.369320803932e-01 -1.211396243213e-01
5.147597521199e-01
-4.699598274150e-01 8.792329959207e-01 -7.801986606203e-02
3.590311113358e-01
-5.277207947278e-01 8.398628335694e-01 -1.270479578768e-01
1.130752553333e-01
-6.326492539332e-01 7.708853463782e-01 -7.409928634719e-02
4.783661592766e-02
-7.011972415210e-01 7.011972415210e-01 -1.290149486172e-01
1.568991091779e-02
-7.708853463782e-01 6.326492539332e-01 -7.409928634720e-02
7.954548164155e-03
-8.398628335694e-01 5.277207947278e-01 -1.270479578768e-01
4.370746943171e-03
-8.792329959207e-01 4.699598274150e-01 -7.801986606203e-02
3.749189039570e-03
-9.369320803932e-01 3.278467144100e-01 -1.211396243213e-01
2.766415481742e-03
-9.534076362023e-01 2.892130445679e-01 -8.584692238504e-02
2.725752233666e-03
-9.875415564011e-01 1.112692104332e-01 -1.112692104332e-01
2.278257530258e-03
-9.904383506609e-01 9.754966309535e-02 -9.754966309535e-02
1.928656921702e-03
-9.904383506609e-01 -9.754966309535e-02 -9.754966309535e-02
2.240270151045e-03
-9.875415564011e-01 -1.112692104332e-01 -1.112692104332e-01
2.961863807930e-03
-9.534076362023e-01 -2.892130445679e-01 -8.584692238504e-02
4.227181601197e-03
-9.369320803932e-01 -3.278467144100e-01 -1.211396243213e-01
1.307211575830e-02
-8.792329959207e-01 -4.699598274150e-01 -7.801986606203e-02
2.606340704051e-02
-8.398628335694e-01 -5.277207947278e-01 -1.270479578768e-01
8.191469530423e-02
-7.708853463782e-01 -6.326492539332e-01 -7.409928634720e-02
1.353195223628e-01
-7.011972415210e-01 -7.011972415210e-01 -1.290149486172e-01
1.554452207593e-01
-6.326492539332e-01 -7.708853463782e-01 -7.409928634719e-02
8.085149811404e-02
-5.277207947278e-01 -8.398628335694e-01 -1.270479578768e-01
3.562805675928e-02
-4.699598274150e-01 -8.792329959207e-01 -7.801986606203e-02
5.276058765181e-03
-3.278467144100e-01 -9.369320803932e-01 -1.211396243213e-01
2.277373091370e-03
-2.892130445679e-01 -9.534076362023e-01 -8.584692238503e-02
4.301317328786e-04
-1.112692104332e-01 -9.875415564011e-01 -1.112692104332e-01
3.209034294132e-04
-9.754966309535e-02 -9.904383506609e-01 -9.754966309535e-02
4.061321019462e-04
9.754966309535e-02 -9.904383506609e-01 -9.754966309535e-02
5.661244652304e-04
1.112692104332e-01 -9.875415564011e-01 -1.112692104332e-01
3.793883178028e-03
2.892130445679e-01 -9.534076362023e-01 -8.584692238504e-02
9.624592949842e-03
3.278467144100e-01 -9.369320803932e-01 -1.211396243213e-01
6.137708684424e-02
4.699598274150e-01 -8.792329959207e-01 -7.801986606203e-02
1.657406607116e-01
5.277207947278e-01 -8.398628335694e-01 -1.270479578768e-01
3.243627675875e-01
6.326492539332e-01 -7.708853463782e-01 -7.409928634719e-02
4.190188825140e-01
7.011972415210e-01 -7.011972415210e-01 -1.290149486172e-01
3.014877482824e-01
7.708853463782e-01 -6.326492539332e-01 -7.409928634719e-02
1.468543303101e-01
8.398628335694e-01 -5.277207947278e-01 -1.270479578768e-01
7.789617111551e-02
8.792329959207e-01 -4.699598274150e-01 -7.801986606203e-02
2.145666714858e-02
9.369320803932e-01 -3.278467144100e-01 -1.211396243213e-01
1.324341189048e-02
9.534076362023e-01 -2.892130445679e-01 -8.584692238504e-02
3.926767413106e-03
9.875415564011e-01 -1.112692104332e-01 -1.112692104332e-01
3.150659351057e-03
9.904383506609e-01 -9.754966309535e-02 -9.754966309535e-02
6.626796143400e-03
9.514259489692e-01 1.071999587676e-01 -2.886119063178e-01
8.688712247810e-03
9.435493257921e-01 1.242206253374e-01 -3.070568449620e-01
1.045376903645e-02
9.079183105646e-01 3.176943572541e-01 -2.734129417392e-01
2.005621617599e-02
8.754336959030e-01 3.626165098014e-01 -3.195701971352e-01
2.397370344118e-02
8.166418539992e-01 5.131300862176e-01 -2.641847779778e-01
4.158294076405e-02
7.500752876024e-01 5.755530111934e-01 -3.257695416003e-01
2.786256210038e-02
6.825802229792e-01 6.825802229792e-01 -2.610909389377e-01
2.403569726330e-02
5.755530111934e-01 7.500752876024e-01 -3.257695416003e-01
1.125327262232e-02
5.131300862176e-01 8.166418539992e-01 -2.641847779778e-01
7.002435665262e-03
3.626165098014e-01 8.754336959030e-01 -3.195701971352e-01
4.663811175984e-03
3.176943572541e-01 9.079183105646e-01 -2.734129417392e-01
8.024407925480e-03
1.242206253374e-01 9.435493257921e-01 -3.070568449620e-01
7.839698089656e-03
1.071999587676e-01 9.514259489692e-01 -2.886119063178e-01
4.583744766526e-02
-1.071999587676e-01 9.514259489692e-01 -2.886119063178e-01
5.475407149298e-02
-1.242206253374e-01 9.435493257921e-01 -3.070568449620e-01
2.130094438791e-01
-3.176943572541e-01 9.079183105646e-01 -2.734129417392e-01
1.795037856462e-01
-3.626165098014e-01 8.754336959030e-01 -3.195701971352e-01
1.770014728190e-01
-5.131300862176e-01 8.166418539992e-01 -2.641847779778e-01
7.560241855680e-02
-5.755530111934e-01 7.500752876024e-01 -3.257695416003e-01
3.925273247498e-02
-6.825802229792e-01 6.825802229792e-01 -2.610909389377e-01
1.891909922144e-02
-7.500752876024e-01 5.755530111934e-01 -3.257695416003e-01
1.144077286900e-02
-8.166418539992e-01 5.131300862176e-01 -2.641847779778e-01
1.273429931625e-02
-8.754336959030e-01 3.626165098014e-01 -3.195701971352e-01
8.661679381959e-03
-9.079183105646e-01 3.176943572541e-01 -2.734129417392e-01
1.148892813797e-02
-9.435493257921e-01 1.242206253374e-01 -3.070568449620e-01
8.739510010213e-03
-9.514259489692e-01 1.071999587676e-01 -2.886119063178e-01
6.079010671326e-03
-9.514259489692e-01 -1.071999587676e-01 -2.886119063178e-01
7.536479028012e-03
-9.435493257921e-01 -1.242206253374e-01 -3.070568449620e-01
6.124690010666e-03
-9.079183105646e-01 -3.176943572541e-01 -2.734129417392e-01
9.596403373524e-03
-8.754336959030e-01 -3.626165098014e-01 -3.195701971352e-01
2.058657800786e-02
-8.166418539992e-01 -5.131300862176e-01 -2.641847779778e-01
3.772532899255e-02
-7.500752876024e-01 -5.755530111934e-01 -3.257695416003e-01
8.317187661990e-02
-6.825802229792e-01 -6.825802229792e-01 -2.610909389377e-01
9.040721867335e-02
-5.755530111934e-01 -7.500752876024e-01 -3.257695416003e-01
7.103280386829e-02
-5.131300862176e-01 -8.166418539992e-01 -2.641847779778e-01
2.679896572945e-02
-3.626165098014e-01 -8.754336959030e-01 -3.195701971352e-01
1.170947095997e-02
-3.176943572541e-01 -9.079183105646e-01 -2.734129417392e-01
3.818815998591e-03
-1.242206253374e-01 -9.435493257921e-01 -3.070568449620e-01
2.600279477320e-03
-1.071999587676e-01 -9.514259489692e-01 -2.886119063178e-01
3.269122606227e-03
1.071999587676e-01 -9.514259489692e-01 -2.886119063178e-01
4.861952552104e-03
1.242206253374e-01 -9.435493257921e-01 -3.070568449620e-01
2.063990971786e-02
3.176943572541e-01 -9.079183105646e-01 -2.734129417392e-01
4.455070461501e-02
3.626165098014e-01 -8.754336959030e-01 -3.195701971352e-01
1.538096368540e-01
5.131300862176e-01 -8.166418539992e-01 -2.641847779778e-01
1.997015954401e-01
5.755530111934e-01 -7.500752876024e-01 -3.257695416003e-01
2.729669429263e-01
6.825802229792e-01 -6.825802229792e-01 -2.610909389377e-01
1.478718991906e-01
7.500752876024e-01 -5.755530111934e-01 -3.257695416003e-01
1.069710573545e-01
8.166418539992e-01 -5.131300862176e-01 -2.641847779778e-01
3.959445286456e-02
8.754336959030e-01 -3.626165098014e-01 -3.195701971352e-01
2.465963453516e-02
9.079183105646e-01 -3.176943572541e-01 -2.734129417392e-01
1.146775821264e-02
9.435493257921e-01 -1.242206253374e-01 -3.070568449620e-01
8.762730718143e-03
9.514259489692e-01 -1.071999587676e-01 -2.886119063178e-01
2.424083742616e-02
8.760361683356e-01 1.153323495383e-01 -4.682510874711e-01
2.883449983227e-02
8.601281586402e-01 1.362309170136e-01 -4.915492731800e-01
3.364558397165e-02
8.251449107228e-01 3.417862129445e-01 -4.497978000716e-01
4.005540828028e-02
7.686052897440e-01 3.916239557406e-01 -5.058424516267e-01
4.456073164686e-02
7.122991943291e-01 5.465663953244e-01 -4.403351374353e-01
3.406674592702e-02
6.080166031672e-01 6.080166031672e-01 -5.105209305662e-01
2.548081564682e-02
5.465663953244e-01 7.122991943291e-01 -4.403351374353e-01
1.431884512004e-02
3.916239557406e-01 7.686052897440e-01 -5.058424516267e-01
9.944254975617e-03
3.417862129445e-01 8.251449107228e-01 -4.497978000716e-01
1.091752154725e-02
1.362309170136e-01 8.601281586402e-01 -4.915492731800e-01
1.024804968352e-02
1.153323495383e-01 8.760361683356e-01 -4.682510874711e-01
2.600146893593e-02
-1.153323495383e-01 8.760361683356e-01 -4.682510874711e-01
2.748521150324e-02
-1.362309170136e-01 8.601281586402e-01 -4.915492731800e-01
5.018197155888e-02
-3.417862129445e-01 8.251449107228e-01 -4.497978000716e-01
2.885782570290e-02
-3.916239557406e-01 7.686052897440e-01 -5.058424516267e-01
2.938845301799e-02
-5.465663953244e-01 7.122991943291e-01 -4.403351374353e-01
1.386708985682e-02
-6.080166031672e-01 6.080166031672e-01 -5.105209305662e-01
1.523674088253e-02
-7.122991943291e-01 5.465663953244e-01 -4.403351374353e-01
1.995066059285e-02
-7.686052897440e-01 3.916239557406e-01 -5.058424516267e-01
2.130962510806e-02
-8.251449107228e-01 3.417862129445e-01 -4.497978000716e-01
4.152096238774e-02
-8.601281586402e-01 1.362309170136e-01 -4.915492731800e-01
3.514764209051e-02
-8.760361683356e-01 1.153323495383e-01 -4.682510874711e-01
2.244824409913e-02
-8.760361683356e-01 -1.153323495383e-01 -4.682510874711e-01
2.507553276148e-02
-8.601281586402e-01 -1.362309170136e-01 -4.915492731800e-01
1.331652632190e-02
-8.251449107228e-01 -3.417862129445e-01 -4.497978000716e-01
1.555889179371e-02
-7.686052897440e-01 -3.916239557406e-01 -5.058424516267e-01
2.542741231565e-02
-7.122991943291e-01 -5.465663953244e-01 -4.403351374353e-01
3.111742181101e-02
-6.080166031672e-01 -6.080166031672e-01 -5.105209305662e-01
5.578823682893e-02
-5.465663953244e-01 -7.122991943291e-01 -4.403351374353e-01
4.650551969087e-02
-3.916239557406e-01 -7.686052897440e-01 -5.058424516267e-01
3.736519211660e-02
-3.417862129445e-01 -8.251449107228e-01 -4.497978000716e-01
2.257238336421e-02
-1.362309170136e-01 -8.601281586402e-01 -4.915492731800e-01
1.710300769422e-02
-1.153323495383e-01 -8.760361683356e-01 -4.682510874711e-01
1.690201262636e-02
1.153323495383e-01 -8.760361683356e-01 -4.682510874711e-01
2.131589574647e-02
1.362309170136e-01 -8.601281586402e-01 -4.915492731800e-01
4.033789145197e-02
3.417862129445e-01 -8.251449107228e-01 -4.497978000716e-01
4.322462442502e-02
3.916239557406e-01 -7.686052897440e-01 -5.058424516267e-01
8.500991759625e-02
5.465663953244e-01 -7.122991943291e-01 -4.403351374353e-01
4.819822250162e-02
6.080166031672e-01 -6.080166031672e-01 -5.105209305662e-01
6.744557358764e-02
7.122991943291e-01 -5.465663953244e-01 -4.403351374353e-01
3.522274718013e-02
7.686052897440e-01 -3.916239557406e-01 -5.058424516267e-01
3.431700130416e-02
8.251449107228e-01 -3.417862129445e-01 -4.497978000716e-01
2.744701884100e-02
8.601281586402e-01 -1.362309170136e-01 -4.915492731800e-01
2.380226699784e-02
8.760361683356e-01 -1.153323495383e-01 -4.682510874711e-01
2.032756802995e-02
7.672811492985e-01 1.215253954032e-01 -6.296913658319e-01
1.772611466616e-02
7.391018449059e-01 1.470164977049e-01 -6.573542517237e-01
2.143638221759e-02
7.068204811699e-01 3.601430233799e-01 -6.088528640891e-01
1.218211538660e-02
6.161513066557e-01 4.116991408334e-01 -6.714621245786e-01
1.775445547547e-02
5.648368665729e-01 5.648368665729e-01 -6.015967323051e-01
9.452630957670e-03
4.116991408334e-01 6.161513066557e-01 -6.714621245786e-01
1.087258027924e-02
3.601430233799e-01 7.068204811699e-01 -6.088528640891e-01
9.939906026487e-03
1.470164977049e-01 7.391018449059e-01 -6.573542517237e-01
1.002556859142e-02
1.215253954032e-01 7.672811492985e-01 -6.296913658319e-01
1.213602632725e-02
-1.215253954032e-01 7.672811492985e-01 -6.296913658319e-01
1.096494812265e-02
-1.470164977049e-01 7.391018449059e-01 -6.573542517237e-01
1.001475632420e-02
-3.601430233799e-01 7.068204811699e-01 -6.088528640891e-01
5.387161548481e-03
-4.116991408334e-01 6.161513066557e-01 -6.714621245786e-01
6.973536515303e-03
-5.648368665729e-01 5.648368665729e-01 -6.015967323051e-01
7.162271782245e-03
-6.161513066557e-01 4.116991408334e-01 -6.714621245786e-01
1.404371101079e-02
-7.068204811699e-01 3.601430233799e-01 -6.088528640891e-01
2.861083619075e-02
-7.391018449059e-01 1.470164977049e-01 -6.573542517237e-01
3.373513083863e-02
-7.672811492985e-01 1.215253954032e-01 -6.296913658319e-01
2.287857642945e-02
-7.672811492985e-01 -1.215253954032e-01 -6.296913658319e-01
1.884905544280e-02
-7.391018449059e-01 -1.470164977049e-01 -6.573542517237e-01
1.087797695115e-02
-7.068204811699e-01 -3.601430233799e-01 -6.088528640891e-01
7.623682114886e-03
-6.161513066557e-01 -4.116991408334e-01 -6.714621245786e-01
1.503909216927e-02
-5.648368665729e-01 -5.648368665729e-01 -6.015967323051e-01
1.375717842323e-02
-4.116991408334e-01 -6.161513066557e-01 -6.714621245786e-01
2.584703241362e-02
-3.601430233799e-01 -7.068204811699e-01 -6.088528640891e-01
2.284296039383e-02
-1.470164977049e-01 -7.391018449059e-01 -6.573542517237e-01
2.369585597567e-02
-1.215253954032e-01 -7.672811492985e-01 -6.296913658319e-01
1.883374260532e-02
1.215253954032e-01 -7.672811492985e-01 -6.296913658319e-01
1.714040870511e-02
1.470164977049e-01 -7.391018449059e-01 -6.573542517237e-01
1.835437609871e-02
3.601430233799e-01 -7.068204811699e-01 -6.088528640891e-01
1.035320094781e-02
4.116991408334e-01 -6.161513066557e-01 -6.714621245786e-01
1.736305469401e-02
5.648368665729e-01 -5.648368665729e-01 -6.015967323051e-01
9.865703787739e-03
6.161513066557e-01 -4.116991408334e-01 -6.714621245786e-01
1.674178364784e-02
7.068204811699e-01 -3.601430233799e-01 -6.088528640891e-01
1.642395561803e-02
7.391018449059e-01 -1.470164977049e-01 -6.573542517237e-01
1.884196042150e-02
7.672811492985e-01 -1.215253954032e-01 -6.296913658319e-01
5.137890894093e-03
6.294019098545e-01 1.251958239224e-01 -7.669284461695e-01
3.725269548335e-03
5.826978829809e-01 1.561334271760e-01 -7.975497038354e-01
4.694037215755e-03
5.540975440982e-01 3.702361422900e-01 -7.455877618138e-01
2.860130140369e-03
4.167473548937e-01 4.167473548937e-01 -8.078634070053e-01
4.719929154293e-03
3.702361422900e-01 5.540975440982e-01 -7.455877618138e-01
5.018383461501e-03
1.561334271760e-01 5.826978829809e-01 -7.975497038354e-01
5.754259060443e-03
1.251958239224e-01 6.294019098545e-01 -7.669284461695e-01
5.163944998943e-03
-1.251958239224e-01 6.294019098545e-01 -7.669284461695e-01
4.326250640113e-03
-1.561334271760e-01 5.826978829809e-01 -7.975497038354e-01
2.952974898013e-03
-3.702361422900e-01 5.540975440982e-01 -7.455877618138e-01
2.344525627350e-03
-4.167473548937e-01 4.167473548937e-01 -8.078634070053e-01
3.818764175077e-03
-5.540975440982e-01 3.702361422900e-01 -7.455877618138e-01
5.644306869180e-03
-5.826978829809e-01 1.561334271760e-01 -7.975497038354e-01
8.321171943152e-03
-6.294019098545e-01 1.251958239224e-01 -7.669284461695e-01
6.203545198404e-03
-6.294019098545e-01 -1.251958239224e-01 -7.669284461695e-01
4.105516399624e-03
-5.826978829809e-01 -1.561334271760e-01 -7.975497038354e-01
3.600705184111e-03
-5.540975440982e-01 -3.702361422900e-01 -7.455877618138e-01
2.466325109450e-03
-4.167473548937e-01 -4.167473548937e-01 -8.078634070053e-01
5.574746233013e-03
-3.702361422900e-01 -5.540975440982e-01 -7.455877618138e-01
5.962135095474e-03
-1.561334271760e-01 -5.826978829809e-01 -7.975497038354e-01
8.118158696163e-03
-1.251958239224e-01 -6.294019098545e-01 -7.669284461695e-01
6.625002106441e-03
1.251958239224e-01 -6.294019098545e-01 -7.669284461695e-01
4.987883234178e-03
1.561334271760e-01 -5.826978829809e-01 -7.975497038354e-01
4.484473811779e-03
3.702361422900e-01 -5.540975440982e-01 -7.455877618138e-01
2.766992007537e-03
4.167473548937e-01 -4.167473548937e-01 -8.078634070053e-01
4.326083259260e-03
5.540975440982e-01 -3.702361422900e-01 -7.455877618138e-01
4.058876173737e-03
5.826978829809e-01 -1.561334271760e-01 -7.975497038354e-01
5.364399591697e-03
6.294019098545e-01 -1.251958239224e-01 -7.669284461695e-01
1.603186808821e-03
4.676807377994e-01 1.253146760089e-01 -8.749691191512e-01
1.551686483677e-03
3.919257715109e-01 1.623409700034e-01 -9.055603784861e-01
1.687332555614e-03
3.639082454411e-01 3.639082454411e-01 -8.574039758480e-01
2.564247511532e-03
1.623409700034e-01 3.919257715109e-01 -9.055603784861e-01
2.875867839147e-03
1.253146760089e-01 4.676807377994e-01 -8.749691191512e-01
2.725134018586e-03
-1.253146760089e-01 4.676807377994e-01 -8.749691191512e-01
2.543976216165e-03
-1.623409700034e-01 3.919257715109e-01 -9.055603784861e-01
1.663937066076e-03
-3.639082454411e-01 3.639082454411e-01 -8.574039758480e-01
1.853758562058e-03
-3.919257715109e-01 1.623409700034e-01 -9.055603784861e-01
2.082540622545e-03
-4.676807377994e-01 1.253146760089e-01 -8.749691191512e-01
1.590452118434e-03
-4.676807377994e-01 -1.253146760089e-01 -8.749691191512e-01
1.326435378595e-03
-3.919257715109e-01 -1.623409700034e-01 -9.055603784861e-01
1.363225481956e-03
-3.639082454411e-01 -3.639082454411e-01 -8.574039758480e-01
1.808398707167e-03
-1.623409700034e-01 -3.919257715109e-01 -9.055603784861e-01
2.284786596105e-03
-1.253146760089e-01 -4.676807377994e-01 -8.749691191512e-01
2.339194048751e-03
1.253146760089e-01 -4.676807377994e-01 -8.749691191512e-01
2.100324946177e-03
1.623409700034e-01 -3.919257715109e-01 -9.055603784861e-01
1.721808108558e-03
3.639082454411e-01 -3.639082454411e-01 -8.574039758480e-01
1.777273138102e-03
3.919257715109e-01 -1.623409700034e-01 -9.055603784861e-01
1.824934690785e-03
4.676807377994e-01 -1.253146760089e-01 -8.749691191512e-01
1.361465307201e-03
2.882087470797e-01 1.193799718350e-01 -9.500969110735e-01
2.278926487586e-03
1.601449967080e-01 1.601449967080e-01 -9.740159957921e-01
1.975866217853e-03
1.193799718350e-01 2.882087470797e-01 -9.500969110735e-01
2.030893380294e-03
-1.193799718350e-01 2.882087470797e-01 -9.500969110735e-01
2.281756360660e-03
-1.601449967080e-01 1.601449967080e-01 -9.740159957921e-01
1.399198950552e-03
-2.882087470797e-01 1.193799718350e-01 -9.500969110735e-01
1.051278716065e-03
-2.882087470797e-01 -1.193799718350e-01 -9.500969110735e-01
1.604129471460e-03
-1.601449967080e-01 -1.601449967080e-01 -9.740159957921e-01
1.292849765881e-03
-1.193799718350e-01 -2.882087470797e-01 -9.500969110735e-01
1.580480942387e-03
1.193799718350e-01 -2.882087470797e-01 -9.500969110735e-01
2.099143863957e-03
1.601449967080e-01 -1.601449967080e-01 -9.740159957921e-01
1.438334782816e-03
2.882087470797e-01 -1.193799718350e-01 -9.500969110735e-01
1.405617566796e-03
9.754966309535e-02 9.754966309535e-02 -9.904383506609e-01
1.351292636605e-03
-9.754966309535e-02 9.754966309535e-02 -9.904383506609e-01
1.091311649204e-03
-9.754966309535e-02 -9.754966309535e-02 -9.904383506609e-01
1.276134008844e-03
9.754966309535e-02 -9.754966309535e-02 -9.904383506609e-01
3.449497456840e-01
7.400078874996e-01 -5.297699703452e-01 -4.144057250556e-01
